###############################################################################
#
# IAR ELF Linker V8.30.1.114/W32 for ARM                  10/Jan/2020  17:26:41
# Copyright 2007-2018 IAR Systems AB.
#
#    Output file  =  
#        C:\03-githubFiles\HC32F072_FreeRTOS\HC32F072_FreeRTOS\Debug\Exe\HC32F072_FreeRTOS.out
#    Map file     =  
#        C:\03-githubFiles\HC32F072_FreeRTOS\HC32F072_FreeRTOS\Debug\List\HC32F072_FreeRTOS.map
#    Command line =  
#        -f C:\Users\User\AppData\Local\Temp\EWE2C1.tmp
#        (C:\03-githubFiles\HC32F072_FreeRTOS\HC32F072_FreeRTOS\Debug\Obj\adc.o
#        C:\03-githubFiles\HC32F072_FreeRTOS\HC32F072_FreeRTOS\Debug\Obj\adt.o
#        C:\03-githubFiles\HC32F072_FreeRTOS\HC32F072_FreeRTOS\Debug\Obj\aes.o
#        C:\03-githubFiles\HC32F072_FreeRTOS\HC32F072_FreeRTOS\Debug\Obj\app_task.o
#        C:\03-githubFiles\HC32F072_FreeRTOS\HC32F072_FreeRTOS\Debug\Obj\bgr.o
#        C:\03-githubFiles\HC32F072_FreeRTOS\HC32F072_FreeRTOS\Debug\Obj\bt.o
#        C:\03-githubFiles\HC32F072_FreeRTOS\HC32F072_FreeRTOS\Debug\Obj\can.o
#        C:\03-githubFiles\HC32F072_FreeRTOS\HC32F072_FreeRTOS\Debug\Obj\cmsis_os.o
#        C:\03-githubFiles\HC32F072_FreeRTOS\HC32F072_FreeRTOS\Debug\Obj\crc.o
#        C:\03-githubFiles\HC32F072_FreeRTOS\HC32F072_FreeRTOS\Debug\Obj\croutine.o
#        C:\03-githubFiles\HC32F072_FreeRTOS\HC32F072_FreeRTOS\Debug\Obj\dac.o
#        C:\03-githubFiles\HC32F072_FreeRTOS\HC32F072_FreeRTOS\Debug\Obj\ddl.o
#        C:\03-githubFiles\HC32F072_FreeRTOS\HC32F072_FreeRTOS\Debug\Obj\debug.o
#        C:\03-githubFiles\HC32F072_FreeRTOS\HC32F072_FreeRTOS\Debug\Obj\dmac.o
#        C:\03-githubFiles\HC32F072_FreeRTOS\HC32F072_FreeRTOS\Debug\Obj\event_groups.o
#        C:\03-githubFiles\HC32F072_FreeRTOS\HC32F072_FreeRTOS\Debug\Obj\flash.o
#        C:\03-githubFiles\HC32F072_FreeRTOS\HC32F072_FreeRTOS\Debug\Obj\gpio.o
#        C:\03-githubFiles\HC32F072_FreeRTOS\HC32F072_FreeRTOS\Debug\Obj\hd_adc.o
#        C:\03-githubFiles\HC32F072_FreeRTOS\HC32F072_FreeRTOS\Debug\Obj\hd_can.o
#        C:\03-githubFiles\HC32F072_FreeRTOS\HC32F072_FreeRTOS\Debug\Obj\hd_gpio.o
#        C:\03-githubFiles\HC32F072_FreeRTOS\HC32F072_FreeRTOS\Debug\Obj\hd_gpt_timer.o
#        C:\03-githubFiles\HC32F072_FreeRTOS\HC32F072_FreeRTOS\Debug\Obj\hd_pca.o
#        C:\03-githubFiles\HC32F072_FreeRTOS\HC32F072_FreeRTOS\Debug\Obj\hd_uart1.o
#        C:\03-githubFiles\HC32F072_FreeRTOS\HC32F072_FreeRTOS\Debug\Obj\hdiv.o
#        C:\03-githubFiles\HC32F072_FreeRTOS\HC32F072_FreeRTOS\Debug\Obj\heap_4.o
#        C:\03-githubFiles\HC32F072_FreeRTOS\HC32F072_FreeRTOS\Debug\Obj\i2c.o
#        C:\03-githubFiles\HC32F072_FreeRTOS\HC32F072_FreeRTOS\Debug\Obj\i2s.o
#        C:\03-githubFiles\HC32F072_FreeRTOS\HC32F072_FreeRTOS\Debug\Obj\interrupts_hc32f072.o
#        C:\03-githubFiles\HC32F072_FreeRTOS\HC32F072_FreeRTOS\Debug\Obj\list.o
#        C:\03-githubFiles\HC32F072_FreeRTOS\HC32F072_FreeRTOS\Debug\Obj\lpm.o
#        C:\03-githubFiles\HC32F072_FreeRTOS\HC32F072_FreeRTOS\Debug\Obj\lpuart.o
#        C:\03-githubFiles\HC32F072_FreeRTOS\HC32F072_FreeRTOS\Debug\Obj\lvd.o
#        C:\03-githubFiles\HC32F072_FreeRTOS\HC32F072_FreeRTOS\Debug\Obj\main.o
#        C:\03-githubFiles\HC32F072_FreeRTOS\HC32F072_FreeRTOS\Debug\Obj\opa.o
#        C:\03-githubFiles\HC32F072_FreeRTOS\HC32F072_FreeRTOS\Debug\Obj\pca.o
#        C:\03-githubFiles\HC32F072_FreeRTOS\HC32F072_FreeRTOS\Debug\Obj\port.o
#        C:\03-githubFiles\HC32F072_FreeRTOS\HC32F072_FreeRTOS\Debug\Obj\portasm.o
#        C:\03-githubFiles\HC32F072_FreeRTOS\HC32F072_FreeRTOS\Debug\Obj\queue.o
#        C:\03-githubFiles\HC32F072_FreeRTOS\HC32F072_FreeRTOS\Debug\Obj\ram.o
#        C:\03-githubFiles\HC32F072_FreeRTOS\HC32F072_FreeRTOS\Debug\Obj\reset.o
#        C:\03-githubFiles\HC32F072_FreeRTOS\HC32F072_FreeRTOS\Debug\Obj\spi.o
#        C:\03-githubFiles\HC32F072_FreeRTOS\HC32F072_FreeRTOS\Debug\Obj\startup_hc32f072.o
#        C:\03-githubFiles\HC32F072_FreeRTOS\HC32F072_FreeRTOS\Debug\Obj\sysctrl.o
#        C:\03-githubFiles\HC32F072_FreeRTOS\HC32F072_FreeRTOS\Debug\Obj\system_hc32f072.o
#        C:\03-githubFiles\HC32F072_FreeRTOS\HC32F072_FreeRTOS\Debug\Obj\tasks.o
#        C:\03-githubFiles\HC32F072_FreeRTOS\HC32F072_FreeRTOS\Debug\Obj\timer3.o
#        C:\03-githubFiles\HC32F072_FreeRTOS\HC32F072_FreeRTOS\Debug\Obj\timers.o
#        C:\03-githubFiles\HC32F072_FreeRTOS\HC32F072_FreeRTOS\Debug\Obj\trim.o
#        C:\03-githubFiles\HC32F072_FreeRTOS\HC32F072_FreeRTOS\Debug\Obj\trng.o
#        C:\03-githubFiles\HC32F072_FreeRTOS\HC32F072_FreeRTOS\Debug\Obj\uart.o
#        C:\03-githubFiles\HC32F072_FreeRTOS\HC32F072_FreeRTOS\Debug\Obj\vc.o
#        C:\03-githubFiles\HC32F072_FreeRTOS\HC32F072_FreeRTOS\Debug\Obj\wdt.o
#        --redirect _Printf=_PrintfFullNoMb --redirect _Scanf=_ScanfFullNoMb
#        --no_out_extension -o
#        C:\03-githubFiles\HC32F072_FreeRTOS\HC32F072_FreeRTOS\Debug\Exe\HC32F072_FreeRTOS.out
#        --map
#        C:\03-githubFiles\HC32F072_FreeRTOS\HC32F072_FreeRTOS\Debug\List\HC32F072_FreeRTOS.map
#        --config
#        C:\03-githubFiles\HC32F072_FreeRTOS\HC32F072_FreeRTOS\mcu\EWARM\config\hc32f072.icf
#        --semihosting --entry __iar_program_start --vfe --text_out locale)
#
###############################################################################

*******************************************************************************
*** RUNTIME MODEL ATTRIBUTES
***

CppFlavor       = *
__SystemLibrary = DLib
__dlib_version  = 6


*******************************************************************************
*** HEAP SELECTION
***

The basic heap was selected because no calls to memory allocation
functions were found in the application outside of system library
functions, and there are calls to deallocation functions in the
application.


*******************************************************************************
*** PLACEMENT SUMMARY
***

"A0":  place at 0x0 { ro section .intvec };
"P1":  place in [from 0x0 to 0x1'ffff] { ro };
define block CSTACK with size = 512, alignment = 8 { };
define block HEAP with size = 512, alignment = 8 { };
"P2":  place in [from 0x2000'0000 to 0x2000'3fff] {
          rw, block CSTACK, block HEAP };
initialize by copy { rw };

  Section            Kind         Address    Size  Object
  -------            ----         -------    ----  ------
"A0":                                        0xc0
  .intvec            ro code          0x0    0xc0  startup_hc32f072.o [1]
                                   - 0xc0    0xc0

"P1":                                      0x18e0
  .text              ro code         0xc0   0x5f8  sysctrl.o [1]
  .text              ro code        0x6b8    0x18  system_hc32f072.o [1]
  .text              ro code        0x6d0    0x34  ABImemcpy.o [3]
  .text              ro code        0x704    0x32  ABImemset.o [3]
  .text              ro code        0x736     0x2  startup_hc32f072.o [1]
  .text              ro code        0x738    0x2c  ddl.o [1]
  .text              ro code        0x764   0x5c0  tasks.o [1]
  .text              ro code        0xd24   0x20c  heap_4.o [1]
  .text              ro code        0xf30    0x9a  list.o [1]
  .text              ro code        0xfca     0x2  startup_hc32f072.o [1]
  .text              ro code        0xfcc    0xfc  port.o [1]
  CODE               ro code       0x10c8    0x7c  portasm.o [1]
  .text              ro code       0x1144    0xae  I32DivModFast.o [3]
  .text              ro code       0x11f4     0x2  IntDivZer.o [3]
  .text              ro code       0x11f8   0x168  main.o [1]
  .text              ro code       0x1360    0x3c  flash.o [1]
  .text              ro code       0x139c    0x6c  app_task.o [1]
  .text              ro code       0x1408    0x82  hd_gpio.o [1]
  .text              ro code       0x148c   0x148  gpio.o [1]
  .text              ro code       0x15d4   0x11e  interrupts_hc32f072.o [1]
  .text              ro code       0x16f4    0x44  hd_gpt_timer.o [1]
  .text              ro code       0x1738    0x40  hd_uart1.o [1]
  .text              ro code       0x1778    0x20  hd_adc.o [1]
  .text              ro code       0x1798    0x2c  timer3.o [1]
  .text              ro code       0x17c4    0x44  adc.o [1]
  .text              ro code       0x1808    0x26  uart.o [1]
  .text              ro code       0x182e    0x3c  zero_init3.o [3]
  .text              ro code       0x186a    0x30  copy_init3.o [3]
  .text              ro code       0x189c    0x28  startup_hc32f072.o [1]
  .text              ro code       0x18c4    0x28  data_init.o [3]
  .iar.init_table    const         0x18ec    0x24  - Linker created -
  .text              ro code       0x1910    0x1e  cmain.o [3]
  .text              ro code       0x192e     0x4  low_level_init.o [2]
  .text              ro code       0x1932     0x8  exit.o [2]
  .text              ro code       0x193c     0xa  cexit.o [3]
  .text              ro code       0x1948    0x14  exit.o [4]
  .rodata            const         0x195c    0x14  sysctrl.o [1]
  .rodata            const         0x1970     0xc  app_task.o [1]
  .text              ro code       0x197c     0xc  cstartup_M.o [3]
  .rodata            const         0x1988     0x8  tasks.o [1]
  Initializer bytes  const         0x1990     0x8  <for P2-1>
  .rodata            const         0x1998     0x4  heap_4.o [1]
  .rodata            const         0x199c     0x4  sysctrl.o [1]
  .rodata            const         0x19a0     0x0  zero_init3.o [3]
  .rodata            const         0x19a0     0x0  copy_init3.o [3]
                                 - 0x19a0  0x18e0

"P2", part 1 of 3:                            0x8
  P2-1                        0x2000'0000     0x8  <Init block>
    .data            inited   0x2000'0000     0x4  port.o [1]
    .data            inited   0x2000'0004     0x4  system_hc32f072.o [1]
                            - 0x2000'0008     0x8

"P2", part 2 of 3:                          0xd50
  .bss               zero     0x2000'0008   0xc00  heap_4.o [1]
  .bss               zero     0x2000'0c08    0x8c  tasks.o [1]
  .bss               zero     0x2000'0c94    0x14  tasks.o [1]
  .bss               zero     0x2000'0ca8    0x14  tasks.o [1]
  .bss               zero     0x2000'0cbc    0x14  tasks.o [1]
  .bss               zero     0x2000'0cd0    0x14  tasks.o [1]
  .bss               zero     0x2000'0ce4    0x14  tasks.o [1]
  .bss               zero     0x2000'0cf8     0x8  heap_4.o [1]
  .bss               zero     0x2000'0d00     0x4  app_task.o [1]
  .bss               zero     0x2000'0d04     0x4  heap_4.o [1]
  .bss               zero     0x2000'0d08     0x4  heap_4.o [1]
  .bss               zero     0x2000'0d0c     0x4  heap_4.o [1]
  .bss               zero     0x2000'0d10     0x4  heap_4.o [1]
  .bss               zero     0x2000'0d14     0x4  main.o [1]
  .bss               zero     0x2000'0d18     0x4  tasks.o [1]
  .bss               zero     0x2000'0d1c     0x4  tasks.o [1]
  .bss               zero     0x2000'0d20     0x4  tasks.o [1]
  .bss               zero     0x2000'0d24     0x4  tasks.o [1]
  .bss               zero     0x2000'0d28     0x4  tasks.o [1]
  .bss               zero     0x2000'0d2c     0x4  tasks.o [1]
  .bss               zero     0x2000'0d30     0x4  tasks.o [1]
  .bss               zero     0x2000'0d34     0x4  tasks.o [1]
  .bss               zero     0x2000'0d38     0x4  tasks.o [1]
  .bss               zero     0x2000'0d3c     0x4  tasks.o [1]
  .bss               zero     0x2000'0d40     0x4  tasks.o [1]
  .bss               zero     0x2000'0d44     0x4  tasks.o [1]
  .bss               zero     0x2000'0d48     0x4  tasks.o [1]
  .bss               zero     0x2000'0d4c     0x4  tasks.o [1]
  .bss               zero     0x2000'0d50     0x4  tasks.o [1]
  .bss               zero     0x2000'0d54     0x2  hd_adc.o [1]
  .bss               zero     0x2000'0d56     0x1  hd_gpt_timer.o [1]
  .bss               zero     0x2000'0d57     0x1  hd_uart1.o [1]
                            - 0x2000'0d58   0xd50

"P2", part 3 of 3:                          0x200
  CSTACK                      0x2000'0d58   0x200  <Block>
    CSTACK           uninit   0x2000'0d58   0x200  <Block tail>
                            - 0x2000'0f58   0x200

Unused ranges:

         From           To      Size
         ----           --      ----
       0x19a0     0x1'ffff  0x1'e660
  0x2000'0f58  0x2000'3fff    0x30a8


*******************************************************************************
*** INIT TABLE
***

          Address      Size
          -------      ----
Zero (__iar_zero_init3)
    1 destination range, total size 0xd50:
          0x2000'0008  0xd50

Copy (__iar_copy_init3)
    1 source range, total size 0x8:
               0x1990    0x8
    1 destination range, total size 0x8:
          0x2000'0000    0x8



*******************************************************************************
*** MODULE SUMMARY
***

    Module                 ro code  ro data  rw data
    ------                 -------  -------  -------
command line/config:
    ------------------------------------------------
    Total:

C:\03-githubFiles\HC32F072_FreeRTOS\HC32F072_FreeRTOS\Debug\Obj: [1]
    adc.o                       68
    app_task.o                 108       12        4
    ddl.o                       44
    flash.o                     60
    gpio.o                     328
    hd_adc.o                    32                 2
    hd_gpio.o                  130
    hd_gpt_timer.o              68                 1
    hd_uart1.o                  64                 1
    heap_4.o                   524        4    3 096
    interrupts_hc32f072.o      286
    list.o                     154
    main.o                     360                 4
    port.o                     252        4        4
    portasm.o                  124
    startup_hc32f072.o         236
    sysctrl.o                1 528       24
    system_hc32f072.o           24        4        4
    tasks.o                  1 472        8      300
    timer3.o                    44
    uart.o                      38
    ------------------------------------------------
    Total:                   5 944       56    3 416

dl6M_tlf.a: [2]
    exit.o                       8
    low_level_init.o             4
    ------------------------------------------------
    Total:                      12

rt6M_tl.a: [3]
    ABImemcpy.o                 52
    ABImemset.o                 50
    I32DivModFast.o            174
    IntDivZer.o                  2
    cexit.o                     10
    cmain.o                     30
    copy_init3.o                48
    cstartup_M.o                12
    data_init.o                 40
    zero_init3.o                60
    ------------------------------------------------
    Total:                     478

shb_l.a: [4]
    exit.o                      20
    ------------------------------------------------
    Total:                      20

    Gaps                        14
    Linker created                       36      512
----------------------------------------------------
    Grand Total:             6 468       92    3 928


*******************************************************************************
*** ENTRY LIST
***

Entry                       Address   Size  Type      Object
-----                       -------   ----  ----      ------
.iar.init_table$$Base        0x18ec          --   Gb  - Linker created -
.iar.init_table$$Limit       0x1910          --   Gb  - Linker created -
?main                        0x1911         Code  Gb  cmain.o [3]
ADC_DAC_IRQHandler           0x16ab    0xc  Code  Gb  interrupts_hc32f072.o [1]
Adc_ClrIrqStatus             0x17db    0xc  Code  Gb  adc.o [1]
Adc_GetIrqStatus             0x17c5   0x16  Code  Gb  adc.o [1]
Adc_GetSglResult             0x17fd    0x6  Code  Gb  adc.o [1]
Adc_IRQHandler               0x1779   0x1c  Code  Gb  hd_adc.o [1]
Adc_SGL_Start                0x17e7    0x8  Code  Gb  adc.o [1]
Adc_result              0x2000'0d54    0x2  Data  Gb  hd_adc.o [1]
CAN_IRQHandler               0x16d3    0x8  Code  Gb  interrupts_hc32f072.o [1]
CLKTRIM_CTS_IRQHandler       0x16e7    0xc  Code  Gb  interrupts_hc32f072.o [1]
CSTACK$$Base            0x2000'0d58          --   Gb  - Linker created -
CSTACK$$Limit           0x2000'0f58          --   Gb  - Linker created -
DMAC_IRQHandler              0x160b    0x8  Code  Gb  interrupts_hc32f072.o [1]
FLASH_RAM_IRQHandler         0x16db    0xc  Code  Gb  interrupts_hc32f072.o [1]
Flash_WaitCycle              0x1361   0x2a  Code  Gb  flash.o [1]
GetBit                        0x759    0xc  Code  Gb  ddl.o [1]
Gpio_ClrIO                   0x1541   0x14  Code  Gb  gpio.o [1]
Gpio_Init                    0x148d   0xa0  Code  Gb  gpio.o [1]
Gpio_SetAfMode               0x1555   0x14  Code  Gb  gpio.o [1]
Gpio_SetIO                   0x152d   0x14  Code  Gb  gpio.o [1]
Gpio_SfHClkOutputConfig
                             0x1569   0x32  Code  Gb  gpio.o [1]
HardFault_Handler            0x15d5    0xe  Code  Gb  interrupts_hc32f072.o [1]
Hd_Test_Task            0x2000'0d00    0x4  Data  Gb  app_task.o [1]
I2C0_IRQHandler              0x165b    0x8  Code  Gb  interrupts_hc32f072.o [1]
I2C1_IRQHandler              0x1663    0x8  Code  Gb  interrupts_hc32f072.o [1]
LPUART0_IRQHandler           0x1633    0x8  Code  Gb  interrupts_hc32f072.o [1]
LPUART1_IRQHandler           0x163b    0x8  Code  Gb  interrupts_hc32f072.o [1]
PCA_IRQHandler               0x169b    0x8  Code  Gb  interrupts_hc32f072.o [1]
PORTA_IRQHandler             0x15e3    0x8  Code  Gb  interrupts_hc32f072.o [1]
PORTB_IRQHandler             0x15eb    0x8  Code  Gb  interrupts_hc32f072.o [1]
PORTC_E_IRQHandler           0x15f3    0xc  Code  Gb  interrupts_hc32f072.o [1]
PORTD_F_IRQHandler           0x15ff    0xc  Code  Gb  interrupts_hc32f072.o [1]
PendSV_Handler               0x10cf         Code  Gb  portasm.o [1]
Port_init                    0x1409   0x82  Code  Gb  hd_gpio.o [1]
Region$$Table$$Base          0x18ec          --   Gb  - Linker created -
Region$$Table$$Limit         0x1910          --   Gb  - Linker created -
SPI0_I2S0_IRQHandler         0x1643    0xc  Code  Gb  interrupts_hc32f072.o [1]
SPI1_I2S1_IRQHandler         0x164f    0xc  Code  Gb  interrupts_hc32f072.o [1]
SVC_Handler                  0x110d         Code  Gb  portasm.o [1]
SetBit                        0x739   0x20  Code  Gb  ddl.o [1]
SysTick_Config               0x129b   0x30  Code  Lc  main.o [1]
SysTick_Handler              0x106f   0x20  Code  Gb  port.o [1]
Sysctrl_ClkInit               0x459   0x6c  Code  Gb  sysctrl.o [1]
Sysctrl_ClkSourceEnable
                               0xcd  0x12c  Code  Gb  sysctrl.o [1]
Sysctrl_GetHClkFreq           0x319  0x138  Code  Gb  sysctrl.o [1]
Sysctrl_SetHCLKDiv            0x611   0x22  Code  Gb  sysctrl.o [1]
Sysctrl_SetPCLKDiv            0x633   0x22  Code  Gb  sysctrl.o [1]
Sysctrl_SetPLLFreq            0x511   0xde  Code  Gb  sysctrl.o [1]
Sysctrl_SetPLLStableTime
                              0x2a9   0x22  Code  Gb  sysctrl.o [1]
Sysctrl_SetPeripheralGate
                              0x659   0x28  Code  Gb  sysctrl.o [1]
Sysctrl_SetRCHTrim            0x4c5   0x1e  Code  Gb  sysctrl.o [1]
Sysctrl_SetRCLStableTime
                              0x267   0x22  Code  Gb  sysctrl.o [1]
Sysctrl_SetRCLTrim            0x5ef   0x1e  Code  Gb  sysctrl.o [1]
Sysctrl_SetXTHStableTime
                              0x247   0x20  Code  Gb  sysctrl.o [1]
Sysctrl_SetXTLStableTime
                              0x289   0x20  Code  Gb  sysctrl.o [1]
Sysctrl_SysClkSwitch          0x2cb   0x28  Code  Gb  sysctrl.o [1]
Sysctrl_XTHDriverConfig
                              0x1f9   0x1e  Code  Gb  sysctrl.o [1]
Sysctrl_XTLDriverConfig
                              0x217   0x30  Code  Gb  sysctrl.o [1]
SystemCoreClock         0x2000'0004    0x4  Data  Gb  system_hc32f072.o [1]
SystemCoreClockUpdate         0x6b9    0xc  Code  Gb  system_hc32f072.o [1]
SystemInit                    0x6c9    0x8  Code  Gb  system_hc32f072.o [1]
TIM0_IRQHandler              0x166b    0x8  Code  Gb  interrupts_hc32f072.o [1]
TIM1_IRQHandler              0x1673    0x8  Code  Gb  interrupts_hc32f072.o [1]
TIM2_IRQHandler              0x167b    0x8  Code  Gb  interrupts_hc32f072.o [1]
TIM3_IRQHandler              0x1613    0x8  Code  Gb  interrupts_hc32f072.o [1]
TIM4_IRQHandler              0x1683    0x8  Code  Gb  interrupts_hc32f072.o [1]
TIM5_IRQHandler              0x168b    0x8  Code  Gb  interrupts_hc32f072.o [1]
TIM6_IRQHandler              0x1693    0x8  Code  Gb  interrupts_hc32f072.o [1]
Task_Test                    0x139d   0x44  Code  Gb  app_task.o [1]
Tim3_ClearIntFlag            0x17ab   0x12  Code  Gb  timer3.o [1]
Tim3_GetIntFlag              0x1799   0x12  Code  Gb  timer3.o [1]
Tim3_IRQHandler              0x16f5   0x40  Code  Gb  hd_gpt_timer.o [1]
Tim3_IRQHandler::i      0x2000'0d56    0x1  Data  Lc  hd_gpt_timer.o [1]
UART0_2_IRQHandler           0x161b    0xc  Code  Gb  interrupts_hc32f072.o [1]
UART1_3_IRQHandler           0x1627    0xc  Code  Gb  interrupts_hc32f072.o [1]
USBFS_IRQHandler             0x16cb    0x8  Code  Gb  interrupts_hc32f072.o [1]
Uart1_IRQHandler             0x1739   0x38  Code  Gb  hd_uart1.o [1]
Uart_ClrStatus               0x1819   0x10  Code  Gb  uart.o [1]
Uart_GetStatus               0x1809   0x10  Code  Gb  uart.o [1]
Uart_ReceiveData             0x1829    0x6  Code  Gb  uart.o [1]
VC0_1_2_LVD_IRQHandler       0x16b7   0x14  Code  Gb  interrupts_hc32f072.o [1]
WDT_IRQHandler               0x16a3    0x8  Code  Gb  interrupts_hc32f072.o [1]
_SysctrlUnlock                 0xc1    0xc  Code  Lc  sysctrl.o [1]
__NVIC_EnableIRQ             0x11f9   0x18  Code  Lc  main.o [1]
__NVIC_SetPriority           0x1211   0x8a  Code  Lc  main.o [1]
__aeabi_idiv0                0x11f5         Code  Gb  IntDivZer.o [3]
__aeabi_memclr4               0x705         Code  Gb  ABImemset.o [3]
__aeabi_memclr8               0x705         Code  Gb  ABImemset.o [3]
__aeabi_memcpy4               0x6d1         Code  Wk  ABImemcpy.o [3]
__aeabi_uidiv                0x1145         Code  Gb  I32DivModFast.o [3]
__aeabi_uidivmod             0x1145         Code  Gb  I32DivModFast.o [3]
__cmain                      0x1911         Code  Gb  cmain.o [3]
__exit                       0x1949   0x14  Code  Gb  exit.o [4]
__iar_Memset4_word            0x709         Code  Gb  ABImemset.o [3]
__iar_copy_init3             0x186b   0x30  Code  Gb  copy_init3.o [3]
__iar_data_init3             0x18c5   0x28  Code  Gb  data_init.o [3]
__iar_program_start          0x197d         Code  Gb  cstartup_M.o [3]
__iar_zero_init3             0x182f   0x3c  Code  Gb  zero_init3.o [3]
__low_level_init             0x192f    0x4  Code  Gb  low_level_init.o [2]
__vector_table                  0x0         Data  Gb  startup_hc32f072.o [1]
_call_main                   0x191d         Code  Gb  cmain.o [3]
_exit                        0x193d         Code  Gb  cexit.o [3]
_main                        0x192b         Code  Gb  cmain.o [3]
clk_data                0x2000'0d14    0x4  Data  Gb  main.o [1]
exit                         0x1933    0x8  Code  Gb  exit.o [2]
main                         0x12cb   0x78  Code  Gb  main.o [1]
os_task_init                 0x13e1   0x1c  Code  Gb  app_task.o [1]
prvAddCurrentTaskToDelayedList
                              0xcad   0x5c  Code  Lc  tasks.o [1]
prvAddNewTaskToReadyList
                              0x857   0x7c  Code  Lc  tasks.o [1]
prvCheckTasksWaitingTermination
                              0xbfd   0x4e  Code  Lc  tasks.o [1]
prvDeleteTCB                  0xc4b   0x12  Code  Lc  tasks.o [1]
prvHeapInit                   0xe5d   0x5a  Code  Lc  heap_4.o [1]
prvIdleTask                   0xba1   0x14  Code  Lc  tasks.o [1]
prvInitialiseNewTask          0x7cd   0x8a  Code  Lc  tasks.o [1]
prvInitialiseTaskLists        0xbb9   0x44  Code  Lc  tasks.o [1]
prvInsertBlockIntoFreeList
                              0xeb7   0x5c  Code  Lc  heap_4.o [1]
prvResetNextTaskUnblockTime
                              0xc5d   0x24  Code  Lc  tasks.o [1]
prvTaskExitError              0xfe9   0x16  Code  Lc  port.o [1]
pvPortMalloc                  0xd25   0xda  Code  Gb  heap_4.o [1]
pxCurrentTCB            0x2000'0d18    0x4  Data  Gb  tasks.o [1]
pxDelayedTaskList       0x2000'0d1c    0x4  Data  Lc  tasks.o [1]
pxEnd                   0x2000'0d04    0x4  Data  Lc  heap_4.o [1]
pxOverflowDelayedTaskList
                        0x2000'0d20    0x4  Data  Lc  tasks.o [1]
pxPortInitialiseStack         0xfcd   0x1a  Code  Gb  port.o [1]
pxReadyTasksLists       0x2000'0c08   0x8c  Data  Lc  tasks.o [1]
u8RxData                0x2000'0d57    0x1  Data  Gb  hd_uart1.o [1]
ucHeap                  0x2000'0008  0xc00  Data  Lc  heap_4.o [1]
ulSetInterruptMaskFromISR
                             0x1131         Code  Gb  portasm.o [1]
uxCriticalNesting       0x2000'0000    0x4  Data  Lc  port.o [1]
uxCurrentNumberOfTasks  0x2000'0d28    0x4  Data  Lc  tasks.o [1]
uxDeletedTasksWaitingCleanUp
                        0x2000'0d24    0x4  Data  Lc  tasks.o [1]
uxListRemove                  0xfa3   0x28  Code  Gb  list.o [1]
uxPendedTicks           0x2000'0d38    0x4  Data  Lc  tasks.o [1]
uxSchedulerSuspended    0x2000'0d50    0x4  Data  Lc  tasks.o [1]
uxTaskNumber            0x2000'0d44    0x4  Data  Lc  tasks.o [1]
uxTopReadyPriority      0x2000'0d30    0x4  Data  Lc  tasks.o [1]
vClearInterruptMaskFromISR
                             0x1139         Code  Gb  portasm.o [1]
vListInitialise               0xf31   0x1e  Code  Gb  list.o [1]
vListInitialiseItem           0xf4f    0x6  Code  Gb  list.o [1]
vListInsert                   0xf6d   0x36  Code  Gb  list.o [1]
vListInsertEnd                0xf55   0x18  Code  Gb  list.o [1]
vPortEnterCritical           0x103d   0x14  Code  Gb  port.o [1]
vPortExitCritical            0x1051   0x1e  Code  Gb  port.o [1]
vPortFree                     0xe01   0x5c  Code  Gb  heap_4.o [1]
vPortStartFirstTask          0x110f         Code  Gb  portasm.o [1]
vPortYield                   0x1029   0x12  Code  Gb  port.o [1]
vSetMSP                      0x10c9         Code  Gb  portasm.o [1]
vTaskDelay                    0x8d5   0x30  Code  Gb  tasks.o [1]
vTaskStartScheduler           0x921   0x42  Code  Gb  tasks.o [1]
vTaskSuspendAll               0x965    0xa  Code  Gb  tasks.o [1]
vTaskSwitchContext            0xb1d   0x5c  Code  Gb  tasks.o [1]
xBlockAllocatedBit      0x2000'0d10    0x4  Data  Lc  heap_4.o [1]
xDelayedTaskList1       0x2000'0c94   0x14  Data  Lc  tasks.o [1]
xDelayedTaskList2       0x2000'0ca8   0x14  Data  Lc  tasks.o [1]
xFreeBytesRemaining     0x2000'0d08    0x4  Data  Lc  heap_4.o [1]
xHeapStructSize              0x1998    0x4  Data  Lc  heap_4.o [1]
xIdleTaskHandle         0x2000'0d4c    0x4  Data  Lc  tasks.o [1]
xMinimumEverFreeBytesRemaining
                        0x2000'0d0c    0x4  Data  Lc  heap_4.o [1]
xNextTaskUnblockTime    0x2000'0d48    0x4  Data  Lc  tasks.o [1]
xNumOfOverflows         0x2000'0d40    0x4  Data  Lc  tasks.o [1]
xPendingReadyList       0x2000'0cbc   0x14  Data  Lc  tasks.o [1]
xPortStartScheduler           0xfff   0x2a  Code  Gb  port.o [1]
xSchedulerRunning       0x2000'0d34    0x4  Data  Lc  tasks.o [1]
xStart                  0x2000'0cf8    0x8  Data  Lc  heap_4.o [1]
xSuspendedTaskList      0x2000'0ce4   0x14  Data  Lc  tasks.o [1]
xTaskCreate                   0x765   0x66  Code  Gb  tasks.o [1]
xTaskIncrementTick            0xa35   0xd2  Code  Gb  tasks.o [1]
xTaskResumeAll                0x971   0xb4  Code  Gb  tasks.o [1]
xTasksWaitingTermination
                        0x2000'0cd0   0x14  Data  Lc  tasks.o [1]
xTickCount              0x2000'0d2c    0x4  Data  Lc  tasks.o [1]
xYieldPending           0x2000'0d3c    0x4  Data  Lc  tasks.o [1]


[1] = C:\03-githubFiles\HC32F072_FreeRTOS\HC32F072_FreeRTOS\Debug\Obj
[2] = dl6M_tlf.a
[3] = rt6M_tl.a
[4] = shb_l.a

  6 468 bytes of readonly  code memory
     92 bytes of readonly  data memory
  3 928 bytes of readwrite data memory

Errors: none
Warnings: none
