Component: ARM Compiler 5.06 update 4 (build 422) Tool: armlink [4d35d2]

==============================================================================

Section Cross References

    main.o(i.Port_init) refers to sysctrl.o(i.Sysctrl_SetPeripheralGate) for Sysctrl_SetPeripheralGate
    main.o(i.Port_init) refers to gpio.o(i.Gpio_Init) for Gpio_Init
    main.o(i.Task_Test) refers to main.o(i.Port_init) for Port_init
    main.o(i.Task_Test) refers to gpio.o(i.Gpio_SetIO) for Gpio_SetIO
    main.o(i.Task_Test) refers to tasks.o(i.vTaskDelay) for vTaskDelay
    main.o(i.Task_Test) refers to gpio.o(i.Gpio_ClrIO) for Gpio_ClrIO
    main.o(i.main) refers to sysctrl.o(i.Sysctrl_SetRCLTrim) for Sysctrl_SetRCLTrim
    main.o(i.main) refers to sysctrl.o(i.Sysctrl_ClkSourceEnable) for Sysctrl_ClkSourceEnable
    main.o(i.main) refers to sysctrl.o(i.Sysctrl_SysClkSwitch) for Sysctrl_SysClkSwitch
    main.o(i.main) refers to sysctrl.o(i.Sysctrl_SetRCHTrim) for Sysctrl_SetRCHTrim
    main.o(i.main) refers to gpio.o(i.Gpio_SfHClkOutputConfig) for Gpio_SfHClkOutputConfig
    main.o(i.main) refers to sysctrl.o(i.Sysctrl_GetHClkFreq) for Sysctrl_GetHClkFreq
    main.o(i.main) refers to system_hc32f072.o(i.SystemCoreClockUpdate) for SystemCoreClockUpdate
    main.o(i.main) refers to aeabi_sdiv.o(.text) for __aeabi_uidivmod
    main.o(i.main) refers to main.o(i.__NVIC_SetPriority) for __NVIC_SetPriority
    main.o(i.main) refers to tasks.o(i.xTaskCreate) for xTaskCreate
    main.o(i.main) refers to tasks.o(i.vTaskStartScheduler) for vTaskStartScheduler
    main.o(i.main) refers to main.o(.data) for clk_data
    main.o(i.main) refers to main.o(i.Task_Test) for Task_Test
    event_groups.o(i.vEventGroupClearBitsCallback) refers to event_groups.o(i.xEventGroupClearBits) for xEventGroupClearBits
    event_groups.o(i.vEventGroupDelete) refers to tasks.o(i.vTaskSuspendAll) for vTaskSuspendAll
    event_groups.o(i.vEventGroupDelete) refers to tasks.o(i.xTaskRemoveFromUnorderedEventList) for xTaskRemoveFromUnorderedEventList
    event_groups.o(i.vEventGroupDelete) refers to heap_4.o(i.vPortFree) for vPortFree
    event_groups.o(i.vEventGroupDelete) refers to tasks.o(i.xTaskResumeAll) for xTaskResumeAll
    event_groups.o(i.vEventGroupSetBitsCallback) refers to event_groups.o(i.xEventGroupSetBits) for xEventGroupSetBits
    event_groups.o(i.xEventGroupClearBits) refers to port.o(i.vPortEnterCritical) for vPortEnterCritical
    event_groups.o(i.xEventGroupClearBits) refers to port.o(i.vPortExitCritical) for vPortExitCritical
    event_groups.o(i.xEventGroupCreate) refers to heap_4.o(i.pvPortMalloc) for pvPortMalloc
    event_groups.o(i.xEventGroupCreate) refers to list.o(i.vListInitialise) for vListInitialise
    event_groups.o(i.xEventGroupGetBitsFromISR) refers to port.o(.emb_text) for ulSetInterruptMaskFromISR
    event_groups.o(i.xEventGroupSetBits) refers to tasks.o(i.vTaskSuspendAll) for vTaskSuspendAll
    event_groups.o(i.xEventGroupSetBits) refers to tasks.o(i.xTaskRemoveFromUnorderedEventList) for xTaskRemoveFromUnorderedEventList
    event_groups.o(i.xEventGroupSetBits) refers to tasks.o(i.xTaskResumeAll) for xTaskResumeAll
    event_groups.o(i.xEventGroupSync) refers to tasks.o(i.xTaskGetSchedulerState) for xTaskGetSchedulerState
    event_groups.o(i.xEventGroupSync) refers to tasks.o(i.vTaskSuspendAll) for vTaskSuspendAll
    event_groups.o(i.xEventGroupSync) refers to event_groups.o(i.xEventGroupSetBits) for xEventGroupSetBits
    event_groups.o(i.xEventGroupSync) refers to tasks.o(i.vTaskPlaceOnUnorderedEventList) for vTaskPlaceOnUnorderedEventList
    event_groups.o(i.xEventGroupSync) refers to tasks.o(i.xTaskResumeAll) for xTaskResumeAll
    event_groups.o(i.xEventGroupSync) refers to port.o(i.vPortYield) for vPortYield
    event_groups.o(i.xEventGroupSync) refers to tasks.o(i.uxTaskResetEventItemValue) for uxTaskResetEventItemValue
    event_groups.o(i.xEventGroupSync) refers to port.o(i.vPortEnterCritical) for vPortEnterCritical
    event_groups.o(i.xEventGroupSync) refers to port.o(i.vPortExitCritical) for vPortExitCritical
    event_groups.o(i.xEventGroupWaitBits) refers to tasks.o(i.xTaskGetSchedulerState) for xTaskGetSchedulerState
    event_groups.o(i.xEventGroupWaitBits) refers to tasks.o(i.vTaskSuspendAll) for vTaskSuspendAll
    event_groups.o(i.xEventGroupWaitBits) refers to event_groups.o(i.prvTestWaitCondition) for prvTestWaitCondition
    event_groups.o(i.xEventGroupWaitBits) refers to tasks.o(i.vTaskPlaceOnUnorderedEventList) for vTaskPlaceOnUnorderedEventList
    event_groups.o(i.xEventGroupWaitBits) refers to tasks.o(i.xTaskResumeAll) for xTaskResumeAll
    event_groups.o(i.xEventGroupWaitBits) refers to port.o(i.vPortYield) for vPortYield
    event_groups.o(i.xEventGroupWaitBits) refers to tasks.o(i.uxTaskResetEventItemValue) for uxTaskResetEventItemValue
    event_groups.o(i.xEventGroupWaitBits) refers to port.o(i.vPortEnterCritical) for vPortEnterCritical
[...]
    Removing crc.o(i.CRC16_Get8), (60 bytes).
    Removing crc.o(i.CRC32_Check16), (84 bytes).
    Removing crc.o(i.CRC32_Check32), (80 bytes).
    Removing crc.o(i.CRC32_Check8), (92 bytes).
    Removing crc.o(i.CRC32_Get16), (60 bytes).
    Removing crc.o(i.CRC32_Get32), (68 bytes).
    Removing crc.o(i.CRC32_Get8), (56 bytes).
    Removing dac.o(.rev16_text), (4 bytes).
    Removing dac.o(.revsh_text), (4 bytes).
    Removing dac.o(i.Dac_Cmd), (20 bytes).
    Removing dac.o(i.Dac_DmaCmd), (20 bytes).
    Removing dac.o(i.Dac_DmaITConfig), (20 bytes).
    Removing dac.o(i.Dac_GetDataOutputValue), (16 bytes).
    Removing dac.o(i.Dac_GetITStatus), (16 bytes).
    Removing dac.o(i.Dac_Init), (228 bytes).
    Removing dac.o(i.Dac_SetChannelData), (108 bytes).
    Removing dac.o(i.Dac_SoftwareTriggerCmd), (20 bytes).
    Removing ddl.o(.rev16_text), (4 bytes).
    Removing ddl.o(.revsh_text), (4 bytes).
    Removing ddl.o(i.DDL_WAIT_LOOP_HOOK), (2 bytes).
    Removing ddl.o(i.Debug_Output), (2 bytes).
    Removing ddl.o(i.Debug_UartInit), (2 bytes).
    Removing ddl.o(i.GetBit), (12 bytes).
    Removing ddl.o(i.Log2), (24 bytes).
    Removing ddl.o(i.__backspace), (4 bytes).
    Removing ddl.o(i._ttywrch), (2 bytes).
    Removing ddl.o(i.ddl_memclr), (32 bytes).
    Removing ddl.o(i.delay100us), (92 bytes).
    Removing ddl.o(i.delay10us), (92 bytes).
    Removing ddl.o(i.delay1ms), (88 bytes).
    Removing ddl.o(i.fputc), (26 bytes).
    Removing ddl.o(.data), (4 bytes).
    Removing debug.o(.rev16_text), (4 bytes).
    Removing debug.o(.revsh_text), (4 bytes).
    Removing debug.o(i.Debug_ActiveDisable), (20 bytes).
    Removing debug.o(i.Debug_ActiveEnable), (20 bytes).
    Removing dmac.o(.rev16_text), (4 bytes).
    Removing dmac.o(.revsh_text), (4 bytes).
    Removing dmac.o(i.Dma_ClrStat), (24 bytes).
    Removing dmac.o(i.Dma_Disable), (20 bytes).
    Removing dmac.o(i.Dma_DisableChannel), (24 bytes).
    Removing dmac.o(i.Dma_DisableChannelErrIrq), (24 bytes).
    Removing dmac.o(i.Dma_DisableChannelIrq), (24 bytes).
    Removing dmac.o(i.Dma_DisableContinusTranfer), (24 bytes).
    Removing dmac.o(i.Dma_Enable), (20 bytes).
    Removing dmac.o(i.Dma_EnableChannel), (24 bytes).
    Removing dmac.o(i.Dma_EnableChannelErrIrq), (24 bytes).
    Removing dmac.o(i.Dma_EnableChannelIrq), (24 bytes).
    Removing dmac.o(i.Dma_EnableContinusTranfer), (24 bytes).
    Removing dmac.o(i.Dma_GetStat), (24 bytes).
    Removing dmac.o(i.Dma_HaltTranfer), (28 bytes).
    Removing dmac.o(i.Dma_InitChannel), (160 bytes).
    Removing dmac.o(i.Dma_PauseChannelTranfer), (24 bytes).
    Removing dmac.o(i.Dma_RecoverChannelTranfer), (24 bytes).
    Removing dmac.o(i.Dma_RecoverTranfer), (20 bytes).
    Removing dmac.o(i.Dma_SetBlockSize), (36 bytes).
    Removing dmac.o(i.Dma_SetChPriority), (24 bytes).
    Removing dmac.o(i.Dma_SetTransferCnt), (28 bytes).
    Removing dmac.o(i.Dma_SetTransferWidth), (28 bytes).
    Removing dmac.o(i.Dma_SwStart), (24 bytes).
    Removing dmac.o(i.Dma_SwStop), (24 bytes).
    Removing flash.o(.rev16_text), (4 bytes).
    Removing flash.o(.revsh_text), (4 bytes).
    Removing flash.o(i.Flash_ChipErase), (156 bytes).
    Removing flash.o(i.Flash_ClearIntFlag), (24 bytes).
    Removing flash.o(i.Flash_DisableIrq), (60 bytes).
    Removing flash.o(i.Flash_EnableIrq), (60 bytes).
    Removing flash.o(i.Flash_GetIntFlag), (24 bytes).
    Removing flash.o(i.Flash_Init), (196 bytes).
    Removing flash.o(i.Flash_LockAll), (40 bytes).
    Removing flash.o(i.Flash_LockSet), (36 bytes).
    Removing flash.o(i.Flash_SectorErase), (176 bytes).
    Removing flash.o(i.Flash_UnlockAll), (44 bytes).
    Removing flash.o(i.Flash_WaitCycle), (52 bytes).
    Removing flash.o(i.Flash_WriteByte), (176 bytes).
    Removing flash.o(i.Flash_WriteHalfWord), (176 bytes).
    Removing flash.o(i.Flash_WriteWord), (176 bytes).
    Removing flash.o(.constdata), (32 bytes).
    Removing gpio.o(.rev16_text), (4 bytes).
    Removing gpio.o(.revsh_text), (4 bytes).
    Removing gpio.o(i.Gpio_ClearIrq), (28 bytes).
    Removing gpio.o(i.Gpio_ClrPort), (16 bytes).
    Removing gpio.o(i.Gpio_DisableIrq), (24 bytes).
    Removing gpio.o(i.Gpio_EnableIrq), (24 bytes).
    Removing gpio.o(i.Gpio_GetInputData), (16 bytes).
    Removing gpio.o(i.Gpio_GetInputIO), (24 bytes).
    Removing gpio.o(i.Gpio_GetIrqStatus), (24 bytes).
    Removing gpio.o(i.Gpio_ReadOutputIO), (24 bytes).
    Removing gpio.o(i.Gpio_SetAfMode), (20 bytes).
    Removing gpio.o(i.Gpio_SetAnalogMode), (28 bytes).
    Removing gpio.o(i.Gpio_SetClrPort), (16 bytes).
    Removing gpio.o(i.Gpio_SetPort), (16 bytes).
    Removing gpio.o(i.Gpio_SfExtClkConfig), (28 bytes).
    Removing gpio.o(i.Gpio_SfIrPolConfig), (36 bytes).
    Removing gpio.o(i.Gpio_SfIrqModeConfig), (28 bytes).
    Removing gpio.o(i.Gpio_SfPClkOutputConfig), (60 bytes).
    Removing gpio.o(i.Gpio_SfPcaConfig), (40 bytes).
    Removing gpio.o(i.Gpio_SfSsnConfig), (60 bytes).
    Removing gpio.o(i.Gpio_SfTimCConfig), (40 bytes).
    Removing gpio.o(i.Gpio_SfTimEConfig), (84 bytes).
    Removing gpio.o(i.Gpio_SfTimGConfig), (84 bytes).
    Removing gpio.o(i.Gpio_WriteOutputIO), (28 bytes).
    Removing gpio.o(i._GpioEnableIrq), (40 bytes).
    Removing hdiv.o(.rev16_text), (4 bytes).
    Removing hdiv.o(.revsh_text), (4 bytes).
    Removing hdiv.o(i.Hdiv_GetEndState), (16 bytes).
    Removing hdiv.o(i.Hdiv_GetZeroState), (16 bytes).
    Removing hdiv.o(i.Hdiv_Signed), (76 bytes).
    Removing hdiv.o(i.Hdiv_Unsigned), (72 bytes).
    Removing i2c.o(.rev16_text), (4 bytes).
    Removing i2c.o(.revsh_text), (4 bytes).
    Removing i2c.o(i.I2C_ClearFunc), (26 bytes).
    Removing i2c.o(i.I2C_ClearIrq), (16 bytes).
    Removing i2c.o(i.I2C_GetIrq), (20 bytes).
    Removing i2c.o(i.I2C_GetState), (10 bytes).
    Removing i2c.o(i.I2C_Init), (164 bytes).
    Removing i2c.o(i.I2C_ReadByte), (10 bytes).
    Removing i2c.o(i.I2C_SetBaud), (10 bytes).
    Removing i2c.o(i.I2C_SetFunc), (26 bytes).
    Removing i2c.o(i.I2C_WriteByte), (10 bytes).
    Removing i2s.o(.rev16_text), (4 bytes).
    Removing i2s.o(.revsh_text), (4 bytes).
    Removing i2s.o(i.I2S_Cmd), (24 bytes).
    Removing i2s.o(i.I2S_ConfIt), (34 bytes).
    Removing i2s.o(i.I2s_ClearITPendingBit), (14 bytes).
    Removing i2s.o(i.I2s_ConfDma), (34 bytes).
    Removing i2s.o(i.I2s_GetStatus), (28 bytes).
    Removing i2s.o(i.I2s_Init), (192 bytes).
    Removing i2s.o(i.I2s_ReceiveDataL), (8 bytes).
    Removing i2s.o(i.I2s_ReceiveDataR), (8 bytes).
    Removing i2s.o(i.I2s_SendDataL), (14 bytes).
    Removing i2s.o(i.I2s_SendDataR), (14 bytes).
    Removing lpm.o(.rev16_text), (4 bytes).
    Removing lpm.o(.revsh_text), (4 bytes).
    Removing lpm.o(i.Lpm_GotoDeepSleep), (36 bytes).
    Removing lpm.o(i.Lpm_GotoSleep), (36 bytes).
    Removing lpuart.o(.rev16_text), (4 bytes).
    Removing lpuart.o(.revsh_text), (4 bytes).
    Removing lpuart.o(i.LPUart_ClrIsr), (8 bytes).
    Removing lpuart.o(i.LPUart_ClrStatus), (22 bytes).
    Removing lpuart.o(i.LPUart_DisableFunc), (20 bytes).
    Removing lpuart.o(i.LPUart_DisableIrq), (20 bytes).
    Removing lpuart.o(i.LPUart_EnableFunc), (20 bytes).
    Removing lpuart.o(i.LPUart_EnableIrq), (20 bytes).
    Removing lpuart.o(i.LPUart_GetIsr), (8 bytes).
    Removing lpuart.o(i.LPUart_GetRb8), (10 bytes).
    Removing lpuart.o(i.LPUart_GetStatus), (24 bytes).
    Removing lpuart.o(i.LPUart_HdModeDisable), (12 bytes).
    Removing lpuart.o(i.LPUart_HdModeEnable), (14 bytes).
    Removing lpuart.o(i.LPUart_Init), (112 bytes).
    Removing lpuart.o(i.LPUart_ReceiveData), (8 bytes).
    Removing lpuart.o(i.LPUart_SelSclk), (28 bytes).
    Removing lpuart.o(i.LPUart_SendData), (52 bytes).
    Removing lpuart.o(i.LPUart_SendDataIt), (18 bytes).
    Removing lpuart.o(i.LPUart_SetMultiMode), (34 bytes).
    Removing lpuart.o(i.LPUart_SetSaddr), (8 bytes).
    Removing lpuart.o(i.LPUart_SetTb8), (20 bytes).
    Removing lpuart.o(.constdata), (12 bytes).
    Removing lvd.o(.rev16_text), (4 bytes).
    Removing lvd.o(.revsh_text), (4 bytes).
    Removing lvd.o(i.Lvd_ClearIrq), (20 bytes).
    Removing lvd.o(i.Lvd_Disable), (20 bytes).
    Removing lvd.o(i.Lvd_DisableIrq), (20 bytes).
    Removing lvd.o(i.Lvd_Enable), (20 bytes).
    Removing lvd.o(i.Lvd_EnableIrq), (24 bytes).
    Removing lvd.o(i.Lvd_GetFilterResult), (16 bytes).
    Removing lvd.o(i.Lvd_GetIrqStat), (16 bytes).
    Removing lvd.o(i.Lvd_Init), (40 bytes).
    Removing opa.o(.rev16_text), (4 bytes).
    Removing opa.o(.revsh_text), (4 bytes).
    Removing opa.o(i.Opa_CalCmd), (24 bytes).
    Removing opa.o(i.Opa_CalConfig), (92 bytes).
    Removing opa.o(i.Opa_CalSwTrig), (20 bytes).
    Removing opa.o(i.Opa_Cmd), (68 bytes).
    Removing opa.o(i.Opa_DacBufCmd), (64 bytes).
    Removing opa.o(i.Opa_OutChannelConfig), (84 bytes).
    Removing pca.o(.rev16_text), (4 bytes).
    Removing pca.o(.revsh_text), (4 bytes).
    Removing pca.o(i.Pca_ClrItStatus), (20 bytes).
    Removing pca.o(i.Pca_ConfModulexIt), (100 bytes).
    Removing pca.o(i.Pca_ConfPcaIt), (20 bytes).
    Removing pca.o(i.Pca_GetCarr), (12 bytes).
    Removing pca.o(i.Pca_GetCcap), (68 bytes).
    Removing pca.o(i.Pca_GetCcapHL), (104 bytes).
    Removing pca.o(i.Pca_GetCnt), (12 bytes).
    Removing pca.o(i.Pca_GetItStatus), (20 bytes).
    Removing pca.o(i.Pca_GetOut), (20 bytes).
    Removing pca.o(i.Pca_M0Init), (288 bytes).
    Removing pca.o(i.Pca_M1Init), (288 bytes).
    Removing pca.o(i.Pca_M2Init), (288 bytes).
    Removing pca.o(i.Pca_M3Init), (288 bytes).
    Removing pca.o(i.Pca_M4Init), (292 bytes).
    Removing pca.o(i.Pca_Set4Wdte), (20 bytes).
    Removing pca.o(i.Pca_SetCarr), (24 bytes).
    Removing pca.o(i.Pca_SetCcap), (116 bytes).
    Removing pca.o(i.Pca_SetCcapHL), (208 bytes).
    Removing pca.o(i.Pca_SetCidl), (20 bytes).
    Removing pca.o(i.Pca_SetCnt), (68 bytes).
    Removing pca.o(i.Pca_StartPca), (20 bytes).
    Removing ram.o(.rev16_text), (4 bytes).
    Removing ram.o(.revsh_text), (4 bytes).
    Removing ram.o(i.Ram_ClearIntFlag), (12 bytes).
    Removing ram.o(i.Ram_DisableIrq), (20 bytes).
    Removing ram.o(i.Ram_EnableIrq), (20 bytes).
    Removing ram.o(i.Ram_ErrAddrGet), (12 bytes).
    Removing ram.o(i.Ram_GetIntFlag), (24 bytes).
    Removing reset.o(.rev16_text), (4 bytes).
    Removing reset.o(.revsh_text), (4 bytes).
    Removing reset.o(i.Reset_ClearFlag), (16 bytes).
    Removing reset.o(i.Reset_ClearFlagAll), (12 bytes).
    Removing reset.o(i.Reset_ClrPeripheral0), (16 bytes).
    Removing reset.o(i.Reset_ClrPeripheral1), (16 bytes).
    Removing reset.o(i.Reset_ClrPeripheralAll), (16 bytes).
    Removing reset.o(i.Reset_GetFlag), (24 bytes).
    Removing reset.o(i.Reset_SetPeripheral0), (16 bytes).
    Removing reset.o(i.Reset_SetPeripheral1), (16 bytes).
    Removing reset.o(i.Reset_SetPeripheralAll), (16 bytes).
    Removing spi.o(.rev16_text), (4 bytes).
    Removing spi.o(.revsh_text), (4 bytes).
    Removing spi.o(i.Spi_ClearStatus), (8 bytes).
    Removing spi.o(i.Spi_FuncDisable), (12 bytes).
    Removing spi.o(i.Spi_FuncEnable), (12 bytes).
    Removing spi.o(i.Spi_GetStatus), (18 bytes).
    Removing spi.o(i.Spi_Init), (32 bytes).
    Removing spi.o(i.Spi_IrqDisable), (14 bytes).
    Removing spi.o(i.Spi_IrqEnable), (14 bytes).
    Removing spi.o(i.Spi_ReceiveData), (8 bytes).
    Removing spi.o(i.Spi_SendData), (8 bytes).
    Removing spi.o(i.Spi_SetCS), (4 bytes).
    Removing sysctrl.o(.rev16_text), (4 bytes).
    Removing sysctrl.o(.revsh_text), (4 bytes).
    Removing sysctrl.o(i.Sysctrl_ClkDeInit), (72 bytes).
    Removing sysctrl.o(i.Sysctrl_ClkInit), (106 bytes).
    Removing sysctrl.o(i.Sysctrl_GetPClkFreq), (32 bytes).
    Removing sysctrl.o(i.Sysctrl_GetPeripheralGate), (48 bytes).
    Removing sysctrl.o(i.Sysctrl_SetFunc), (28 bytes).
    Removing sysctrl.o(i.Sysctrl_SetHCLKDiv), (40 bytes).
    Removing sysctrl.o(i.Sysctrl_SetPCLKDiv), (40 bytes).
    Removing sysctrl.o(i.Sysctrl_SetPLLFreq), (276 bytes).
    Removing sysctrl.o(i.Sysctrl_SetPLLStableTime), (36 bytes).
    Removing sysctrl.o(i.Sysctrl_SetRCLStableTime), (36 bytes).
    Removing sysctrl.o(i.Sysctrl_SetXTHFreq), (32 bytes).
    Removing sysctrl.o(i.Sysctrl_SetXTHStableTime), (32 bytes).
    Removing sysctrl.o(i.Sysctrl_SetXTLStableTime), (32 bytes).
    Removing sysctrl.o(i.Sysctrl_XTHDriverConfig), (28 bytes).
    Removing sysctrl.o(i.Sysctrl_XTLDriverConfig), (52 bytes).
    Removing timer3.o(.rev16_text), (4 bytes).
    Removing timer3.o(.revsh_text), (4 bytes).
    Removing timer3.o(i.Tim3_ClearAllIntFlag), (16 bytes).
    Removing timer3.o(i.Tim3_ClearIntFlag), (20 bytes).
    Removing timer3.o(i.Tim3_GetIntFlag), (24 bytes).
    Removing timer3.o(i.Tim3_M0_ARRSet), (28 bytes).
    Removing timer3.o(i.Tim3_M0_Cnt16Get), (16 bytes).
    Removing timer3.o(i.Tim3_M0_Cnt16Set), (28 bytes).
    Removing timer3.o(i.Tim3_M0_Cnt32Get), (12 bytes).
    Removing timer3.o(i.Tim3_M0_Cnt32Set), (20 bytes).
    Removing timer3.o(i.Tim3_M0_EnTOG_Output), (36 bytes).
    Removing timer3.o(i.Tim3_M0_Run), (24 bytes).
    Removing timer3.o(i.Tim3_M0_Stop), (20 bytes).
    Removing timer3.o(i.Tim3_M1_Cnt16Get), (16 bytes).
    Removing timer3.o(i.Tim3_M1_Cnt16Set), (28 bytes).
    Removing timer3.o(i.Tim3_M1_Input_Config), (172 bytes).
    Removing timer3.o(i.Tim3_M1_PWC_CapValueGet), (16 bytes).
    Removing timer3.o(i.Tim3_M1_PWC_Edge_Sel), (152 bytes).
    Removing timer3.o(i.Tim3_M1_Run), (24 bytes).
    Removing timer3.o(i.Tim3_M1_Stop), (20 bytes).
    Removing timer3.o(i.Tim3_M23_ARRSet), (48 bytes).
    Removing timer3.o(i.Tim3_M23_BrakeInput_Config), (280 bytes).
    Removing timer3.o(i.Tim3_M23_CCR_Get), (96 bytes).
    Removing timer3.o(i.Tim3_M23_CCR_Set), (168 bytes).
    Removing timer3.o(i.Tim3_M23_Cnt16Get), (16 bytes).
    Removing timer3.o(i.Tim3_M23_Cnt16Set), (28 bytes).
    Removing timer3.o(i.Tim3_M23_DT_Config), (56 bytes).
    Removing timer3.o(i.Tim3_M23_ETRInput_Config), (60 bytes).
    Removing timer3.o(i.Tim3_M23_EnDMA), (216 bytes).
    Removing timer3.o(i.Tim3_M23_EnPWM_Output), (56 bytes).
    Removing timer3.o(i.Tim3_M23_EnSwBk), (24 bytes).
    Removing timer3.o(i.Tim3_M23_EnSwTrig), (24 bytes).
    Removing timer3.o(i.Tim3_M23_EnSwTrigCapCmpA), (76 bytes).
    Removing timer3.o(i.Tim3_M23_EnSwTrigCapCmpB), (76 bytes).
    Removing timer3.o(i.Tim3_M23_EnSwUev), (24 bytes).
    Removing timer3.o(i.Tim3_M23_GateFuncSel), (84 bytes).
    Removing timer3.o(i.Tim3_M23_MasterSlave_Set), (104 bytes).
    Removing timer3.o(i.Tim3_M23_OCRefClr), (60 bytes).
    Removing timer3.o(i.Tim3_M23_PortInput_Config), (544 bytes).
    Removing timer3.o(i.Tim3_M23_PortOutput_Config), (692 bytes).
    Removing timer3.o(i.Tim3_M23_Run), (24 bytes).
    Removing timer3.o(i.Tim3_M23_SetValidPeriod), (28 bytes).
    Removing timer3.o(i.Tim3_M23_Stop), (20 bytes).
    Removing timer3.o(i.Tim3_M23_TrigADC_Config), (188 bytes).
    Removing timer3.o(i.Tim3_Mode0_DisableIrq), (24 bytes).
    Removing timer3.o(i.Tim3_Mode0_EnableIrq), (24 bytes).
    Removing timer3.o(i.Tim3_Mode0_Init), (172 bytes).
    Removing timer3.o(i.Tim3_Mode1_DisableIrq), (60 bytes).
    Removing timer3.o(i.Tim3_Mode1_EnableIrq), (64 bytes).
    Removing timer3.o(i.Tim3_Mode1_Init), (104 bytes).
    Removing timer3.o(i.Tim3_Mode23_DisableIrq), (188 bytes).
    Removing timer3.o(i.Tim3_Mode23_EnableIrq), (204 bytes).
    Removing timer3.o(i.Tim3_Mode23_Init), (192 bytes).
    Removing trim.o(.rev16_text), (4 bytes).
    Removing trim.o(.revsh_text), (4 bytes).
    Removing trim.o(i.Trim_CalCntGet), (12 bytes).
    Removing trim.o(i.Trim_ClearIntFlag), (20 bytes).
    Removing trim.o(i.Trim_DisableIrq), (20 bytes).
    Removing trim.o(i.Trim_EnableIrq), (20 bytes).
    Removing trim.o(i.Trim_GetIntFlag), (24 bytes).
    Removing trim.o(i.Trim_Init), (40 bytes).
    Removing trim.o(i.Trim_RefCntGet), (12 bytes).
    Removing trim.o(i.Trim_Run), (20 bytes).
    Removing trim.o(i.Trim_Stop), (20 bytes).
    Removing trng.o(.rev16_text), (4 bytes).
    Removing trng.o(.revsh_text), (4 bytes).
    Removing trng.o(i.Trng_Generate), (168 bytes).
    Removing trng.o(i.Trng_GetData0), (12 bytes).
    Removing trng.o(i.Trng_GetData1), (12 bytes).
    Removing trng.o(i.Trng_Init), (168 bytes).
    Removing uart.o(.rev16_text), (4 bytes).
    Removing uart.o(.revsh_text), (4 bytes).
    Removing uart.o(i.Uart_ClrIsr), (8 bytes).
    Removing uart.o(i.Uart_ClrStatus), (22 bytes).
    Removing uart.o(i.Uart_DisableFunc), (20 bytes).
    Removing uart.o(i.Uart_DisableIrq), (20 bytes).
    Removing uart.o(i.Uart_EnableFunc), (20 bytes).
    Removing uart.o(i.Uart_EnableIrq), (20 bytes).
    Removing uart.o(i.Uart_GetIsr), (8 bytes).
    Removing uart.o(i.Uart_GetRb8), (10 bytes).
    Removing uart.o(i.Uart_GetStatus), (24 bytes).
    Removing uart.o(i.Uart_HdModeDisable), (12 bytes).
    Removing uart.o(i.Uart_HdModeEnable), (14 bytes).
    Removing uart.o(i.Uart_Init), (108 bytes).
    Removing uart.o(i.Uart_ReceiveData), (8 bytes).
    Removing uart.o(i.Uart_SendDataIt), (18 bytes).
    Removing uart.o(i.Uart_SendDataPoll), (52 bytes).
    Removing uart.o(i.Uart_SetMultiMode), (34 bytes).
    Removing uart.o(i.Uart_SetSaddr), (8 bytes).
    Removing uart.o(i.Uart_SetTb8), (20 bytes).
    Removing uart.o(.constdata), (8 bytes).
    Removing vc.o(.rev16_text), (4 bytes).
    Removing vc.o(.revsh_text), (4 bytes).
    Removing vc.o(i.Vc_ClearItStatus), (20 bytes).
    Removing vc.o(i.Vc_Cmd), (72 bytes).
    Removing vc.o(i.Vc_ConfigItType), (140 bytes).
    Removing vc.o(i.Vc_DacInit), (96 bytes).
    Removing vc.o(i.Vc_GetItStatus), (24 bytes).
    Removing vc.o(i.Vc_Init), (484 bytes).
    Removing vc.o(i.Vc_ItConfig), (72 bytes).
    Removing wdt.o(.rev16_text), (4 bytes).
    Removing wdt.o(.revsh_text), (4 bytes).
    Removing wdt.o(i.Wdt_Feed), (16 bytes).
    Removing wdt.o(i.Wdt_GetIrqStatus), (24 bytes).
    Removing wdt.o(i.Wdt_Init), (44 bytes).
    Removing wdt.o(i.Wdt_IrqClr), (16 bytes).
    Removing wdt.o(i.Wdt_ReadWdtValue), (16 bytes).
    Removing wdt.o(i.Wdt_ReadwdtStatus), (24 bytes).
    Removing wdt.o(i.Wdt_Start), (16 bytes).
    Removing wdt.o(i.Wdt_WriteWdtLoad), (24 bytes).
    Removing interrupts_hc32f072.o(.rev16_text), (4 bytes).
    Removing interrupts_hc32f072.o(.revsh_text), (4 bytes).
    Removing interrupts_hc32f072.o(i.EnableNvic), (128 bytes).
    Removing interrupts_hc32f072.o(i.__NVIC_SetPriority), (120 bytes).
    Removing system_hc32f072.o(.rev16_text), (4 bytes).
    Removing system_hc32f072.o(.revsh_text), (4 bytes).

679 unused section(s) (total 35432 bytes) removed from the image.

==============================================================================

Image Symbol Table

    Local Symbols

    Symbol Name                              Value     Ov Type        Size  Object(Section)

    RESET                                    0x00000000   Section      192  startup_hc32f072.o(RESET)
    ../clib/angel/boardlib.s                 0x00000000   Number         0  boardinit3.o ABSOLUTE
    ../clib/angel/boardlib.s                 0x00000000   Number         0  boardshut.o ABSOLUTE
    ../clib/angel/boardlib.s                 0x00000000   Number         0  boardinit1.o ABSOLUTE
    ../clib/angel/boardlib.s                 0x00000000   Number         0  boardinit2.o ABSOLUTE
    ../clib/angel/handlers.s                 0x00000000   Number         0  __scatter_zi.o ABSOLUTE
    ../clib/angel/handlers.s                 0x00000000   Number         0  __scatter_copy.o ABSOLUTE
    ../clib/angel/kernel.s                   0x00000000   Number         0  __rtentry.o ABSOLUTE
    ../clib/angel/kernel.s                   0x00000000   Number         0  rtexit.o ABSOLUTE
    ../clib/angel/kernel.s                   0x00000000   Number         0  __rtentry2.o ABSOLUTE
    ../clib/angel/kernel.s                   0x00000000   Number         0  __rtentry4.o ABSOLUTE
    ../clib/angel/kernel.s                   0x00000000   Number         0  rtexit2.o ABSOLUTE
    ../clib/angel/rt.s                       0x00000000   Number         0  aeabi_idiv0_sigfpe.o ABSOLUTE
    ../clib/angel/rt.s                       0x00000000   Number         0  aeabi_idiv0.o ABSOLUTE
    ../clib/angel/rt.s                       0x00000000   Number         0  rt_div0.o ABSOLUTE
    ../clib/angel/rt.s                       0x00000000   Number         0  rt_raise.o ABSOLUTE
    ../clib/angel/scatterp.s                 0x00000000   Number         0  __scatter.o ABSOLUTE
    ../clib/angel/startup.s                  0x00000000   Number         0  __main.o ABSOLUTE
    ../clib/angel/sys.s                      0x00000000   Number         0  use_no_semi_2.o ABSOLUTE
    ../clib/angel/sys.s                      0x00000000   Number         0  sys_stackheap_outer.o ABSOLUTE
    ../clib/angel/sys.s                      0x00000000   Number         0  indicate_semi.o ABSOLUTE
    ../clib/angel/sys.s                      0x00000000   Number         0  libspace.o ABSOLUTE
    ../clib/angel/sys.s                      0x00000000   Number         0  use_no_semi.o ABSOLUTE
    ../clib/angel/sys.s                      0x00000000   Number         0  tempstk.o ABSOLUTE
    ../clib/angel/sysapp.c                   0x00000000   Number         0  sys_command.o ABSOLUTE
    ../clib/armsys.c                         0x00000000   Number         0  argv_veneer.o ABSOLUTE
    ../clib/armsys.c                         0x00000000   Number         0  no_argv.o ABSOLUTE
    ../clib/armsys.c                         0x00000000   Number         0  _get_argv_nomalloc.o ABSOLUTE
    ../clib/division.s                       0x00000000   Number         0  aeabi_sdiv.o ABSOLUTE
    ../clib/division.s                       0x00000000   Number         0  aeabi_sdiv_div0.o ABSOLUTE
    ../clib/heapalloc.c                      0x00000000   Number         0  hrguard.o ABSOLUTE
    ../clib/heapaux.c                        0x00000000   Number         0  heapauxi.o ABSOLUTE
    ../clib/libinit.s                        0x00000000   Number         0  libinit2.o ABSOLUTE
    ../clib/libinit.s                        0x00000000   Number         0  libinit.o ABSOLUTE
    ../clib/libinit.s                        0x00000000   Number         0  libshutdown2.o ABSOLUTE
    ../clib/libinit.s                        0x00000000   Number         0  libshutdown.o ABSOLUTE
    ../clib/memcpset.c                       0x00000000   Number         0  rt_memcpy.o ABSOLUTE
    ../clib/memcpset.c                       0x00000000   Number         0  rt_memclr.o ABSOLUTE
    ../clib/memcpset.c                       0x00000000   Number         0  rt_memcpy.o ABSOLUTE
    ../clib/signal.c                         0x00000000   Number         0  defsig_segv_inner.o ABSOLUTE
    ../clib/signal.c                         0x00000000   Number         0  defsig_other.o ABSOLUTE
    ../clib/signal.c                         0x00000000   Number         0  defsig_cppl_inner.o ABSOLUTE
    ../clib/signal.c                         0x00000000   Number         0  defsig_pvfn_inner.o ABSOLUTE
    ../clib/signal.c                         0x00000000   Number         0  defsig_abrt_inner.o ABSOLUTE
    ../clib/signal.c                         0x00000000   Number         0  defsig_stak_inner.o ABSOLUTE
    ../clib/signal.c                         0x00000000   Number         0  defsig_rtmem_formal.o ABSOLUTE
    ../clib/signal.c                         0x00000000   Number         0  defsig_fpe_formal.o ABSOLUTE
    ../clib/signal.c                         0x00000000   Number         0  defsig_exit.o ABSOLUTE
    ../clib/signal.c                         0x00000000   Number         0  defsig_fpe_inner.o ABSOLUTE
    ../clib/signal.c                         0x00000000   Number         0  defsig_rtmem_outer.o ABSOLUTE
    ../clib/signal.c                         0x00000000   Number         0  defsig_rtmem_inner.o ABSOLUTE
    ../clib/signal.c                         0x00000000   Number         0  __raise.o ABSOLUTE
    ../clib/signal.c                         0x00000000   Number         0  defsig_general.o ABSOLUTE
    ../clib/signal.c                         0x00000000   Number         0  defsig_rtred_inner.o ABSOLUTE
    ../clib/signal.c                         0x00000000   Number         0  defsig_fpe_outer.o ABSOLUTE
    ../clib/signal.s                         0x00000000   Number         0  defsig.o ABSOLUTE
    ../clib/stdlib.c                         0x00000000   Number         0  exit.o ABSOLUTE
    ../fplib/cfplib/fpinit.c                 0x00000000   Number         0  fpinit.o ABSOLUTE
    User\\main.c                             0x00000000   Number         0  main.o ABSOLUTE
    User\main.c                              0x00000000   Number         0  main.o ABSOLUTE
    dc.s                                     0x00000000   Number         0  dc.o ABSOLUTE
    driver\\src\\adc.c                       0x00000000   Number         0  adc.o ABSOLUTE
    driver\\src\\adt.c                       0x00000000   Number         0  adt.o ABSOLUTE
    driver\\src\\aes.c                       0x00000000   Number         0  aes.o ABSOLUTE
    driver\\src\\bgr.c                       0x00000000   Number         0  bgr.o ABSOLUTE
    driver\\src\\bt.c                        0x00000000   Number         0  bt.o ABSOLUTE
    driver\\src\\can.c                       0x00000000   Number         0  can.o ABSOLUTE
    driver\\src\\crc.c                       0x00000000   Number         0  crc.o ABSOLUTE
    driver\\src\\dac.c                       0x00000000   Number         0  dac.o ABSOLUTE
    driver\\src\\ddl.c                       0x00000000   Number         0  ddl.o ABSOLUTE
    driver\\src\\debug.c                     0x00000000   Number         0  debug.o ABSOLUTE
    driver\\src\\dmac.c                      0x00000000   Number         0  dmac.o ABSOLUTE
    driver\\src\\flash.c                     0x00000000   Number         0  flash.o ABSOLUTE
    driver\\src\\gpio.c                      0x00000000   Number         0  gpio.o ABSOLUTE
    driver\\src\\hdiv.c                      0x00000000   Number         0  hdiv.o ABSOLUTE
    driver\\src\\i2c.c                       0x00000000   Number         0  i2c.o ABSOLUTE
    driver\\src\\i2s.c                       0x00000000   Number         0  i2s.o ABSOLUTE
    driver\\src\\lpm.c                       0x00000000   Number         0  lpm.o ABSOLUTE
    driver\\src\\lpuart.c                    0x00000000   Number         0  lpuart.o ABSOLUTE
    driver\\src\\lvd.c                       0x00000000   Number         0  lvd.o ABSOLUTE
    driver\\src\\opa.c                       0x00000000   Number         0  opa.o ABSOLUTE
    driver\\src\\pca.c                       0x00000000   Number         0  pca.o ABSOLUTE
    driver\\src\\ram.c                       0x00000000   Number         0  ram.o ABSOLUTE
    driver\\src\\reset.c                     0x00000000   Number         0  reset.o ABSOLUTE
    driver\\src\\spi.c                       0x00000000   Number         0  spi.o ABSOLUTE
    driver\\src\\sysctrl.c                   0x00000000   Number         0  sysctrl.o ABSOLUTE
    driver\\src\\timer3.c                    0x00000000   Number         0  timer3.o ABSOLUTE
    driver\\src\\trim.c                      0x00000000   Number         0  trim.o ABSOLUTE
    driver\\src\\trng.c                      0x00000000   Number         0  trng.o ABSOLUTE
    driver\\src\\uart.c                      0x00000000   Number         0  uart.o ABSOLUTE
    driver\\src\\vc.c                        0x00000000   Number         0  vc.o ABSOLUTE
    driver\\src\\wdt.c                       0x00000000   Number         0  wdt.o ABSOLUTE
    driver\src\adc.c                         0x00000000   Number         0  adc.o ABSOLUTE
    driver\src\adt.c                         0x00000000   Number         0  adt.o ABSOLUTE
    driver\src\aes.c                         0x00000000   Number         0  aes.o ABSOLUTE
    driver\src\bgr.c                         0x00000000   Number         0  bgr.o ABSOLUTE
    driver\src\bt.c                          0x00000000   Number         0  bt.o ABSOLUTE
    driver\src\can.c                         0x00000000   Number         0  can.o ABSOLUTE
    driver\src\crc.c                         0x00000000   Number         0  crc.o ABSOLUTE
    driver\src\dac.c                         0x00000000   Number         0  dac.o ABSOLUTE
    driver\src\ddl.c                         0x00000000   Number         0  ddl.o ABSOLUTE
    driver\src\debug.c                       0x00000000   Number         0  debug.o ABSOLUTE
    driver\src\dmac.c                        0x00000000   Number         0  dmac.o ABSOLUTE
    driver\src\flash.c                       0x00000000   Number         0  flash.o ABSOLUTE
    driver\src\gpio.c                        0x00000000   Number         0  gpio.o ABSOLUTE
    driver\src\hdiv.c                        0x00000000   Number         0  hdiv.o ABSOLUTE
    driver\src\i2c.c                         0x00000000   Number         0  i2c.o ABSOLUTE
    driver\src\i2s.c                         0x00000000   Number         0  i2s.o ABSOLUTE
    driver\src\lpm.c                         0x00000000   Number         0  lpm.o ABSOLUTE
    driver\src\lpuart.c                      0x00000000   Number         0  lpuart.o ABSOLUTE
    driver\src\lvd.c                         0x00000000   Number         0  lvd.o ABSOLUTE
    driver\src\opa.c                         0x00000000   Number         0  opa.o ABSOLUTE
    driver\src\pca.c                         0x00000000   Number         0  pca.o ABSOLUTE
    driver\src\ram.c                         0x00000000   Number         0  ram.o ABSOLUTE
    driver\src\reset.c                       0x00000000   Number         0  reset.o ABSOLUTE
    driver\src\spi.c                         0x00000000   Number         0  spi.o ABSOLUTE
    driver\src\sysctrl.c                     0x00000000   Number         0  sysctrl.o ABSOLUTE
    driver\src\timer3.c                      0x00000000   Number         0  timer3.o ABSOLUTE
    driver\src\trim.c                        0x00000000   Number         0  trim.o ABSOLUTE
    driver\src\trng.c                        0x00000000   Number         0  trng.o ABSOLUTE
    driver\src\uart.c                        0x00000000   Number         0  uart.o ABSOLUTE
    driver\src\vc.c                          0x00000000   Number         0  vc.o ABSOLUTE
    driver\src\wdt.c                         0x00000000   Number         0  wdt.o ABSOLUTE
    freertos-7.4.2\Source\CMSIS_RTOS\cmsis_os.c 0x00000000   Number         0  cmsis_os.o ABSOLUTE
    freertos-7.4.2\Source\croutine.c         0x00000000   Number         0  croutine.o ABSOLUTE
    freertos-7.4.2\Source\event_groups.c     0x00000000   Number         0  event_groups.o ABSOLUTE
    freertos-7.4.2\Source\list.c             0x00000000   Number         0  list.o ABSOLUTE
    freertos-7.4.2\Source\portable\MemMang\heap_4.c 0x00000000   Number         0  heap_4.o ABSOLUTE
    freertos-7.4.2\Source\portable\RVDS\ARM_CM0\MDK\port.c 0x00000000   Number         0  port.o ABSOLUTE
    freertos-7.4.2\Source\queue.c            0x00000000   Number         0  queue.o ABSOLUTE
    freertos-7.4.2\Source\tasks.c            0x00000000   Number         0  tasks.o ABSOLUTE
    freertos-7.4.2\Source\timers.c           0x00000000   Number         0  timers.o ABSOLUTE
    freertos-7.4.2\\Source\\CMSIS_RTOS\\cmsis_os.c 0x00000000   Number         0  cmsis_os.o ABSOLUTE
    freertos-7.4.2\\Source\\portable\\RVDS\\ARM_CM0\\MDK\\port.c 0x00000000   Number         0  port.o ABSOLUTE
    mcu\MDK\startup_hc32f072.s               0x00000000   Number         0  startup_hc32f072.o ABSOLUTE
    mcu\\common\\interrupts_hc32f072.c       0x00000000   Number         0  interrupts_hc32f072.o ABSOLUTE
    mcu\\common\\system_hc32f072.c           0x00000000   Number         0  system_hc32f072.o ABSOLUTE
    mcu\common\interrupts_hc32f072.c         0x00000000   Number         0  interrupts_hc32f072.o ABSOLUTE
    mcu\common\system_hc32f072.c             0x00000000   Number         0  system_hc32f072.o ABSOLUTE
    !!!main                                  0x000000c0   Section        8  __main.o(!!!main)
    !!!scatter                               0x000000c8   Section       60  __scatter.o(!!!scatter)
    !!handler_copy                           0x00000104   Section       26  __scatter_copy.o(!!handler_copy)
    !!handler_zi                             0x00000120   Section       28  __scatter_zi.o(!!handler_zi)
    .ARM.Collect$$libinit$$00000000          0x0000013c   Section        2  libinit.o(.ARM.Collect$$libinit$$00000000)
    .ARM.Collect$$libinit$$00000002          0x0000013e   Section        0  libinit2.o(.ARM.Collect$$libinit$$00000002)
    .ARM.Collect$$libinit$$00000004          0x0000013e   Section        0  libinit2.o(.ARM.Collect$$libinit$$00000004)
    .ARM.Collect$$libinit$$0000000A          0x0000013e   Section        0  libinit2.o(.ARM.Collect$$libinit$$0000000A)
    .ARM.Collect$$libinit$$0000000C          0x0000013e   Section        0  libinit2.o(.ARM.Collect$$libinit$$0000000C)
    .ARM.Collect$$libinit$$0000000E          0x0000013e   Section        0  libinit2.o(.ARM.Collect$$libinit$$0000000E)
    .ARM.Collect$$libinit$$00000011          0x0000013e   Section        0  libinit2.o(.ARM.Collect$$libinit$$00000011)
    .ARM.Collect$$libinit$$00000013          0x0000013e   Section        0  libinit2.o(.ARM.Collect$$libinit$$00000013)
    .ARM.Collect$$libinit$$00000015          0x0000013e   Section        0  libinit2.o(.ARM.Collect$$libinit$$00000015)
    .ARM.Collect$$libinit$$00000017          0x0000013e   Section        0  libinit2.o(.ARM.Collect$$libinit$$00000017)
    .ARM.Collect$$libinit$$00000019          0x0000013e   Section        0  libinit2.o(.ARM.Collect$$libinit$$00000019)
    .ARM.Collect$$libinit$$0000001B          0x0000013e   Section        0  libinit2.o(.ARM.Collect$$libinit$$0000001B)
    .ARM.Collect$$libinit$$0000001D          0x0000013e   Section        0  libinit2.o(.ARM.Collect$$libinit$$0000001D)
    .ARM.Collect$$libinit$$0000001F          0x0000013e   Section        0  libinit2.o(.ARM.Collect$$libinit$$0000001F)
    .ARM.Collect$$libinit$$00000021          0x0000013e   Section        0  libinit2.o(.ARM.Collect$$libinit$$00000021)
    .ARM.Collect$$libinit$$00000023          0x0000013e   Section        0  libinit2.o(.ARM.Collect$$libinit$$00000023)
    .ARM.Collect$$libinit$$00000025          0x0000013e   Section        0  libinit2.o(.ARM.Collect$$libinit$$00000025)
    .ARM.Collect$$libinit$$0000002C          0x0000013e   Section        0  libinit2.o(.ARM.Collect$$libinit$$0000002C)
    .ARM.Collect$$libinit$$0000002E          0x0000013e   Section        0  libinit2.o(.ARM.Collect$$libinit$$0000002E)
    .ARM.Collect$$libinit$$00000030          0x0000013e   Section        0  libinit2.o(.ARM.Collect$$libinit$$00000030)
    .ARM.Collect$$libinit$$00000032          0x0000013e   Section        0  libinit2.o(.ARM.Collect$$libinit$$00000032)
    .ARM.Collect$$libinit$$00000033          0x0000013e   Section        2  libinit2.o(.ARM.Collect$$libinit$$00000033)
    .ARM.Collect$$libshutdown$$00000000      0x00000140   Section        2  libshutdown.o(.ARM.Collect$$libshutdown$$00000000)
    .ARM.Collect$$libshutdown$$00000002      0x00000142   Section        0  libshutdown2.o(.ARM.Collect$$libshutdown$$00000002)
    .ARM.Collect$$libshutdown$$00000004      0x00000142   Section        0  libshutdown2.o(.ARM.Collect$$libshutdown$$00000004)
    .ARM.Collect$$libshutdown$$00000007      0x00000142   Section        0  libshutdown2.o(.ARM.Collect$$libshutdown$$00000007)
    .ARM.Collect$$libshutdown$$0000000A      0x00000142   Section        0  libshutdown2.o(.ARM.Collect$$libshutdown$$0000000A)
    .ARM.Collect$$libshutdown$$0000000C      0x00000142   Section        0  libshutdown2.o(.ARM.Collect$$libshutdown$$0000000C)
    .ARM.Collect$$libshutdown$$0000000F      0x00000142   Section        0  libshutdown2.o(.ARM.Collect$$libshutdown$$0000000F)
    .ARM.Collect$$libshutdown$$00000010      0x00000142   Section        2  libshutdown2.o(.ARM.Collect$$libshutdown$$00000010)
    .ARM.Collect$$rtentry$$00000000          0x00000144   Section        0  __rtentry.o(.ARM.Collect$$rtentry$$00000000)
    .ARM.Collect$$rtentry$$00000002          0x00000144   Section        0  __rtentry2.o(.ARM.Collect$$rtentry$$00000002)
    .ARM.Collect$$rtentry$$00000004          0x00000144   Section        6  __rtentry4.o(.ARM.Collect$$rtentry$$00000004)
    .ARM.Collect$$rtentry$$00000009          0x0000014a   Section        0  __rtentry2.o(.ARM.Collect$$rtentry$$00000009)
    .ARM.Collect$$rtentry$$0000000A          0x0000014a   Section        4  __rtentry2.o(.ARM.Collect$$rtentry$$0000000A)
    .ARM.Collect$$rtentry$$0000000C          0x0000014e   Section        0  __rtentry2.o(.ARM.Collect$$rtentry$$0000000C)
    .ARM.Collect$$rtentry$$0000000D          0x0000014e   Section        8  __rtentry2.o(.ARM.Collect$$rtentry$$0000000D)
    .ARM.Collect$$rtexit$$00000000           0x00000156   Section        2  rtexit.o(.ARM.Collect$$rtexit$$00000000)
    .ARM.Collect$$rtexit$$00000002           0x00000158   Section        0  rtexit2.o(.ARM.Collect$$rtexit$$00000002)
    .ARM.Collect$$rtexit$$00000003           0x00000158   Section        4  rtexit2.o(.ARM.Collect$$rtexit$$00000003)
    .ARM.Collect$$rtexit$$00000004           0x0000015c   Section        6  rtexit2.o(.ARM.Collect$$rtexit$$00000004)
    .emb_text                                0x00000164   Section      120  port.o(.emb_text)
    .emb_text                                0x000001dc   Section       56  rt_memcpy.o(.emb_text)
    .text                                    0x00000214   Section       88  startup_hc32f072.o(.text)
    .text                                    0x0000026c   Section        2  use_no_semi_2.o(.text)
    .text                                    0x0000026e   Section      346  aeabi_sdiv.o(.text)
    .text                                    0x000003c8   Section        0  heapauxi.o(.text)
    .text                                    0x000003ce   Section        2  use_no_semi.o(.text)
    .text                                    0x000003d0   Section       62  sys_stackheap_outer.o(.text)
    .text                                    0x0000040e   Section        0  exit.o(.text)
    .text                                    0x00000420   Section        8  libspace.o(.text)
    i.ADC_DAC_IRQHandler                     0x00000428   Section        0  interrupts_hc32f072.o(i.ADC_DAC_IRQHandler)
    i.CAN_IRQHandler                         0x00000434   Section        0  interrupts_hc32f072.o(i.CAN_IRQHandler)
    i.CLKTRIM_CTS_IRQHandler                 0x0000043c   Section        0  interrupts_hc32f072.o(i.CLKTRIM_CTS_IRQHandler)
    i.DMAC_IRQHandler                        0x00000448   Section        0  interrupts_hc32f072.o(i.DMAC_IRQHandler)
    i.FLASH_RAM_IRQHandler                   0x00000450   Section        0  interrupts_hc32f072.o(i.FLASH_RAM_IRQHandler)
    i.Gpio_ClrIO                             0x0000045c   Section        0  gpio.o(i.Gpio_ClrIO)
    i.Gpio_Init                              0x00000478   Section        0  gpio.o(i.Gpio_Init)
    i.Gpio_SetIO                             0x00000508   Section        0  gpio.o(i.Gpio_SetIO)
    i.Gpio_SfHClkOutputConfig                0x00000524   Section        0  gpio.o(i.Gpio_SfHClkOutputConfig)
    i.HardFault_Handler                      0x00000560   Section        0  interrupts_hc32f072.o(i.HardFault_Handler)
    i.I2C0_IRQHandler                        0x00000570   Section        0  interrupts_hc32f072.o(i.I2C0_IRQHandler)
    i.I2C1_IRQHandler                        0x00000578   Section        0  interrupts_hc32f072.o(i.I2C1_IRQHandler)
    i.LPUART0_IRQHandler                     0x00000580   Section        0  interrupts_hc32f072.o(i.LPUART0_IRQHandler)
    i.LPUART1_IRQHandler                     0x00000588   Section        0  interrupts_hc32f072.o(i.LPUART1_IRQHandler)
    i.PCA_IRQHandler                         0x00000590   Section        0  interrupts_hc32f072.o(i.PCA_IRQHandler)
    i.PORTA_IRQHandler                       0x00000598   Section        0  interrupts_hc32f072.o(i.PORTA_IRQHandler)
    i.PORTB_IRQHandler                       0x000005a0   Section        0  interrupts_hc32f072.o(i.PORTB_IRQHandler)
    i.PORTC_E_IRQHandler                     0x000005a8   Section        0  interrupts_hc32f072.o(i.PORTC_E_IRQHandler)
    i.PORTD_F_IRQHandler                     0x000005b4   Section        0  interrupts_hc32f072.o(i.PORTD_F_IRQHandler)
    i.Port_init                              0x000005c0   Section        0  main.o(i.Port_init)
    i.SPI0_I2S0_IRQHandler                   0x00000606   Section        0  interrupts_hc32f072.o(i.SPI0_I2S0_IRQHandler)
    i.SPI1_I2S1_IRQHandler                   0x00000612   Section        0  interrupts_hc32f072.o(i.SPI1_I2S1_IRQHandler)
    i.SVC_Handler                            0x0000061e   Section        0  port.o(i.SVC_Handler)
    i.SetBit                                 0x00000620   Section        0  ddl.o(i.SetBit)
    i.SysTick_Handler                        0x00000640   Section        0  port.o(i.SysTick_Handler)
    i.Sysctrl_ClkSourceEnable                0x00000664   Section        0  sysctrl.o(i.Sysctrl_ClkSourceEnable)
    i.Sysctrl_GetHClkFreq                    0x00000780   Section        0  sysctrl.o(i.Sysctrl_GetHClkFreq)
    i.Sysctrl_SetPeripheralGate              0x000008f4   Section        0  sysctrl.o(i.Sysctrl_SetPeripheralGate)
    i.Sysctrl_SetRCHTrim                     0x0000092c   Section        0  sysctrl.o(i.Sysctrl_SetRCHTrim)
    i.Sysctrl_SetRCLTrim                     0x00000954   Section        0  sysctrl.o(i.Sysctrl_SetRCLTrim)
    i.Sysctrl_SysClkSwitch                   0x0000097c   Section        0  sysctrl.o(i.Sysctrl_SysClkSwitch)
    i.SystemCoreClockUpdate                  0x000009a8   Section        0  system_hc32f072.o(i.SystemCoreClockUpdate)
    i.SystemInit                             0x000009b8   Section        0  system_hc32f072.o(i.SystemInit)
    i.TIM0_IRQHandler                        0x000009c0   Section        0  interrupts_hc32f072.o(i.TIM0_IRQHandler)
    i.TIM1_IRQHandler                        0x000009c8   Section        0  interrupts_hc32f072.o(i.TIM1_IRQHandler)
    i.TIM2_IRQHandler                        0x000009d0   Section        0  interrupts_hc32f072.o(i.TIM2_IRQHandler)
    i.TIM3_IRQHandler                        0x000009d8   Section        0  interrupts_hc32f072.o(i.TIM3_IRQHandler)
    i.TIM4_IRQHandler                        0x000009e0   Section        0  interrupts_hc32f072.o(i.TIM4_IRQHandler)
    i.TIM5_IRQHandler                        0x000009e8   Section        0  interrupts_hc32f072.o(i.TIM5_IRQHandler)
    i.TIM6_IRQHandler                        0x000009f0   Section        0  interrupts_hc32f072.o(i.TIM6_IRQHandler)
    i.Task_Test                              0x000009f8   Section        0  main.o(i.Task_Test)
    i.UART0_2_IRQHandler                     0x00000a54   Section        0  interrupts_hc32f072.o(i.UART0_2_IRQHandler)
    i.UART1_3_IRQHandler                     0x00000a60   Section        0  interrupts_hc32f072.o(i.UART1_3_IRQHandler)
    i.USBFS_IRQHandler                       0x00000a6c   Section        0  interrupts_hc32f072.o(i.USBFS_IRQHandler)
    i.VC0_1_2_LVD_IRQHandler                 0x00000a74   Section        0  interrupts_hc32f072.o(i.VC0_1_2_LVD_IRQHandler)
    i.WDT_IRQHandler                         0x00000a88   Section        0  interrupts_hc32f072.o(i.WDT_IRQHandler)
    i._SysctrlUnlock                         0x00000a90   Section        0  sysctrl.o(i._SysctrlUnlock)
    _SysctrlUnlock                           0x00000a91   Thumb Code    12  sysctrl.o(i._SysctrlUnlock)
    i.__ARM_common_switch8                   0x00000aa8   Section        0  tasks.o(i.__ARM_common_switch8)
    i.__NVIC_SetPriority                     0x00000ac4   Section        0  main.o(i.__NVIC_SetPriority)
    __NVIC_SetPriority                       0x00000ac5   Thumb Code   110  main.o(i.__NVIC_SetPriority)
    i._sys_exit                              0x00000b3c   Section        0  ddl.o(i._sys_exit)
    i.main                                   0x00000b40   Section        0  main.o(i.main)
    i.prvAddCurrentTaskToDelayedList         0x00000c08   Section        0  tasks.o(i.prvAddCurrentTaskToDelayedList)
    prvAddCurrentTaskToDelayedList           0x00000c09   Thumb Code   100  tasks.o(i.prvAddCurrentTaskToDelayedList)
    i.prvAddNewTaskToReadyList               0x00000c84   Section        0  tasks.o(i.prvAddNewTaskToReadyList)
    prvAddNewTaskToReadyList                 0x00000c85   Thumb Code   140  tasks.o(i.prvAddNewTaskToReadyList)
    i.prvCheckTasksWaitingTermination        0x00000d28   Section        0  tasks.o(i.prvCheckTasksWaitingTermination)
    prvCheckTasksWaitingTermination          0x00000d29   Thumb Code    90  tasks.o(i.prvCheckTasksWaitingTermination)
    i.prvDeleteTCB                           0x00000d90   Section        0  tasks.o(i.prvDeleteTCB)
    prvDeleteTCB                             0x00000d91   Thumb Code    18  tasks.o(i.prvDeleteTCB)
    i.prvHeapInit                            0x00000da4   Section        0  heap_4.o(i.prvHeapInit)
    prvHeapInit                              0x00000da5   Thumb Code   100  heap_4.o(i.prvHeapInit)
    i.prvIdleTask                            0x00000e20   Section        0  tasks.o(i.prvIdleTask)
    prvIdleTask                              0x00000e21   Thumb Code    20  tasks.o(i.prvIdleTask)
    i.prvInitialiseNewTask                   0x00000e38   Section        0  tasks.o(i.prvInitialiseNewTask)
    prvInitialiseNewTask                     0x00000e39   Thumb Code   164  tasks.o(i.prvInitialiseNewTask)
    i.prvInitialiseTaskLists                 0x00000edc   Section        0  tasks.o(i.prvInitialiseTaskLists)
    prvInitialiseTaskLists                   0x00000edd   Thumb Code    68  tasks.o(i.prvInitialiseTaskLists)
    i.prvInsertBlockIntoFreeList             0x00000f40   Section        0  heap_4.o(i.prvInsertBlockIntoFreeList)
    prvInsertBlockIntoFreeList               0x00000f41   Thumb Code    96  heap_4.o(i.prvInsertBlockIntoFreeList)
    i.prvResetNextTaskUnblockTime            0x00000fa8   Section        0  tasks.o(i.prvResetNextTaskUnblockTime)
    prvResetNextTaskUnblockTime              0x00000fa9   Thumb Code    46  tasks.o(i.prvResetNextTaskUnblockTime)
    i.prvTaskExitError                       0x00000fe0   Section        0  port.o(i.prvTaskExitError)
    prvTaskExitError                         0x00000fe1   Thumb Code    32  port.o(i.prvTaskExitError)
    i.pvPortMalloc                           0x00001004   Section        0  heap_4.o(i.pvPortMalloc)
    i.pxPortInitialiseStack                  0x00001120   Section        0  port.o(i.pxPortInitialiseStack)
    i.uxListRemove                           0x00001140   Section        0  list.o(i.uxListRemove)
    i.vListInitialise                        0x00001168   Section        0  list.o(i.vListInitialise)
    i.vListInitialiseItem                    0x00001182   Section        0  list.o(i.vListInitialiseItem)
    i.vListInsert                            0x00001188   Section        0  list.o(i.vListInsert)
    i.vListInsertEnd                         0x000011be   Section        0  list.o(i.vListInsertEnd)
    i.vPortEnterCritical                     0x000011d8   Section        0  port.o(i.vPortEnterCritical)
    i.vPortExitCritical                      0x000011f4   Section        0  port.o(i.vPortExitCritical)
    i.vPortFree                              0x0000121c   Section        0  heap_4.o(i.vPortFree)
    i.vPortSetupTimerInterrupt               0x0000129c   Section        0  port.o(i.vPortSetupTimerInterrupt)
    i.vPortYield                             0x000012c0   Section        0  port.o(i.vPortYield)
    i.vTaskDelay                             0x000012d8   Section        0  tasks.o(i.vTaskDelay)
    i.vTaskStartScheduler                    0x0000131c   Section        0  tasks.o(i.vTaskStartScheduler)
    i.vTaskSuspendAll                        0x00001388   Section        0  tasks.o(i.vTaskSuspendAll)
    i.vTaskSwitchContext                     0x00001398   Section        0  tasks.o(i.vTaskSwitchContext)
    i.xPortStartScheduler                    0x00001418   Section        0  port.o(i.xPortStartScheduler)
    i.xTaskCreate                            0x00001450   Section        0  tasks.o(i.xTaskCreate)
    i.xTaskIncrementTick                     0x000014ac   Section        0  tasks.o(i.xTaskIncrementTick)
    i.xTaskResumeAll                         0x000015e8   Section        0  tasks.o(i.xTaskResumeAll)
    .constdata                               0x000016d8   Section       24  sysctrl.o(.constdata)
    .data                                    0x20000000   Section        8  main.o(.data)
    .data                                    0x20000008   Section       60  tasks.o(.data)
    pxDelayedTaskList                        0x2000000c   Data           4  tasks.o(.data)
    pxOverflowDelayedTaskList                0x20000010   Data           4  tasks.o(.data)
    uxDeletedTasksWaitingCleanUp             0x20000014   Data           4  tasks.o(.data)
    uxCurrentNumberOfTasks                   0x20000018   Data           4  tasks.o(.data)
    xTickCount                               0x2000001c   Data           4  tasks.o(.data)
    uxTopReadyPriority                       0x20000020   Data           4  tasks.o(.data)
    xSchedulerRunning                        0x20000024   Data           4  tasks.o(.data)
    uxPendedTicks                            0x20000028   Data           4  tasks.o(.data)
    xYieldPending                            0x2000002c   Data           4  tasks.o(.data)
    xNumOfOverflows                          0x20000030   Data           4  tasks.o(.data)
    uxTaskNumber                             0x20000034   Data           4  tasks.o(.data)
    xNextTaskUnblockTime                     0x20000038   Data           4  tasks.o(.data)
    xIdleTaskHandle                          0x2000003c   Data           4  tasks.o(.data)
    uxSchedulerSuspended                     0x20000040   Data           4  tasks.o(.data)
    .data                                    0x20000044   Section        4  port.o(.data)
    uxCriticalNesting                        0x20000044   Data           4  port.o(.data)
    .data                                    0x20000048   Section       24  heap_4.o(.data)
    xStart                                   0x20000048   Data           8  heap_4.o(.data)
    pxEnd                                    0x20000050   Data           4  heap_4.o(.data)
    xFreeBytesRemaining                      0x20000054   Data           4  heap_4.o(.data)
    xMinimumEverFreeBytesRemaining           0x20000058   Data           4  heap_4.o(.data)
    xBlockAllocatedBit                       0x2000005c   Data           4  heap_4.o(.data)
    .data                                    0x20000060   Section        4  system_hc32f072.o(.data)
    .bss                                     0x20000064   Section      240  tasks.o(.bss)
    pxReadyTasksLists                        0x20000064   Data         140  tasks.o(.bss)
    xDelayedTaskList1                        0x200000f0   Data          20  tasks.o(.bss)
    xDelayedTaskList2                        0x20000104   Data          20  tasks.o(.bss)
    xPendingReadyList                        0x20000118   Data          20  tasks.o(.bss)
    xTasksWaitingTermination                 0x2000012c   Data          20  tasks.o(.bss)
    xSuspendedTaskList                       0x20000140   Data          20  tasks.o(.bss)
    .bss                                     0x20000154   Section     3072  heap_4.o(.bss)
    ucHeap                                   0x20000154   Data        3072  heap_4.o(.bss)
    .bss                                     0x20000d54   Section       96  libspace.o(.bss)
    HEAP                                     0x20000db8   Section      512  startup_hc32f072.o(HEAP)
    Heap_Mem                                 0x20000db8   Data         512  startup_hc32f072.o(HEAP)
    STACK                                    0x20000fb8   Section      512  startup_hc32f072.o(STACK)
    Stack_Mem                                0x20000fb8   Data         512  startup_hc32f072.o(STACK)
    __initial_sp                             0x200011b8   Data           0  startup_hc32f072.o(STACK)

    Global Symbols

    Symbol Name                              Value     Ov Type        Size  Object(Section)

    BuildAttributes$$THM_ISAv3M$S$PE$A:L22$X:L11$S22$IEEE1$IW$USESV6$~STKCKD$USESV7$~SHL$OSPACE$ROPI$EBA8$UX$STANDARDLIB$REQ8$PRES8$EABIv2 0x00000000   Number         0  anon$$obj.o ABSOLUTE
    __ARM_use_no_argv                        0x00000000   Number         0  main.o ABSOLUTE
    __Vectors                                0x00000000   Data           0  startup_hc32f072.o(RESET)
    Adc_IRQHandler                            - Undefined Weak Reference
    Can_IRQHandler                            - Undefined Weak Reference
    ClkTrim_IRQHandler                        - Undefined Weak Reference
    Cts_IRQHandler                            - Undefined Weak Reference
    Dac_IRQHandler                            - Undefined Weak Reference
    Dmac_IRQHandler                           - Undefined Weak Reference
    Flash_IRQHandler                          - Undefined Weak Reference
    I2c0_IRQHandler                           - Undefined Weak Reference
    I2c1_IRQHandler                           - Undefined Weak Reference
    I2s0_IRQHandler                           - Undefined Weak Reference
    I2s1_IRQHandler                           - Undefined Weak Reference
    LpUart0_IRQHandler                        - Undefined Weak Reference
    LpUart1_IRQHandler                        - Undefined Weak Reference
    Lvd_IRQHandler                            - Undefined Weak Reference
    Pca_IRQHandler                            - Undefined Weak Reference
    PortA_IRQHandler                          - Undefined Weak Reference
    PortB_IRQHandler                          - Undefined Weak Reference
    PortC_IRQHandler                          - Undefined Weak Reference
    PortD_IRQHandler                          - Undefined Weak Reference
    PortE_IRQHandler                          - Undefined Weak Reference
    PortF_IRQHandler                          - Undefined Weak Reference
    Ram_IRQHandler                            - Undefined Weak Reference
    Spi0_IRQHandler                           - Undefined Weak Reference
    Spi1_IRQHandler                           - Undefined Weak Reference
    Tim0_IRQHandler                           - Undefined Weak Reference
    Tim1_IRQHandler                           - Undefined Weak Reference
    Tim2_IRQHandler                           - Undefined Weak Reference
    Tim3_IRQHandler                           - Undefined Weak Reference
    Tim4_IRQHandler                           - Undefined Weak Reference
    Tim5_IRQHandler                           - Undefined Weak Reference
    Tim6_IRQHandler                           - Undefined Weak Reference
    Uart0_IRQHandler                          - Undefined Weak Reference
    Uart1_IRQHandler                          - Undefined Weak Reference
    Uart2_IRQHandler                          - Undefined Weak Reference
    Uart3_IRQHandler                          - Undefined Weak Reference
    Usbfs_IRQHandler                          - Undefined Weak Reference
    Vc0_IRQHandler                            - Undefined Weak Reference
    Vc1_IRQHandler                            - Undefined Weak Reference
    Vc2_IRQHandler                            - Undefined Weak Reference
    Wdt_IRQHandler                            - Undefined Weak Reference
    __ARM_exceptions_init                     - Undefined Weak Reference
    __alloca_initialize                       - Undefined Weak Reference
    __arm_preinit_                            - Undefined Weak Reference
    __cpp_initialize__aeabi_                  - Undefined Weak Reference
    __cxa_finalize                            - Undefined Weak Reference
    __rt_locale                               - Undefined Weak Reference
    __sigvec_lookup                           - Undefined Weak Reference
    _atexit_init                              - Undefined Weak Reference
    _call_atexit_fns                          - Undefined Weak Reference
    _clock_init                               - Undefined Weak Reference
    _fp_trap_init                             - Undefined Weak Reference
    _fp_trap_shutdown                         - Undefined Weak Reference
    _get_lc_collate                           - Undefined Weak Reference
    _get_lc_ctype                             - Undefined Weak Reference
    _get_lc_monetary                          - Undefined Weak Reference
    _get_lc_numeric                           - Undefined Weak Reference
    _get_lc_time                              - Undefined Weak Reference
    _getenv_init                              - Undefined Weak Reference
    _handle_redirection                       - Undefined Weak Reference
    _init_alloc                               - Undefined Weak Reference
    _init_user_alloc                          - Undefined Weak Reference
    _initio                                   - Undefined Weak Reference
    _rand_init                                - Undefined Weak Reference
    _signal_finish                            - Undefined Weak Reference
    _signal_init                              - Undefined Weak Reference
    _terminate_alloc                          - Undefined Weak Reference
    _terminate_user_alloc                     - Undefined Weak Reference
    _terminateio                              - Undefined Weak Reference
    __Vectors_End                            0x000000c0   Data           0  startup_hc32f072.o(RESET)
    __Vectors_Size                           0x000000c0   Number         0  startup_hc32f072.o ABSOLUTE
    __main                                   0x000000c1   Thumb Code     8  __main.o(!!!main)
    __scatterload                            0x000000c9   Thumb Code     0  __scatter.o(!!!scatter)
    __scatterload_rt2                        0x000000c9   Thumb Code    52  __scatter.o(!!!scatter)
    __scatterload_rt2_thumb_only             0x000000c9   Thumb Code     0  __scatter.o(!!!scatter)
    __scatterload_null                       0x000000d9   Thumb Code     0  __scatter.o(!!!scatter)
    __scatterload_copy                       0x00000105   Thumb Code    26  __scatter_copy.o(!!handler_copy)
    __scatterload_zeroinit                   0x00000121   Thumb Code    28  __scatter_zi.o(!!handler_zi)
    __rt_lib_init                            0x0000013d   Thumb Code     0  libinit.o(.ARM.Collect$$libinit$$00000000)
    __rt_lib_init_alloca_1                   0x0000013f   Thumb Code     0  libinit2.o(.ARM.Collect$$libinit$$0000002E)
    __rt_lib_init_argv_1                     0x0000013f   Thumb Code     0  libinit2.o(.ARM.Collect$$libinit$$0000002C)
    __rt_lib_init_atexit_1                   0x0000013f   Thumb Code     0  libinit2.o(.ARM.Collect$$libinit$$0000001B)
    __rt_lib_init_clock_1                    0x0000013f   Thumb Code     0  libinit2.o(.ARM.Collect$$libinit$$00000021)
    __rt_lib_init_cpp_1                      0x0000013f   Thumb Code     0  libinit2.o(.ARM.Collect$$libinit$$00000032)
    __rt_lib_init_exceptions_1               0x0000013f   Thumb Code     0  libinit2.o(.ARM.Collect$$libinit$$00000030)
    __rt_lib_init_fp_1                       0x0000013f   Thumb Code     0  libinit2.o(.ARM.Collect$$libinit$$00000002)
    __rt_lib_init_fp_trap_1                  0x0000013f   Thumb Code     0  libinit2.o(.ARM.Collect$$libinit$$0000001F)
    __rt_lib_init_getenv_1                   0x0000013f   Thumb Code     0  libinit2.o(.ARM.Collect$$libinit$$00000023)
    __rt_lib_init_heap_1                     0x0000013f   Thumb Code     0  libinit2.o(.ARM.Collect$$libinit$$0000000A)
    __rt_lib_init_lc_collate_1               0x0000013f   Thumb Code     0  libinit2.o(.ARM.Collect$$libinit$$00000011)
    __rt_lib_init_lc_ctype_1                 0x0000013f   Thumb Code     0  libinit2.o(.ARM.Collect$$libinit$$00000013)
    __rt_lib_init_lc_monetary_1              0x0000013f   Thumb Code     0  libinit2.o(.ARM.Collect$$libinit$$00000015)
    __rt_lib_init_lc_numeric_1               0x0000013f   Thumb Code     0  libinit2.o(.ARM.Collect$$libinit$$00000017)
    __rt_lib_init_lc_time_1                  0x0000013f   Thumb Code     0  libinit2.o(.ARM.Collect$$libinit$$00000019)
    __rt_lib_init_preinit_1                  0x0000013f   Thumb Code     0  libinit2.o(.ARM.Collect$$libinit$$00000004)
    __rt_lib_init_rand_1                     0x0000013f   Thumb Code     0  libinit2.o(.ARM.Collect$$libinit$$0000000E)
    __rt_lib_init_return                     0x0000013f   Thumb Code     0  libinit2.o(.ARM.Collect$$libinit$$00000033)
    __rt_lib_init_signal_1                   0x0000013f   Thumb Code     0  libinit2.o(.ARM.Collect$$libinit$$0000001D)
    __rt_lib_init_stdio_1                    0x0000013f   Thumb Code     0  libinit2.o(.ARM.Collect$$libinit$$00000025)
    __rt_lib_init_user_alloc_1               0x0000013f   Thumb Code     0  libinit2.o(.ARM.Collect$$libinit$$0000000C)
    __rt_lib_shutdown                        0x00000141   Thumb Code     0  libshutdown.o(.ARM.Collect$$libshutdown$$00000000)
    __rt_lib_shutdown_cpp_1                  0x00000143   Thumb Code     0  libshutdown2.o(.ARM.Collect$$libshutdown$$00000002)
    __rt_lib_shutdown_fp_trap_1              0x00000143   Thumb Code     0  libshutdown2.o(.ARM.Collect$$libshutdown$$00000007)
    __rt_lib_shutdown_heap_1                 0x00000143   Thumb Code     0  libshutdown2.o(.ARM.Collect$$libshutdown$$0000000F)
    __rt_lib_shutdown_return                 0x00000143   Thumb Code     0  libshutdown2.o(.ARM.Collect$$libshutdown$$00000010)
    __rt_lib_shutdown_signal_1               0x00000143   Thumb Code     0  libshutdown2.o(.ARM.Collect$$libshutdown$$0000000A)
    __rt_lib_shutdown_stdio_1                0x00000143   Thumb Code     0  libshutdown2.o(.ARM.Collect$$libshutdown$$00000004)
    __rt_lib_shutdown_user_alloc_1           0x00000143   Thumb Code     0  libshutdown2.o(.ARM.Collect$$libshutdown$$0000000C)
    __rt_entry                               0x00000145   Thumb Code     0  __rtentry.o(.ARM.Collect$$rtentry$$00000000)
    __rt_entry_presh_1                       0x00000145   Thumb Code     0  __rtentry2.o(.ARM.Collect$$rtentry$$00000002)
    __rt_entry_sh                            0x00000145   Thumb Code     0  __rtentry4.o(.ARM.Collect$$rtentry$$00000004)
    __rt_entry_li                            0x0000014b   Thumb Code     0  __rtentry2.o(.ARM.Collect$$rtentry$$0000000A)
    __rt_entry_postsh_1                      0x0000014b   Thumb Code     0  __rtentry2.o(.ARM.Collect$$rtentry$$00000009)
    __rt_entry_main                          0x0000014f   Thumb Code     0  __rtentry2.o(.ARM.Collect$$rtentry$$0000000D)
    __rt_entry_postli_1                      0x0000014f   Thumb Code     0  __rtentry2.o(.ARM.Collect$$rtentry$$0000000C)
    __rt_exit                                0x00000157   Thumb Code     0  rtexit.o(.ARM.Collect$$rtexit$$00000000)
    __rt_exit_ls                             0x00000159   Thumb Code     0  rtexit2.o(.ARM.Collect$$rtexit$$00000003)
    __rt_exit_prels_1                        0x00000159   Thumb Code     0  rtexit2.o(.ARM.Collect$$rtexit$$00000002)
    __rt_exit_exit                           0x0000015d   Thumb Code     0  rtexit2.o(.ARM.Collect$$rtexit$$00000004)
    __asm___6_port_c_39a90d8d__prvPortStartFirstTask 0x00000165   Thumb Code    36  port.o(.emb_text)
    ulSetInterruptMaskFromISR                0x0000018d   Thumb Code     8  port.o(.emb_text)
    vClearInterruptMaskFromISR               0x00000195   Thumb Code     6  port.o(.emb_text)
    PendSV_Handler                           0x0000019b   Thumb Code    62  port.o(.emb_text)
    __aeabi_memcpy4                          0x000001dd   Thumb Code    56  rt_memcpy.o(.emb_text)
    __aeabi_memcpy8                          0x000001dd   Thumb Code     0  rt_memcpy.o(.emb_text)
    Reset_Handler                            0x00000215   Thumb Code    26  startup_hc32f072.o(.text)
    NMI_Handler                              0x0000022f   Thumb Code     2  startup_hc32f072.o(.text)
    Dummy_Handler                            0x00000239   Thumb Code     0  startup_hc32f072.o(.text)
    __user_initial_stackheap                 0x0000023d   Thumb Code     0  startup_hc32f072.o(.text)
    __use_no_semihosting                     0x0000026d   Thumb Code     2  use_no_semi_2.o(.text)
    __aeabi_uidiv                            0x0000026f   Thumb Code     0  aeabi_sdiv.o(.text)
    __aeabi_uidivmod                         0x0000026f   Thumb Code    20  aeabi_sdiv.o(.text)
    __aeabi_idiv                             0x00000283   Thumb Code     0  aeabi_sdiv.o(.text)
    __aeabi_idivmod                          0x00000283   Thumb Code   326  aeabi_sdiv.o(.text)
    __use_two_region_memory                  0x000003c9   Thumb Code     2  heapauxi.o(.text)
    __rt_heap_escrow$2region                 0x000003cb   Thumb Code     2  heapauxi.o(.text)
    __rt_heap_expand$2region                 0x000003cd   Thumb Code     2  heapauxi.o(.text)
    __I$use$semihosting                      0x000003cf   Thumb Code     0  use_no_semi.o(.text)
    __use_no_semihosting_swi                 0x000003cf   Thumb Code     2  use_no_semi.o(.text)
    __user_setup_stackheap                   0x000003d1   Thumb Code    62  sys_stackheap_outer.o(.text)
    exit                                     0x0000040f   Thumb Code    16  exit.o(.text)
    __user_libspace                          0x00000421   Thumb Code     8  libspace.o(.text)
    __user_perproc_libspace                  0x00000421   Thumb Code     0  libspace.o(.text)
    __user_perthread_libspace                0x00000421   Thumb Code     0  libspace.o(.text)
    ADC_DAC_IRQHandler                       0x00000429   Thumb Code    12  interrupts_hc32f072.o(i.ADC_DAC_IRQHandler)
    CAN_IRQHandler                           0x00000435   Thumb Code     8  interrupts_hc32f072.o(i.CAN_IRQHandler)
    CLKTRIM_CTS_IRQHandler                   0x0000043d   Thumb Code    12  interrupts_hc32f072.o(i.CLKTRIM_CTS_IRQHandler)
    DMAC_IRQHandler                          0x00000449   Thumb Code     8  interrupts_hc32f072.o(i.DMAC_IRQHandler)
    FLASH_RAM_IRQHandler                     0x00000451   Thumb Code    12  interrupts_hc32f072.o(i.FLASH_RAM_IRQHandler)
    Gpio_ClrIO                               0x0000045d   Thumb Code    22  gpio.o(i.Gpio_ClrIO)
    Gpio_Init                                0x00000479   Thumb Code   130  gpio.o(i.Gpio_Init)
    Gpio_SetIO                               0x00000509   Thumb Code    22  gpio.o(i.Gpio_SetIO)
    Gpio_SfHClkOutputConfig                  0x00000525   Thumb Code    56  gpio.o(i.Gpio_SfHClkOutputConfig)
    HardFault_Handler                        0x00000561   Thumb Code    16  interrupts_hc32f072.o(i.HardFault_Handler)
    I2C0_IRQHandler                          0x00000571   Thumb Code     8  interrupts_hc32f072.o(i.I2C0_IRQHandler)
    I2C1_IRQHandler                          0x00000579   Thumb Code     8  interrupts_hc32f072.o(i.I2C1_IRQHandler)
    LPUART0_IRQHandler                       0x00000581   Thumb Code     8  interrupts_hc32f072.o(i.LPUART0_IRQHandler)
    LPUART1_IRQHandler                       0x00000589   Thumb Code     8  interrupts_hc32f072.o(i.LPUART1_IRQHandler)
    PCA_IRQHandler                           0x00000591   Thumb Code     8  interrupts_hc32f072.o(i.PCA_IRQHandler)
    PORTA_IRQHandler                         0x00000599   Thumb Code     8  interrupts_hc32f072.o(i.PORTA_IRQHandler)
    PORTB_IRQHandler                         0x000005a1   Thumb Code     8  interrupts_hc32f072.o(i.PORTB_IRQHandler)
    PORTC_E_IRQHandler                       0x000005a9   Thumb Code    12  interrupts_hc32f072.o(i.PORTC_E_IRQHandler)
    PORTD_F_IRQHandler                       0x000005b5   Thumb Code    12  interrupts_hc32f072.o(i.PORTD_F_IRQHandler)
    Port_init                                0x000005c1   Thumb Code    70  main.o(i.Port_init)
    SPI0_I2S0_IRQHandler                     0x00000607   Thumb Code    12  interrupts_hc32f072.o(i.SPI0_I2S0_IRQHandler)
    SPI1_I2S1_IRQHandler                     0x00000613   Thumb Code    12  interrupts_hc32f072.o(i.SPI1_I2S1_IRQHandler)
    SVC_Handler                              0x0000061f   Thumb Code     2  port.o(i.SVC_Handler)
    SetBit                                   0x00000621   Thumb Code    30  ddl.o(i.SetBit)
    SysTick_Handler                          0x00000641   Thumb Code    32  port.o(i.SysTick_Handler)
    Sysctrl_ClkSourceEnable                  0x00000665   Thumb Code   272  sysctrl.o(i.Sysctrl_ClkSourceEnable)
    Sysctrl_GetHClkFreq                      0x00000781   Thumb Code   354  sysctrl.o(i.Sysctrl_GetHClkFreq)
    Sysctrl_SetPeripheralGate                0x000008f5   Thumb Code    50  sysctrl.o(i.Sysctrl_SetPeripheralGate)
    Sysctrl_SetRCHTrim                       0x0000092d   Thumb Code    32  sysctrl.o(i.Sysctrl_SetRCHTrim)
    Sysctrl_SetRCLTrim                       0x00000955   Thumb Code    32  sysctrl.o(i.Sysctrl_SetRCLTrim)
    Sysctrl_SysClkSwitch                     0x0000097d   Thumb Code    40  sysctrl.o(i.Sysctrl_SysClkSwitch)
    SystemCoreClockUpdate                    0x000009a9   Thumb Code    12  system_hc32f072.o(i.SystemCoreClockUpdate)
    SystemInit                               0x000009b9   Thumb Code     8  system_hc32f072.o(i.SystemInit)
    TIM0_IRQHandler                          0x000009c1   Thumb Code     8  interrupts_hc32f072.o(i.TIM0_IRQHandler)
    TIM1_IRQHandler                          0x000009c9   Thumb Code     8  interrupts_hc32f072.o(i.TIM1_IRQHandler)
    TIM2_IRQHandler                          0x000009d1   Thumb Code     8  interrupts_hc32f072.o(i.TIM2_IRQHandler)
    TIM3_IRQHandler                          0x000009d9   Thumb Code     8  interrupts_hc32f072.o(i.TIM3_IRQHandler)
    TIM4_IRQHandler                          0x000009e1   Thumb Code     8  interrupts_hc32f072.o(i.TIM4_IRQHandler)
    TIM5_IRQHandler                          0x000009e9   Thumb Code     8  interrupts_hc32f072.o(i.TIM5_IRQHandler)
    TIM6_IRQHandler                          0x000009f1   Thumb Code     8  interrupts_hc32f072.o(i.TIM6_IRQHandler)
    Task_Test                                0x000009f9   Thumb Code    92  main.o(i.Task_Test)
    UART0_2_IRQHandler                       0x00000a55   Thumb Code    12  interrupts_hc32f072.o(i.UART0_2_IRQHandler)
    UART1_3_IRQHandler                       0x00000a61   Thumb Code    12  interrupts_hc32f072.o(i.UART1_3_IRQHandler)
    USBFS_IRQHandler                         0x00000a6d   Thumb Code     8  interrupts_hc32f072.o(i.USBFS_IRQHandler)
    VC0_1_2_LVD_IRQHandler                   0x00000a75   Thumb Code    20  interrupts_hc32f072.o(i.VC0_1_2_LVD_IRQHandler)
    WDT_IRQHandler                           0x00000a89   Thumb Code     8  interrupts_hc32f072.o(i.WDT_IRQHandler)
    __ARM_common_switch8                     0x00000aa9   Thumb Code    28  tasks.o(i.__ARM_common_switch8)
    _sys_exit                                0x00000b3d   Thumb Code     4  ddl.o(i._sys_exit)
    main                                     0x00000b41   Thumb Code   162  main.o(i.main)
    pvPortMalloc                             0x00001005   Thumb Code   264  heap_4.o(i.pvPortMalloc)
    pxPortInitialiseStack                    0x00001121   Thumb Code    26  port.o(i.pxPortInitialiseStack)
    uxListRemove                             0x00001141   Thumb Code    40  list.o(i.uxListRemove)
    vListInitialise                          0x00001169   Thumb Code    26  list.o(i.vListInitialise)
    vListInitialiseItem                      0x00001183   Thumb Code     6  list.o(i.vListInitialiseItem)
    vListInsert                              0x00001189   Thumb Code    54  list.o(i.vListInsert)
    vListInsertEnd                           0x000011bf   Thumb Code    24  list.o(i.vListInsertEnd)
    vPortEnterCritical                       0x000011d9   Thumb Code    22  port.o(i.vPortEnterCritical)
    vPortExitCritical                        0x000011f5   Thumb Code    36  port.o(i.vPortExitCritical)
    vPortFree                                0x0000121d   Thumb Code   120  heap_4.o(i.vPortFree)
    vPortSetupTimerInterrupt                 0x0000129d   Thumb Code    26  port.o(i.vPortSetupTimerInterrupt)
    vPortYield                               0x000012c1   Thumb Code    18  port.o(i.vPortYield)
    vTaskDelay                               0x000012d9   Thumb Code    62  tasks.o(i.vTaskDelay)
    vTaskStartScheduler                      0x0000131d   Thumb Code    80  tasks.o(i.vTaskStartScheduler)
    vTaskSuspendAll                          0x00001389   Thumb Code    12  tasks.o(i.vTaskSuspendAll)
    vTaskSwitchContext                       0x00001399   Thumb Code   108  tasks.o(i.vTaskSwitchContext)
    xPortStartScheduler                      0x00001419   Thumb Code    48  port.o(i.xPortStartScheduler)
    xTaskCreate                              0x00001451   Thumb Code    92  tasks.o(i.xTaskCreate)
    xTaskIncrementTick                       0x000014ad   Thumb Code   270  tasks.o(i.xTaskIncrementTick)
    xTaskResumeAll                           0x000015e9   Thumb Code   206  tasks.o(i.xTaskResumeAll)
    Region$$Table$$Base                      0x000016f0   Number         0  anon$$obj.o(Region$$Table)
    Region$$Table$$Limit                     0x00001710   Number         0  anon$$obj.o(Region$$Table)
    Hd_Test_Task                             0x20000000   Data           4  main.o(.data)
    clk_data                                 0x20000004   Data           4  main.o(.data)
    pxCurrentTCB                             0x20000008   Data           4  tasks.o(.data)
    SystemCoreClock                          0x20000060   Data           4  system_hc32f072.o(.data)
    __libspace_start                         0x20000d54   Data          96  libspace.o(.bss)
    __temporary_stack_top$libspace           0x20000db4   Data           0  libspace.o(.bss)



==============================================================================

Memory Map of the image

  Image Entry point : 0x000000c1

  Load Region LR_IROM1 (Base: 0x00000000, Size: 0x00001774, Max: 0x00040000, ABSOLUTE)

    Execution Region ER_IROM1 (Base: 0x00000000, Size: 0x00001710, Max: 0x00040000, ABSOLUTE)

    Base Addr    Size         Type   Attr      Idx    E Section Name        Object

    0x00000000   0x000000c0   Data   RO         4913    RESET               startup_hc32f072.o
    0x000000c0   0x00000008   Code   RO         4934  * !!!main             c_p.l(__main.o)
    0x000000c8   0x0000003c   Code   RO         5099    !!!scatter          c_p.l(__scatter.o)
    0x00000104   0x0000001a   Code   RO         5101    !!handler_copy      c_p.l(__scatter_copy.o)
    0x0000011e   0x00000002   PAD
    0x00000120   0x0000001c   Code   RO         5103    !!handler_zi        c_p.l(__scatter_zi.o)
    0x0000013c   0x00000002   Code   RO         4974    .ARM.Collect$$libinit$$00000000  c_p.l(libinit.o)
    0x0000013e   0x00000000   Code   RO         4988    .ARM.Collect$$libinit$$00000002  c_p.l(libinit2.o)
    0x0000013e   0x00000000   Code   RO         4990    .ARM.Collect$$libinit$$00000004  c_p.l(libinit2.o)
    0x0000013e   0x00000000   Code   RO         4993    .ARM.Collect$$libinit$$0000000A  c_p.l(libinit2.o)
    0x0000013e   0x00000000   Code   RO         4995    .ARM.Collect$$libinit$$0000000C  c_p.l(libinit2.o)
    0x0000013e   0x00000000   Code   RO         4997    .ARM.Collect$$libinit$$0000000E  c_p.l(libinit2.o)
    0x0000013e   0x00000000   Code   RO         5000    .ARM.Collect$$libinit$$00000011  c_p.l(libinit2.o)
    0x0000013e   0x00000000   Code   RO         5002    .ARM.Collect$$libinit$$00000013  c_p.l(libinit2.o)
    0x0000013e   0x00000000   Code   RO         5004    .ARM.Collect$$libinit$$00000015  c_p.l(libinit2.o)
    0x0000013e   0x00000000   Code   RO         5006    .ARM.Collect$$libinit$$00000017  c_p.l(libinit2.o)
    0x0000013e   0x00000000   Code   RO         5008    .ARM.Collect$$libinit$$00000019  c_p.l(libinit2.o)
    0x0000013e   0x00000000   Code   RO         5010    .ARM.Collect$$libinit$$0000001B  c_p.l(libinit2.o)
    0x0000013e   0x00000000   Code   RO         5012    .ARM.Collect$$libinit$$0000001D  c_p.l(libinit2.o)
    0x0000013e   0x00000000   Code   RO         5014    .ARM.Collect$$libinit$$0000001F  c_p.l(libinit2.o)
    0x0000013e   0x00000000   Code   RO         5016    .ARM.Collect$$libinit$$00000021  c_p.l(libinit2.o)
    0x0000013e   0x00000000   Code   RO         5018    .ARM.Collect$$libinit$$00000023  c_p.l(libinit2.o)
    0x0000013e   0x00000000   Code   RO         5020    .ARM.Collect$$libinit$$00000025  c_p.l(libinit2.o)
    0x0000013e   0x00000000   Code   RO         5024    .ARM.Collect$$libinit$$0000002C  c_p.l(libinit2.o)
    0x0000013e   0x00000000   Code   RO         5026    .ARM.Collect$$libinit$$0000002E  c_p.l(libinit2.o)
    0x0000013e   0x00000000   Code   RO         5028    .ARM.Collect$$libinit$$00000030  c_p.l(libinit2.o)
    0x0000013e   0x00000000   Code   RO         5030    .ARM.Collect$$libinit$$00000032  c_p.l(libinit2.o)
    0x0000013e   0x00000002   Code   RO         5031    .ARM.Collect$$libinit$$00000033  c_p.l(libinit2.o)
    0x00000140   0x00000002   Code   RO         5055    .ARM.Collect$$libshutdown$$00000000  c_p.l(libshutdown.o)
    0x00000142   0x00000000   Code   RO         5081    .ARM.Collect$$libshutdown$$00000002  c_p.l(libshutdown2.o)
    0x00000142   0x00000000   Code   RO         5083    .ARM.Collect$$libshutdown$$00000004  c_p.l(libshutdown2.o)
    0x00000142   0x00000000   Code   RO         5086    .ARM.Collect$$libshutdown$$00000007  c_p.l(libshutdown2.o)
    0x00000142   0x00000000   Code   RO         5089    .ARM.Collect$$libshutdown$$0000000A  c_p.l(libshutdown2.o)
    0x00000142   0x00000000   Code   RO         5091    .ARM.Collect$$libshutdown$$0000000C  c_p.l(libshutdown2.o)
    0x00000142   0x00000000   Code   RO         5094    .ARM.Collect$$libshutdown$$0000000F  c_p.l(libshutdown2.o)
    0x00000142   0x00000002   Code   RO         5095    .ARM.Collect$$libshutdown$$00000010  c_p.l(libshutdown2.o)
    0x00000144   0x00000000   Code   RO         4938    .ARM.Collect$$rtentry$$00000000  c_p.l(__rtentry.o)
    0x00000144   0x00000000   Code   RO         4944    .ARM.Collect$$rtentry$$00000002  c_p.l(__rtentry2.o)
    0x00000144   0x00000006   Code   RO         4956    .ARM.Collect$$rtentry$$00000004  c_p.l(__rtentry4.o)
    0x0000014a   0x00000000   Code   RO         4946    .ARM.Collect$$rtentry$$00000009  c_p.l(__rtentry2.o)
    0x0000014a   0x00000004   Code   RO         4947    .ARM.Collect$$rtentry$$0000000A  c_p.l(__rtentry2.o)
    0x0000014e   0x00000000   Code   RO         4949    .ARM.Collect$$rtentry$$0000000C  c_p.l(__rtentry2.o)
    0x0000014e   0x00000008   Code   RO         4950    .ARM.Collect$$rtentry$$0000000D  c_p.l(__rtentry2.o)
    0x00000156   0x00000002   Code   RO         4979    .ARM.Collect$$rtexit$$00000000  c_p.l(rtexit.o)
    0x00000158   0x00000000   Code   RO         5033    .ARM.Collect$$rtexit$$00000002  c_p.l(rtexit2.o)
    0x00000158   0x00000004   Code   RO         5034    .ARM.Collect$$rtexit$$00000003  c_p.l(rtexit2.o)
    0x0000015c   0x00000006   Code   RO         5035    .ARM.Collect$$rtexit$$00000004  c_p.l(rtexit2.o)
    0x00000162   0x00000002   PAD
    0x00000164   0x00000078   Code   RO          720    .emb_text           port.o
    0x000001dc   0x00000038   Code   RO         4922    .emb_text           c_p.l(rt_memcpy.o)
    0x00000214   0x00000058   Code   RO         4914    .text               startup_hc32f072.o
    0x0000026c   0x00000002   Code   RO         4920    .text               c_p.l(use_no_semi_2.o)
    0x0000026e   0x0000015a   Code   RO         4928    .text               c_p.l(aeabi_sdiv.o)
    0x000003c8   0x00000006   Code   RO         4932    .text               c_p.l(heapauxi.o)
    0x000003ce   0x00000002   Code   RO         4936    .text               c_p.l(use_no_semi.o)
    0x000003d0   0x0000003e   Code   RO         4960    .text               c_p.l(sys_stackheap_outer.o)
    0x0000040e   0x00000010   Code   RO         4963    .text               c_p.l(exit.o)
    0x0000041e   0x00000002   PAD
    0x00000420   0x00000008   Code   RO         4975    .text               c_p.l(libspace.o)
    0x00000428   0x0000000c   Code   RO         4670    i.ADC_DAC_IRQHandler  interrupts_hc32f072.o
    0x00000434   0x00000008   Code   RO         4671    i.CAN_IRQHandler    interrupts_hc32f072.o
    0x0000043c   0x0000000c   Code   RO         4672    i.CLKTRIM_CTS_IRQHandler  interrupts_hc32f072.o
    0x00000448   0x00000008   Code   RO         4673    i.DMAC_IRQHandler   interrupts_hc32f072.o
    0x00000450   0x0000000c   Code   RO         4675    i.FLASH_RAM_IRQHandler  interrupts_hc32f072.o
    0x0000045c   0x0000001c   Code   RO         2853    i.Gpio_ClrIO        gpio.o
    0x00000478   0x00000090   Code   RO         2860    i.Gpio_Init         gpio.o
    0x00000508   0x0000001c   Code   RO         2865    i.Gpio_SetIO        gpio.o
    0x00000524   0x0000003c   Code   RO         2868    i.Gpio_SfHClkOutputConfig  gpio.o
    0x00000560   0x00000010   Code   RO         4676    i.HardFault_Handler  interrupts_hc32f072.o
    0x00000570   0x00000008   Code   RO         4677    i.I2C0_IRQHandler   interrupts_hc32f072.o
    0x00000578   0x00000008   Code   RO         4678    i.I2C1_IRQHandler   interrupts_hc32f072.o
    0x00000580   0x00000008   Code   RO         4679    i.LPUART0_IRQHandler  interrupts_hc32f072.o
    0x00000588   0x00000008   Code   RO         4680    i.LPUART1_IRQHandler  interrupts_hc32f072.o
    0x00000590   0x00000008   Code   RO         4681    i.PCA_IRQHandler    interrupts_hc32f072.o
    0x00000598   0x00000008   Code   RO         4682    i.PORTA_IRQHandler  interrupts_hc32f072.o
    0x000005a0   0x00000008   Code   RO         4683    i.PORTB_IRQHandler  interrupts_hc32f072.o
    0x000005a8   0x0000000c   Code   RO         4684    i.PORTC_E_IRQHandler  interrupts_hc32f072.o
    0x000005b4   0x0000000c   Code   RO         4685    i.PORTD_F_IRQHandler  interrupts_hc32f072.o
    0x000005c0   0x00000046   Code   RO            3    i.Port_init         main.o
    0x00000606   0x0000000c   Code   RO         4686    i.SPI0_I2S0_IRQHandler  interrupts_hc32f072.o
    0x00000612   0x0000000c   Code   RO         4687    i.SPI1_I2S1_IRQHandler  interrupts_hc32f072.o
    0x0000061e   0x00000002   Code   RO          721    i.SVC_Handler       port.o
    0x00000620   0x0000001e   Code   RO         2464    i.SetBit            ddl.o
    0x0000063e   0x00000002   PAD
    0x00000640   0x00000024   Code   RO          722    i.SysTick_Handler   port.o
    0x00000664   0x0000011c   Code   RO         3841    i.Sysctrl_ClkSourceEnable  sysctrl.o
    0x00000780   0x00000174   Code   RO         3842    i.Sysctrl_GetHClkFreq  sysctrl.o
    0x000008f4   0x00000038   Code   RO         3850    i.Sysctrl_SetPeripheralGate  sysctrl.o
    0x0000092c   0x00000028   Code   RO         3851    i.Sysctrl_SetRCHTrim  sysctrl.o
    0x00000954   0x00000028   Code   RO         3853    i.Sysctrl_SetRCLTrim  sysctrl.o
    0x0000097c   0x0000002c   Code   RO         3857    i.Sysctrl_SysClkSwitch  sysctrl.o
    0x000009a8   0x00000010   Code   RO         4872    i.SystemCoreClockUpdate  system_hc32f072.o
    0x000009b8   0x00000008   Code   RO         4873    i.SystemInit        system_hc32f072.o
    0x000009c0   0x00000008   Code   RO         4688    i.TIM0_IRQHandler   interrupts_hc32f072.o
    0x000009c8   0x00000008   Code   RO         4689    i.TIM1_IRQHandler   interrupts_hc32f072.o
    0x000009d0   0x00000008   Code   RO         4690    i.TIM2_IRQHandler   interrupts_hc32f072.o
    0x000009d8   0x00000008   Code   RO         4691    i.TIM3_IRQHandler   interrupts_hc32f072.o
    0x000009e0   0x00000008   Code   RO         4692    i.TIM4_IRQHandler   interrupts_hc32f072.o
    0x000009e8   0x00000008   Code   RO         4693    i.TIM5_IRQHandler   interrupts_hc32f072.o
    0x000009f0   0x00000008   Code   RO         4694    i.TIM6_IRQHandler   interrupts_hc32f072.o
    0x000009f8   0x0000005c   Code   RO            4    i.Task_Test         main.o
    0x00000a54   0x0000000c   Code   RO         4695    i.UART0_2_IRQHandler  interrupts_hc32f072.o
    0x00000a60   0x0000000c   Code   RO         4696    i.UART1_3_IRQHandler  interrupts_hc32f072.o
    0x00000a6c   0x00000008   Code   RO         4697    i.USBFS_IRQHandler  interrupts_hc32f072.o
    0x00000a74   0x00000014   Code   RO         4698    i.VC0_1_2_LVD_IRQHandler  interrupts_hc32f072.o
    0x00000a88   0x00000008   Code   RO         4699    i.WDT_IRQHandler    interrupts_hc32f072.o
    0x00000a90   0x00000018   Code   RO         3860    i._SysctrlUnlock    sysctrl.o
    0x00000aa8   0x0000001c   Code   RO          706    i.__ARM_common_switch8  tasks.o
    0x00000ac4   0x00000078   Code   RO            5    i.__NVIC_SetPriority  main.o
    0x00000b3c   0x00000004   Code   RO         2466    i._sys_exit         ddl.o
    0x00000b40   0x000000c8   Code   RO            6    i.main              main.o
    0x00000c08   0x0000007c   Code   RO          427    i.prvAddCurrentTaskToDelayedList  tasks.o
    0x00000c84   0x000000a4   Code   RO          428    i.prvAddNewTaskToReadyList  tasks.o
    0x00000d28   0x00000068   Code   RO          429    i.prvCheckTasksWaitingTermination  tasks.o
    0x00000d90   0x00000012   Code   RO          430    i.prvDeleteTCB      tasks.o
    0x00000da2   0x00000002   PAD
    0x00000da4   0x0000007c   Code   RO         1153    i.prvHeapInit       heap_4.o
    0x00000e20   0x00000018   Code   RO          431    i.prvIdleTask       tasks.o
    0x00000e38   0x000000a4   Code   RO          432    i.prvInitialiseNewTask  tasks.o
    0x00000edc   0x00000064   Code   RO          433    i.prvInitialiseTaskLists  tasks.o
    0x00000f40   0x00000068   Code   RO         1154    i.prvInsertBlockIntoFreeList  heap_4.o
    0x00000fa8   0x00000038   Code   RO          434    i.prvResetNextTaskUnblockTime  tasks.o
    0x00000fe0   0x00000024   Code   RO          723    i.prvTaskExitError  port.o
    0x00001004   0x0000011c   Code   RO         1155    i.pvPortMalloc      heap_4.o
    0x00001120   0x00000020   Code   RO          724    i.pxPortInitialiseStack  port.o
    0x00001140   0x00000028   Code   RO          235    i.uxListRemove      list.o
    0x00001168   0x0000001a   Code   RO          236    i.vListInitialise   list.o
    0x00001182   0x00000006   Code   RO          237    i.vListInitialiseItem  list.o
    0x00001188   0x00000036   Code   RO          238    i.vListInsert       list.o
    0x000011be   0x00000018   Code   RO          239    i.vListInsertEnd    list.o
    0x000011d6   0x00000002   PAD
    0x000011d8   0x0000001c   Code   RO          726    i.vPortEnterCritical  port.o
    0x000011f4   0x00000028   Code   RO          727    i.vPortExitCritical  port.o
    0x0000121c   0x00000080   Code   RO         1156    i.vPortFree         heap_4.o
    0x0000129c   0x00000024   Code   RO          728    i.vPortSetupTimerInterrupt  port.o
    0x000012c0   0x00000018   Code   RO          729    i.vPortYield        port.o
    0x000012d8   0x00000044   Code   RO          442    i.vTaskDelay        tasks.o
    0x0000131c   0x0000006c   Code   RO          453    i.vTaskStartScheduler  tasks.o
    0x00001388   0x00000010   Code   RO          455    i.vTaskSuspendAll   tasks.o
    0x00001398   0x00000080   Code   RO          456    i.vTaskSwitchContext  tasks.o
    0x00001418   0x00000038   Code   RO          730    i.xPortStartScheduler  port.o
    0x00001450   0x0000005c   Code   RO          458    i.xTaskCreate       tasks.o
    0x000014ac   0x0000013c   Code   RO          465    i.xTaskIncrementTick  tasks.o
    0x000015e8   0x000000f0   Code   RO          471    i.xTaskResumeAll    tasks.o
    0x000016d8   0x00000018   Data   RO         3861    .constdata          sysctrl.o
    0x000016f0   0x00000020   Data   RO         5097    Region$$Table       anon$$obj.o


    Execution Region RW_IRAM1 (Base: 0x20000000, Size: 0x000011b8, Max: 0x00020000, ABSOLUTE)

    Base Addr    Size         Type   Attr      Idx    E Section Name        Object

    0x20000000   0x00000008   Data   RW            7    .data               main.o
    0x20000008   0x0000003c   Data   RW          474    .data               tasks.o
    0x20000044   0x00000004   Data   RW          731    .data               port.o
    0x20000048   0x00000018   Data   RW         1161    .data               heap_4.o
    0x20000060   0x00000004   Data   RW         4874    .data               system_hc32f072.o
    0x20000064   0x000000f0   Zero   RW          473    .bss                tasks.o
    0x20000154   0x00000c00   Zero   RW         1160    .bss                heap_4.o
    0x20000d54   0x00000060   Zero   RW         4976    .bss                c_p.l(libspace.o)
    0x20000db4   0x00000004   PAD
    0x20000db8   0x00000200   Zero   RW         4912    HEAP                startup_hc32f072.o
    0x20000fb8   0x00000200   Zero   RW         4911    STACK               startup_hc32f072.o


==============================================================================

Image component sizes


      Code (inc. data)   RO Data    RW Data    ZI Data      Debug   Object Name

        34          0          0          0          0        949   ddl.o
         0          0          0          0          0       1472   event_groups.o
       260         30          0          0          0       2564   gpio.o
       640         60          0         24       3072       4183   heap_4.o
       288          0          0          0          0      13470   interrupts_hc32f072.o
       150          0          0          0          0       3066   list.o
       482         48          0          8          0     174583   main.o
       410         58          0          4          0       6779   port.o
        88         40        192          0       1024        636   startup_hc32f072.o
       860         84         24          0          0       5205   sysctrl.o
        24          4          0          4          0       1139   system_hc32f072.o
      1750        246          0         60        240      13721   tasks.o

    ----------------------------------------------------------------------
      4992        570        248        100       4336     227767   Object Totals
         0          0         32          0          0          0   (incl. Generated)
         6          0          0          0          0          0   (incl. Padding)

    ----------------------------------------------------------------------

      Code (inc. data)   RO Data    RW Data    ZI Data      Debug   Library Member Name

         8          0          0          0          0         68   __main.o
         0          0          0          0          0          0   __rtentry.o
        12          0          0          0          0          0   __rtentry2.o
         6          0          0          0          0          0   __rtentry4.o
        60          8          0          0          0          0   __scatter.o
        26          0          0          0          0          0   __scatter_copy.o
        28          0          0          0          0          0   __scatter_zi.o
       346          0          0          0          0         92   aeabi_sdiv.o
        16          0          0          0          0         68   exit.o
         6          0          0          0          0        136   heapauxi.o
         2          0          0          0          0          0   libinit.o
         2          0          0          0          0          0   libinit2.o
         2          0          0          0          0          0   libshutdown.o
         2          0          0          0          0          0   libshutdown2.o
         8          4          0          0         96         68   libspace.o
        56          0          0          0          0         68   rt_memcpy.o
         2          0          0          0          0          0   rtexit.o
        10          0          0          0          0          0   rtexit2.o
        62          0          0          0          0         80   sys_stackheap_outer.o
         2          0          0          0          0         68   use_no_semi.o
         2          0          0          0          0         68   use_no_semi_2.o

    ----------------------------------------------------------------------
       664         12          0          0        100        716   Library Totals
         6          0          0          0          4          0   (incl. Padding)

    ----------------------------------------------------------------------

      Code (inc. data)   RO Data    RW Data    ZI Data      Debug   Library Name

       658         12          0          0         96        716   c_p.l

    ----------------------------------------------------------------------
       664         12          0          0        100        716   Library Totals

    ----------------------------------------------------------------------

==============================================================================


      Code (inc. data)   RO Data    RW Data    ZI Data      Debug   

      5656        582        248        100       4436     224839   Grand Totals
      5656        582        248        100       4436     224839   ELF Image Totals
      5656        582        248        100          0          0   ROM Totals

==============================================================================

    Total RO  Size (Code + RO Data)                 5904 (   5.77kB)
    Total RW  Size (RW Data + ZI Data)              4536 (   4.43kB)
    Total ROM Size (Code + RO Data + RW Data)       6004 (   5.86kB)

==============================================================================

