Component: ARM Compiler 6.13.1 Tool: armlink [5d895400]

==============================================================================

Section Cross References

    main.o(.ARM.exidx.text.App_LpIODeepSleepCfg) refers to main.o(.text.App_LpIODeepSleepCfg) for [Anonymous Symbol]
    main.o(.text.main) refers to sysctrl.o(.text.Sysctrl_SetRCLTrim) for Sysctrl_SetRCLTrim
    main.o(.text.main) refers to sysctrl.o(.text.Sysctrl_ClkSourceEnable) for Sysctrl_ClkSourceEnable
    main.o(.text.main) refers to sysctrl.o(.text.Sysctrl_SysClkSwitch) for Sysctrl_SysClkSwitch
    main.o(.text.main) refers to sysctrl.o(.text.Sysctrl_SetPeripheralGate) for Sysctrl_SetPeripheralGate
    main.o(.text.main) refers to flash.o(.text.Flash_WaitCycle) for Flash_WaitCycle
    main.o(.text.main) refers to sysctrl.o(.text.Sysctrl_SetRCHTrim) for Sysctrl_SetRCHTrim
    main.o(.text.main) refers to sysctrl.o(.text.Sysctrl_SetPLLFreq) for Sysctrl_SetPLLFreq
    main.o(.text.main) refers to sysctrl.o(.text.Sysctrl_ClkInit) for Sysctrl_ClkInit
    main.o(.text.main) refers to sysctrl.o(.text.Sysctrl_GetHClkFreq) for Sysctrl_GetHClkFreq
    main.o(.text.main) refers to system_hc32f072.o(.text.SystemCoreClockUpdate) for SystemCoreClockUpdate
    main.o(.text.main) refers to aeabi_sdiv.o(.text) for __aeabi_uidiv
    main.o(.text.main) refers to app_task.o(.text.os_task_init) for os_task_init
    main.o(.text.main) refers to main.o(.bss.clk_data) for clk_data
    main.o(.ARM.exidx.text.main) refers to main.o(.text.main) for [Anonymous Symbol]
    app_task.o(.text.Task_Test) refers to hd_gpio.o(.text.Port_init) for Port_init
    app_task.o(.text.Task_Test) refers to gpio.o(.text.Gpio_SetIO) for Gpio_SetIO
    app_task.o(.text.Task_Test) refers to tasks.o(.text.vTaskDelay) for vTaskDelay
    app_task.o(.text.Task_Test) refers to gpio.o(.text.Gpio_ClrIO) for Gpio_ClrIO
    app_task.o(.ARM.exidx.text.Task_Test) refers to app_task.o(.text.Task_Test) for [Anonymous Symbol]
    app_task.o(.text.os_task_init) refers to tasks.o(.text.xTaskCreate) for xTaskCreate
    app_task.o(.text.os_task_init) refers to tasks.o(.text.vTaskStartScheduler) for vTaskStartScheduler
    app_task.o(.text.os_task_init) refers to app_task.o(.bss.Hd_Test_Task) for Hd_Test_Task
    app_task.o(.text.os_task_init) refers to app_task.o(.text.Task_Test) for Task_Test
    app_task.o(.ARM.exidx.text.os_task_init) refers to app_task.o(.text.os_task_init) for [Anonymous Symbol]
    event_groups.o(.text.xEventGroupCreate) refers to heap_4.o(.text.pvPortMalloc) for pvPortMalloc
    event_groups.o(.text.xEventGroupCreate) refers to list.o(.text.vListInitialise) for vListInitialise
    event_groups.o(.ARM.exidx.text.xEventGroupCreate) refers to event_groups.o(.text.xEventGroupCreate) for [Anonymous Symbol]
    event_groups.o(.text.xEventGroupSync) refers to tasks.o(.text.xTaskGetSchedulerState) for xTaskGetSchedulerState
    event_groups.o(.text.xEventGroupSync) refers to tasks.o(.text.vTaskSuspendAll) for vTaskSuspendAll
    event_groups.o(.text.xEventGroupSync) refers to event_groups.o(.text.xEventGroupSetBits) for xEventGroupSetBits
    event_groups.o(.text.xEventGroupSync) refers to tasks.o(.text.vTaskPlaceOnUnorderedEventList) for vTaskPlaceOnUnorderedEventList
    event_groups.o(.text.xEventGroupSync) refers to tasks.o(.text.xTaskResumeAll) for xTaskResumeAll
    event_groups.o(.text.xEventGroupSync) refers to port.o(.text.vPortYield) for vPortYield
    event_groups.o(.text.xEventGroupSync) refers to tasks.o(.text.uxTaskResetEventItemValue) for uxTaskResetEventItemValue
    event_groups.o(.text.xEventGroupSync) refers to port.o(.text.vPortEnterCritical) for vPortEnterCritical
    event_groups.o(.text.xEventGroupSync) refers to port.o(.text.vPortExitCritical) for vPortExitCritical
    event_groups.o(.ARM.exidx.text.xEventGroupSync) refers to event_groups.o(.text.xEventGroupSync) for [Anonymous Symbol]
    event_groups.o(.text.xEventGroupSetBits) refers to tasks.o(.text.vTaskSuspendAll) for vTaskSuspendAll
    event_groups.o(.text.xEventGroupSetBits) refers to tasks.o(.text.xTaskRemoveFromUnorderedEventList) for xTaskRemoveFromUnorderedEventList
    event_groups.o(.text.xEventGroupSetBits) refers to tasks.o(.text.xTaskResumeAll) for xTaskResumeAll
    event_groups.o(.ARM.exidx.text.xEventGroupSetBits) refers to event_groups.o(.text.xEventGroupSetBits) for [Anonymous Symbol]
    event_groups.o(.text.xEventGroupWaitBits) refers to tasks.o(.text.xTaskGetSchedulerState) for xTaskGetSchedulerState
    event_groups.o(.text.xEventGroupWaitBits) refers to tasks.o(.text.vTaskSuspendAll) for vTaskSuspendAll
    event_groups.o(.text.xEventGroupWaitBits) refers to tasks.o(.text.xTaskResumeAll) for xTaskResumeAll
    event_groups.o(.text.xEventGroupWaitBits) refers to tasks.o(.text.vTaskPlaceOnUnorderedEventList) for vTaskPlaceOnUnorderedEventList
    event_groups.o(.text.xEventGroupWaitBits) refers to port.o(.text.vPortYield) for vPortYield
[...]
    Removing wdt.o(.text.Wdt_GetIrqStatus), (16 bytes).
    Removing wdt.o(.ARM.exidx.text.Wdt_GetIrqStatus), (8 bytes).
    Removing interrupts_hc32f072.o(.text), (0 bytes).
    Removing interrupts_hc32f072.o(.text.EnableNvic), (136 bytes).
    Removing interrupts_hc32f072.o(.ARM.exidx.text.EnableNvic), (8 bytes).
    Removing interrupts_hc32f072.o(.ARM.exidx.text.HardFault_Handler), (8 bytes).
    Removing interrupts_hc32f072.o(.ARM.exidx.text.PORTA_IRQHandler), (8 bytes).
    Removing interrupts_hc32f072.o(.ARM.exidx.text.PORTB_IRQHandler), (8 bytes).
    Removing interrupts_hc32f072.o(.ARM.exidx.text.PORTC_E_IRQHandler), (8 bytes).
    Removing interrupts_hc32f072.o(.ARM.exidx.text.PORTD_F_IRQHandler), (8 bytes).
    Removing interrupts_hc32f072.o(.ARM.exidx.text.DMAC_IRQHandler), (8 bytes).
    Removing interrupts_hc32f072.o(.ARM.exidx.text.TIM3_IRQHandler), (8 bytes).
    Removing interrupts_hc32f072.o(.ARM.exidx.text.UART0_2_IRQHandler), (8 bytes).
    Removing interrupts_hc32f072.o(.ARM.exidx.text.UART1_3_IRQHandler), (8 bytes).
    Removing interrupts_hc32f072.o(.ARM.exidx.text.LPUART0_IRQHandler), (8 bytes).
    Removing interrupts_hc32f072.o(.ARM.exidx.text.LPUART1_IRQHandler), (8 bytes).
    Removing interrupts_hc32f072.o(.ARM.exidx.text.SPI0_I2S0_IRQHandler), (8 bytes).
    Removing interrupts_hc32f072.o(.ARM.exidx.text.SPI1_I2S1_IRQHandler), (8 bytes).
    Removing interrupts_hc32f072.o(.ARM.exidx.text.I2C0_IRQHandler), (8 bytes).
    Removing interrupts_hc32f072.o(.ARM.exidx.text.I2C1_IRQHandler), (8 bytes).
    Removing interrupts_hc32f072.o(.ARM.exidx.text.TIM0_IRQHandler), (8 bytes).
    Removing interrupts_hc32f072.o(.ARM.exidx.text.TIM1_IRQHandler), (8 bytes).
    Removing interrupts_hc32f072.o(.ARM.exidx.text.TIM2_IRQHandler), (8 bytes).
    Removing interrupts_hc32f072.o(.ARM.exidx.text.TIM4_IRQHandler), (8 bytes).
    Removing interrupts_hc32f072.o(.ARM.exidx.text.TIM5_IRQHandler), (8 bytes).
    Removing interrupts_hc32f072.o(.ARM.exidx.text.TIM6_IRQHandler), (8 bytes).
    Removing interrupts_hc32f072.o(.ARM.exidx.text.PCA_IRQHandler), (8 bytes).
    Removing interrupts_hc32f072.o(.ARM.exidx.text.WDT_IRQHandler), (8 bytes).
    Removing interrupts_hc32f072.o(.ARM.exidx.text.ADC_DAC_IRQHandler), (8 bytes).
    Removing interrupts_hc32f072.o(.ARM.exidx.text.VC0_1_2_LVD_IRQHandler), (8 bytes).
    Removing interrupts_hc32f072.o(.ARM.exidx.text.USBFS_IRQHandler), (8 bytes).
    Removing interrupts_hc32f072.o(.ARM.exidx.text.CAN_IRQHandler), (8 bytes).
    Removing interrupts_hc32f072.o(.ARM.exidx.text.FLASH_RAM_IRQHandler), (8 bytes).
    Removing interrupts_hc32f072.o(.ARM.exidx.text.CLKTRIM_CTS_IRQHandler), (8 bytes).
    Removing system_hc32f072.o(.text), (0 bytes).
    Removing system_hc32f072.o(.ARM.exidx.text.SystemCoreClockUpdate), (8 bytes).
    Removing system_hc32f072.o(.ARM.exidx.text.SystemInit), (8 bytes).
    Removing hd_gpt_timer.o(.text), (0 bytes).
    Removing hd_gpt_timer.o(.ARM.exidx.text.Tim3_IRQHandler), (8 bytes).
    Removing hd_gpt_timer.o(.text.Timer3_config), (100 bytes).
    Removing hd_gpt_timer.o(.ARM.exidx.text.Timer3_config), (8 bytes).
    Removing hd_gpio.o(.text), (0 bytes).
    Removing hd_gpio.o(.ARM.exidx.text.Port_init), (8 bytes).
    Removing hd_pca.o(.text), (0 bytes).
    Removing hd_pca.o(.text.pca_init), (204 bytes).
    Removing hd_pca.o(.ARM.exidx.text.pca_init), (8 bytes).
    Removing hd_uart1.o(.text), (0 bytes).
    Removing hd_uart1.o(.ARM.exidx.text.Uart1_IRQHandler), (8 bytes).
    Removing hd_uart1.o(.text.Hd_uart1_init), (192 bytes).
    Removing hd_uart1.o(.ARM.exidx.text.Hd_uart1_init), (8 bytes).
    Removing hd_can.o(.text), (0 bytes).
    Removing hd_adc.o(.text), (0 bytes).
    Removing hd_adc.o(.ARM.exidx.text.Adc_IRQHandler), (8 bytes).
    Removing hd_adc.o(.text.Hd_ADC_init), (80 bytes).
    Removing hd_adc.o(.ARM.exidx.text.Hd_ADC_init), (8 bytes).

1319 unused section(s) (total 32596 bytes) removed from the image.

==============================================================================

Image Symbol Table

    Local Symbols

    Symbol Name                              Value     Ov Type        Size  Object(Section)

    ../clib/angel/boardlib.s                 0x00000000   Number         0  boardinit1.o ABSOLUTE
    ../clib/angel/boardlib.s                 0x00000000   Number         0  boardinit2.o ABSOLUTE
    ../clib/angel/boardlib.s                 0x00000000   Number         0  boardinit3.o ABSOLUTE
    ../clib/angel/boardlib.s                 0x00000000   Number         0  boardshut.o ABSOLUTE
    ../clib/angel/handlers.s                 0x00000000   Number         0  __scatter_copy.o ABSOLUTE
    ../clib/angel/handlers.s                 0x00000000   Number         0  __scatter_zi.o ABSOLUTE
    ../clib/angel/kernel.s                   0x00000000   Number         0  __rtentry.o ABSOLUTE
    ../clib/angel/kernel.s                   0x00000000   Number         0  __rtentry2.o ABSOLUTE
    ../clib/angel/kernel.s                   0x00000000   Number         0  __rtentry4.o ABSOLUTE
    ../clib/angel/kernel.s                   0x00000000   Number         0  rtexit.o ABSOLUTE
    ../clib/angel/kernel.s                   0x00000000   Number         0  rtexit2.o ABSOLUTE
    ../clib/angel/rt.s                       0x00000000   Number         0  aeabi_idiv0.o ABSOLUTE
    ../clib/angel/rt.s                       0x00000000   Number         0  aeabi_idiv0_sigfpe.o ABSOLUTE
    ../clib/angel/rt.s                       0x00000000   Number         0  rt_div0.o ABSOLUTE
    ../clib/angel/rt.s                       0x00000000   Number         0  rt_raise.o ABSOLUTE
    ../clib/angel/scatterp.s                 0x00000000   Number         0  __scatter.o ABSOLUTE
    ../clib/angel/startup.s                  0x00000000   Number         0  __main.o ABSOLUTE
    ../clib/angel/sys.s                      0x00000000   Number         0  sys_stackheap_outer.o ABSOLUTE
    ../clib/angel/sys.s                      0x00000000   Number         0  libspace.o ABSOLUTE
    ../clib/angel/sys.s                      0x00000000   Number         0  tempstk.o ABSOLUTE
    ../clib/angel/sys.s                      0x00000000   Number         0  use_no_semi.o ABSOLUTE
    ../clib/angel/sys.s                      0x00000000   Number         0  indicate_semi.o ABSOLUTE
    ../clib/angel/sysapp.c                   0x00000000   Number         0  sys_exit.o ABSOLUTE
    ../clib/angel/sysapp.c                   0x00000000   Number         0  sys_exit_hlt.o ABSOLUTE
    ../clib/angel/sysapp.c                   0x00000000   Number         0  sys_command.o ABSOLUTE
    ../clib/angel/sysapp.c                   0x00000000   Number         0  sys_command_hlt.o ABSOLUTE
    ../clib/armsys.c                         0x00000000   Number         0  argv_veneer.o ABSOLUTE
    ../clib/armsys.c                         0x00000000   Number         0  _get_argv_nomalloc.o ABSOLUTE
    ../clib/armsys.c                         0x00000000   Number         0  no_argv.o ABSOLUTE
    ../clib/division.s                       0x00000000   Number         0  aeabi_sdiv.o ABSOLUTE
    ../clib/division.s                       0x00000000   Number         0  aeabi_sdiv_div0.o ABSOLUTE
    ../clib/heapalloc.c                      0x00000000   Number         0  hrguard.o ABSOLUTE
    ../clib/heapaux.c                        0x00000000   Number         0  heapauxi.o ABSOLUTE
    ../clib/libinit.s                        0x00000000   Number         0  libinit.o ABSOLUTE
    ../clib/libinit.s                        0x00000000   Number         0  libinit2.o ABSOLUTE
    ../clib/libinit.s                        0x00000000   Number         0  libshutdown.o ABSOLUTE
    ../clib/libinit.s                        0x00000000   Number         0  libshutdown2.o ABSOLUTE
    ../clib/memcpset.c                       0x00000000   Number         0  rt_memcpy.o ABSOLUTE
    ../clib/memcpset.c                       0x00000000   Number         0  rt_memcpy.o ABSOLUTE
    ../clib/memcpset.c                       0x00000000   Number         0  rt_memclr.o ABSOLUTE
    ../clib/signal.c                         0x00000000   Number         0  defsig_fpe_outer.o ABSOLUTE
    ../clib/signal.c                         0x00000000   Number         0  defsig_fpe_formal.o ABSOLUTE
    ../clib/signal.c                         0x00000000   Number         0  defsig_exit.o ABSOLUTE
    ../clib/signal.c                         0x00000000   Number         0  defsig_fpe_inner.o ABSOLUTE
    ../clib/signal.c                         0x00000000   Number         0  __raise.o ABSOLUTE
    ../clib/signal.c                         0x00000000   Number         0  defsig_general.o ABSOLUTE
    ../clib/signal.c                         0x00000000   Number         0  defsig_abrt_inner.o ABSOLUTE
    ../clib/signal.c                         0x00000000   Number         0  defsig_rtred_inner.o ABSOLUTE
    ../clib/signal.c                         0x00000000   Number         0  defsig_rtmem_inner.o ABSOLUTE
    ../clib/signal.c                         0x00000000   Number         0  defsig_rtmem_outer.o ABSOLUTE
    ../clib/signal.c                         0x00000000   Number         0  defsig_rtmem_formal.o ABSOLUTE
    ../clib/signal.c                         0x00000000   Number         0  defsig_stak_inner.o ABSOLUTE
    ../clib/signal.c                         0x00000000   Number         0  defsig_pvfn_inner.o ABSOLUTE
    ../clib/signal.c                         0x00000000   Number         0  defsig_cppl_inner.o ABSOLUTE
    ../clib/signal.c                         0x00000000   Number         0  defsig_segv_inner.o ABSOLUTE
    ../clib/signal.c                         0x00000000   Number         0  defsig_other.o ABSOLUTE
    ../clib/signal.s                         0x00000000   Number         0  defsig.o ABSOLUTE
    ../clib/stdlib.c                         0x00000000   Number         0  exit.o ABSOLUTE
    ../fplib/cfplib/fpinit.c                 0x00000000   Number         0  fpinit.o ABSOLUTE
    adc.c                                    0x00000000   Number         0  adc.o ABSOLUTE
    adt.c                                    0x00000000   Number         0  adt.o ABSOLUTE
    aes.c                                    0x00000000   Number         0  aes.o ABSOLUTE
    app_task.c                               0x00000000   Number         0  app_task.o ABSOLUTE
    bgr.c                                    0x00000000   Number         0  bgr.o ABSOLUTE
    bt.c                                     0x00000000   Number         0  bt.o ABSOLUTE
    can.c                                    0x00000000   Number         0  can.o ABSOLUTE
    cmsis_os.c                               0x00000000   Number         0  cmsis_os.o ABSOLUTE
    crc.c                                    0x00000000   Number         0  crc.o ABSOLUTE
    croutine.c                               0x00000000   Number         0  croutine.o ABSOLUTE
    dac.c                                    0x00000000   Number         0  dac.o ABSOLUTE
    dc.s                                     0x00000000   Number         0  dc.o ABSOLUTE
    ddl.c                                    0x00000000   Number         0  ddl.o ABSOLUTE
    debug.c                                  0x00000000   Number         0  debug.o ABSOLUTE
    dmac.c                                   0x00000000   Number         0  dmac.o ABSOLUTE
    event_groups.c                           0x00000000   Number         0  event_groups.o ABSOLUTE
    flash.c                                  0x00000000   Number         0  flash.o ABSOLUTE
    gpio.c                                   0x00000000   Number         0  gpio.o ABSOLUTE
    hd_adc.c                                 0x00000000   Number         0  hd_adc.o ABSOLUTE
    hd_can.c                                 0x00000000   Number         0  hd_can.o ABSOLUTE
    hd_gpio.c                                0x00000000   Number         0  hd_gpio.o ABSOLUTE
    hd_gpt_timer.c                           0x00000000   Number         0  hd_gpt_timer.o ABSOLUTE
    hd_pca.c                                 0x00000000   Number         0  hd_pca.o ABSOLUTE
    hd_uart1.c                               0x00000000   Number         0  hd_uart1.o ABSOLUTE
    hdiv.c                                   0x00000000   Number         0  hdiv.o ABSOLUTE
    heap_4.c                                 0x00000000   Number         0  heap_4.o ABSOLUTE
    i2c.c                                    0x00000000   Number         0  i2c.o ABSOLUTE
    i2s.c                                    0x00000000   Number         0  i2s.o ABSOLUTE
    interrupts_hc32f072.c                    0x00000000   Number         0  interrupts_hc32f072.o ABSOLUTE
    list.c                                   0x00000000   Number         0  list.o ABSOLUTE
    lpm.c                                    0x00000000   Number         0  lpm.o ABSOLUTE
    lpuart.c                                 0x00000000   Number         0  lpuart.o ABSOLUTE
    lvd.c                                    0x00000000   Number         0  lvd.o ABSOLUTE
    main.c                                   0x00000000   Number         0  main.o ABSOLUTE
    mcu\MDK\startup_hc32f072.s               0x00000000   Number         0  startup_hc32f072.o ABSOLUTE
    opa.c                                    0x00000000   Number         0  opa.o ABSOLUTE
    pca.c                                    0x00000000   Number         0  pca.o ABSOLUTE
    port.c                                   0x00000000   Number         0  port.o ABSOLUTE
    queue.c                                  0x00000000   Number         0  queue.o ABSOLUTE
    ram.c                                    0x00000000   Number         0  ram.o ABSOLUTE
    reset.c                                  0x00000000   Number         0  reset.o ABSOLUTE
    spi.c                                    0x00000000   Number         0  spi.o ABSOLUTE
    sysctrl.c                                0x00000000   Number         0  sysctrl.o ABSOLUTE
    system_hc32f072.c                        0x00000000   Number         0  system_hc32f072.o ABSOLUTE
    tasks.c                                  0x00000000   Number         0  tasks.o ABSOLUTE
    timer3.c                                 0x00000000   Number         0  timer3.o ABSOLUTE
    timers.c                                 0x00000000   Number         0  timers.o ABSOLUTE
    trim.c                                   0x00000000   Number         0  trim.o ABSOLUTE
    trng.c                                   0x00000000   Number         0  trng.o ABSOLUTE
    uart.c                                   0x00000000   Number         0  uart.o ABSOLUTE
    vc.c                                     0x00000000   Number         0  vc.o ABSOLUTE
    wdt.c                                    0x00000000   Number         0  wdt.o ABSOLUTE
    RESET                                    0x00000000   Section      192  startup_hc32f072.o(RESET)
    !!!main                                  0x000000c0   Section        8  __main.o(!!!main)
    !!!scatter                               0x000000c8   Section       60  __scatter.o(!!!scatter)
    !!handler_copy                           0x00000104   Section       26  __scatter_copy.o(!!handler_copy)
    !!handler_zi                             0x00000120   Section       28  __scatter_zi.o(!!handler_zi)
    .ARM.Collect$$libinit$$00000000          0x0000013c   Section        2  libinit.o(.ARM.Collect$$libinit$$00000000)
    .ARM.Collect$$libinit$$00000002          0x0000013e   Section        0  libinit2.o(.ARM.Collect$$libinit$$00000002)
    .ARM.Collect$$libinit$$00000004          0x0000013e   Section        0  libinit2.o(.ARM.Collect$$libinit$$00000004)
    .ARM.Collect$$libinit$$0000000A          0x0000013e   Section        0  libinit2.o(.ARM.Collect$$libinit$$0000000A)
    .ARM.Collect$$libinit$$0000000C          0x0000013e   Section        0  libinit2.o(.ARM.Collect$$libinit$$0000000C)
    .ARM.Collect$$libinit$$0000000E          0x0000013e   Section        0  libinit2.o(.ARM.Collect$$libinit$$0000000E)
    .ARM.Collect$$libinit$$00000011          0x0000013e   Section        0  libinit2.o(.ARM.Collect$$libinit$$00000011)
    .ARM.Collect$$libinit$$00000013          0x0000013e   Section        0  libinit2.o(.ARM.Collect$$libinit$$00000013)
    .ARM.Collect$$libinit$$00000015          0x0000013e   Section        0  libinit2.o(.ARM.Collect$$libinit$$00000015)
    .ARM.Collect$$libinit$$00000017          0x0000013e   Section        0  libinit2.o(.ARM.Collect$$libinit$$00000017)
    .ARM.Collect$$libinit$$00000019          0x0000013e   Section        0  libinit2.o(.ARM.Collect$$libinit$$00000019)
    .ARM.Collect$$libinit$$0000001B          0x0000013e   Section        0  libinit2.o(.ARM.Collect$$libinit$$0000001B)
    .ARM.Collect$$libinit$$0000001D          0x0000013e   Section        0  libinit2.o(.ARM.Collect$$libinit$$0000001D)
    .ARM.Collect$$libinit$$0000001F          0x0000013e   Section        0  libinit2.o(.ARM.Collect$$libinit$$0000001F)
    .ARM.Collect$$libinit$$00000021          0x0000013e   Section        0  libinit2.o(.ARM.Collect$$libinit$$00000021)
    .ARM.Collect$$libinit$$00000023          0x0000013e   Section        0  libinit2.o(.ARM.Collect$$libinit$$00000023)
    .ARM.Collect$$libinit$$00000025          0x0000013e   Section        0  libinit2.o(.ARM.Collect$$libinit$$00000025)
    .ARM.Collect$$libinit$$0000002C          0x0000013e   Section        0  libinit2.o(.ARM.Collect$$libinit$$0000002C)
    .ARM.Collect$$libinit$$0000002E          0x0000013e   Section        0  libinit2.o(.ARM.Collect$$libinit$$0000002E)
    .ARM.Collect$$libinit$$00000030          0x0000013e   Section        0  libinit2.o(.ARM.Collect$$libinit$$00000030)
    .ARM.Collect$$libinit$$00000032          0x0000013e   Section        0  libinit2.o(.ARM.Collect$$libinit$$00000032)
    .ARM.Collect$$libinit$$00000033          0x0000013e   Section        2  libinit2.o(.ARM.Collect$$libinit$$00000033)
    .ARM.Collect$$libshutdown$$00000000      0x00000140   Section        2  libshutdown.o(.ARM.Collect$$libshutdown$$00000000)
    .ARM.Collect$$libshutdown$$00000002      0x00000142   Section        0  libshutdown2.o(.ARM.Collect$$libshutdown$$00000002)
    .ARM.Collect$$libshutdown$$00000004      0x00000142   Section        0  libshutdown2.o(.ARM.Collect$$libshutdown$$00000004)
    .ARM.Collect$$libshutdown$$00000007      0x00000142   Section        0  libshutdown2.o(.ARM.Collect$$libshutdown$$00000007)
    .ARM.Collect$$libshutdown$$0000000A      0x00000142   Section        0  libshutdown2.o(.ARM.Collect$$libshutdown$$0000000A)
    .ARM.Collect$$libshutdown$$0000000C      0x00000142   Section        0  libshutdown2.o(.ARM.Collect$$libshutdown$$0000000C)
    .ARM.Collect$$libshutdown$$0000000F      0x00000142   Section        0  libshutdown2.o(.ARM.Collect$$libshutdown$$0000000F)
    .ARM.Collect$$libshutdown$$00000010      0x00000142   Section        2  libshutdown2.o(.ARM.Collect$$libshutdown$$00000010)
    .ARM.Collect$$rtentry$$00000000          0x00000144   Section        0  __rtentry.o(.ARM.Collect$$rtentry$$00000000)
    .ARM.Collect$$rtentry$$00000002          0x00000144   Section        0  __rtentry2.o(.ARM.Collect$$rtentry$$00000002)
    .ARM.Collect$$rtentry$$00000004          0x00000144   Section        6  __rtentry4.o(.ARM.Collect$$rtentry$$00000004)
    .ARM.Collect$$rtentry$$00000009          0x0000014a   Section        0  __rtentry2.o(.ARM.Collect$$rtentry$$00000009)
    .ARM.Collect$$rtentry$$0000000A          0x0000014a   Section        4  __rtentry2.o(.ARM.Collect$$rtentry$$0000000A)
    .ARM.Collect$$rtentry$$0000000C          0x0000014e   Section        0  __rtentry2.o(.ARM.Collect$$rtentry$$0000000C)
    .ARM.Collect$$rtentry$$0000000D          0x0000014e   Section        8  __rtentry2.o(.ARM.Collect$$rtentry$$0000000D)
    .ARM.Collect$$rtexit$$00000000           0x00000156   Section        2  rtexit.o(.ARM.Collect$$rtexit$$00000000)
    .ARM.Collect$$rtexit$$00000002           0x00000158   Section        0  rtexit2.o(.ARM.Collect$$rtexit$$00000002)
    .ARM.Collect$$rtexit$$00000003           0x00000158   Section        4  rtexit2.o(.ARM.Collect$$rtexit$$00000003)
    .ARM.Collect$$rtexit$$00000004           0x0000015c   Section        6  rtexit2.o(.ARM.Collect$$rtexit$$00000004)
    .text                                    0x00000164   Section       88  startup_hc32f072.o(.text)
    .text                                    0x000001bc   Section      364  aeabi_sdiv.o(.text)
    .text                                    0x00000328   Section        0  heapauxi.o(.text)
    .text                                    0x0000032e   Section       62  sys_stackheap_outer.o(.text)
    .text                                    0x0000036c   Section        0  exit.o(.text)
    .text                                    0x0000037c   Section        8  libspace.o(.text)
    .text                                    0x00000384   Section        0  sys_exit.o(.text)
    .text                                    0x00000390   Section        2  use_no_semi.o(.text)
    [Anonymous Symbol]                       0x00000392   Section        0  interrupts_hc32f072.o(.text.ADC_DAC_IRQHandler)
    .text                                    0x00000392   Section        0  indicate_semi.o(.text)
    [Anonymous Symbol]                       0x000003a0   Section        0  adc.o(.text.Adc_ClrIrqStatus)
    __arm_cp.1_0                             0x000003ac   Number         4  adc.o(.text.Adc_ClrIrqStatus)
    [Anonymous Symbol]                       0x000003b0   Section        0  adc.o(.text.Adc_GetIrqStatus)
    __arm_cp.0_0                             0x000003c0   Number         4  adc.o(.text.Adc_GetIrqStatus)
    [Anonymous Symbol]                       0x000003c4   Section        0  adc.o(.text.Adc_GetSglResult)
    __arm_cp.23_0                            0x000003cc   Number         4  adc.o(.text.Adc_GetSglResult)
    [Anonymous Symbol]                       0x000003d0   Section        0  hd_adc.o(.text.Adc_IRQHandler)
    __arm_cp.0_0                             0x000003ec   Number         4  hd_adc.o(.text.Adc_IRQHandler)
    [Anonymous Symbol]                       0x000003f0   Section        0  adc.o(.text.Adc_SGL_Start)
    __arm_cp.8_0                             0x000003f8   Number         4  adc.o(.text.Adc_SGL_Start)
    [Anonymous Symbol]                       0x000003fc   Section        0  interrupts_hc32f072.o(.text.CAN_IRQHandler)
    [Anonymous Symbol]                       0x00000404   Section        0  interrupts_hc32f072.o(.text.CLKTRIM_CTS_IRQHandler)
    [Anonymous Symbol]                       0x00000410   Section        0  interrupts_hc32f072.o(.text.DMAC_IRQHandler)
    [Anonymous Symbol]                       0x00000418   Section        0  interrupts_hc32f072.o(.text.FLASH_RAM_IRQHandler)
    [Anonymous Symbol]                       0x00000424   Section        0  flash.o(.text.Flash_WaitCycle)
    __arm_cp.12_0                            0x00000440   Number         4  flash.o(.text.Flash_WaitCycle)
    __arm_cp.12_1                            0x00000444   Number         4  flash.o(.text.Flash_WaitCycle)
    __arm_cp.12_2                            0x00000448   Number         4  flash.o(.text.Flash_WaitCycle)
    [Anonymous Symbol]                       0x0000044c   Section        0  ddl.o(.text.GetBit)
    [Anonymous Symbol]                       0x00000458   Section        0  gpio.o(.text.Gpio_ClrIO)
    __arm_cp.8_0                             0x00000468   Number         4  gpio.o(.text.Gpio_ClrIO)
    [Anonymous Symbol]                       0x0000046c   Section        0  gpio.o(.text.Gpio_Init)
    __arm_cp.0_0                             0x000004dc   Number         4  gpio.o(.text.Gpio_Init)
    __arm_cp.0_1                             0x000004e0   Number         4  gpio.o(.text.Gpio_Init)
    __arm_cp.0_3                             0x000004e4   Number         4  gpio.o(.text.Gpio_Init)
    [Anonymous Symbol]                       0x000004e8   Section        0  gpio.o(.text.Gpio_SetAfMode)
    __arm_cp.11_0                            0x000004f4   Number         4  gpio.o(.text.Gpio_SetAfMode)
    [Anonymous Symbol]                       0x000004f8   Section        0  gpio.o(.text.Gpio_SetIO)
    __arm_cp.6_0                             0x00000508   Number         4  gpio.o(.text.Gpio_SetIO)
    [Anonymous Symbol]                       0x0000050c   Section        0  gpio.o(.text.Gpio_SfHClkOutputConfig)
    __arm_cp.19_0                            0x00000534   Number         4  gpio.o(.text.Gpio_SfHClkOutputConfig)
    [Anonymous Symbol]                       0x00000538   Section        0  interrupts_hc32f072.o(.text.HardFault_Handler)
    [Anonymous Symbol]                       0x00000548   Section        0  interrupts_hc32f072.o(.text.I2C0_IRQHandler)
    [Anonymous Symbol]                       0x00000550   Section        0  interrupts_hc32f072.o(.text.I2C1_IRQHandler)
    [Anonymous Symbol]                       0x00000558   Section        0  interrupts_hc32f072.o(.text.LPUART0_IRQHandler)
    [Anonymous Symbol]                       0x00000560   Section        0  interrupts_hc32f072.o(.text.LPUART1_IRQHandler)
    [Anonymous Symbol]                       0x00000568   Section        0  interrupts_hc32f072.o(.text.PCA_IRQHandler)
    [Anonymous Symbol]                       0x00000570   Section        0  interrupts_hc32f072.o(.text.PORTA_IRQHandler)
    [Anonymous Symbol]                       0x00000578   Section        0  interrupts_hc32f072.o(.text.PORTB_IRQHandler)
    [Anonymous Symbol]                       0x00000580   Section        0  interrupts_hc32f072.o(.text.PORTC_E_IRQHandler)
    [Anonymous Symbol]                       0x0000058c   Section        0  interrupts_hc32f072.o(.text.PORTD_F_IRQHandler)
    [Anonymous Symbol]                       0x000005a0   Section        0  port.o(.text.PendSV_Handler)
    pxCurrentTCBConst                        0x000005e0   Number         0  port.o(.text.PendSV_Handler)
    [Anonymous Symbol]                       0x000005e4   Section        0  hd_gpio.o(.text.Port_init)
    __arm_cp.0_0                             0x00000658   Number         4  hd_gpio.o(.text.Port_init)
    [Anonymous Symbol]                       0x0000065c   Section        0  interrupts_hc32f072.o(.text.SPI0_I2S0_IRQHandler)
    [Anonymous Symbol]                       0x00000668   Section        0  interrupts_hc32f072.o(.text.SPI1_I2S1_IRQHandler)
    [Anonymous Symbol]                       0x00000674   Section        0  port.o(.text.SVC_Handler)
    [Anonymous Symbol]                       0x00000676   Section        0  ddl.o(.text.SetBit)
    [Anonymous Symbol]                       0x0000068c   Section        0  port.o(.text.SysTick_Handler)
    __arm_cp.13_0                            0x000006ac   Number         4  port.o(.text.SysTick_Handler)
    [Anonymous Symbol]                       0x000006b0   Section        0  sysctrl.o(.text.Sysctrl_ClkInit)
    __arm_cp.10_0                            0x00000748   Number         4  sysctrl.o(.text.Sysctrl_ClkInit)
    [Anonymous Symbol]                       0x0000074c   Section        0  sysctrl.o(.text.Sysctrl_ClkSourceEnable)
    __arm_cp.0_3                             0x00000824   Number         4  sysctrl.o(.text.Sysctrl_ClkSourceEnable)
    __arm_cp.0_4                             0x00000828   Number         4  sysctrl.o(.text.Sysctrl_ClkSourceEnable)
    [Anonymous Symbol]                       0x0000082c   Section        0  sysctrl.o(.text.Sysctrl_GetHClkFreq)
    __arm_cp.8_4                             0x00000900   Number         4  sysctrl.o(.text.Sysctrl_GetHClkFreq)
    __arm_cp.8_5                             0x00000904   Number         4  sysctrl.o(.text.Sysctrl_GetHClkFreq)
    __arm_cp.8_6                             0x00000908   Number         4  sysctrl.o(.text.Sysctrl_GetHClkFreq)
    __arm_cp.8_7                             0x0000090c   Number         4  sysctrl.o(.text.Sysctrl_GetHClkFreq)
    [Anonymous Symbol]                       0x00000910   Section        0  sysctrl.o(.text.Sysctrl_SetHCLKDiv)
    [Anonymous Symbol]                       0x00000930   Section        0  sysctrl.o(.text.Sysctrl_SetPCLKDiv)
    [Anonymous Symbol]                       0x00000950   Section        0  sysctrl.o(.text.Sysctrl_SetPLLFreq)
    __arm_cp.16_1                            0x000009f4   Number         4  sysctrl.o(.text.Sysctrl_SetPLLFreq)
    __arm_cp.16_2                            0x000009f8   Number         4  sysctrl.o(.text.Sysctrl_SetPLLFreq)
    [Anonymous Symbol]                       0x000009fc   Section        0  sysctrl.o(.text.Sysctrl_SetPeripheralGate)
    __arm_cp.18_0                            0x00000a18   Number         4  sysctrl.o(.text.Sysctrl_SetPeripheralGate)
    [Anonymous Symbol]                       0x00000a1c   Section        0  sysctrl.o(.text.Sysctrl_SetRCHTrim)
    __arm_cp.14_1                            0x00000a38   Number         4  sysctrl.o(.text.Sysctrl_SetRCHTrim)
    __arm_cp.14_2                            0x00000a3c   Number         4  sysctrl.o(.text.Sysctrl_SetRCHTrim)
    __arm_cp.14_3                            0x00000a40   Number         4  sysctrl.o(.text.Sysctrl_SetRCHTrim)
    [Anonymous Symbol]                       0x00000a44   Section        0  sysctrl.o(.text.Sysctrl_SetRCLTrim)
    __arm_cp.17_0                            0x00000a60   Number         4  sysctrl.o(.text.Sysctrl_SetRCLTrim)
    __arm_cp.17_1                            0x00000a64   Number         4  sysctrl.o(.text.Sysctrl_SetRCLTrim)
    __arm_cp.17_2                            0x00000a68   Number         4  sysctrl.o(.text.Sysctrl_SetRCLTrim)
    __arm_cp.17_3                            0x00000a6c   Number         4  sysctrl.o(.text.Sysctrl_SetRCLTrim)
    [Anonymous Symbol]                       0x00000a70   Section        0  sysctrl.o(.text.Sysctrl_SysClkSwitch)
    __arm_cp.7_0                             0x00000a94   Number         4  sysctrl.o(.text.Sysctrl_SysClkSwitch)
    __arm_cp.7_1                             0x00000a98   Number         4  sysctrl.o(.text.Sysctrl_SysClkSwitch)
    __arm_cp.7_2                             0x00000a9c   Number         4  sysctrl.o(.text.Sysctrl_SysClkSwitch)
    [Anonymous Symbol]                       0x00000aa0   Section        0  system_hc32f072.o(.text.SystemCoreClockUpdate)
    __arm_cp.0_0                             0x00000aac   Number         4  system_hc32f072.o(.text.SystemCoreClockUpdate)
    [Anonymous Symbol]                       0x00000ab0   Section        0  system_hc32f072.o(.text.SystemInit)
    [Anonymous Symbol]                       0x00000ab8   Section        0  interrupts_hc32f072.o(.text.TIM0_IRQHandler)
    [Anonymous Symbol]                       0x00000ac0   Section        0  interrupts_hc32f072.o(.text.TIM1_IRQHandler)
    [Anonymous Symbol]                       0x00000ac8   Section        0  interrupts_hc32f072.o(.text.TIM2_IRQHandler)
    [Anonymous Symbol]                       0x00000ad0   Section        0  interrupts_hc32f072.o(.text.TIM3_IRQHandler)
    [Anonymous Symbol]                       0x00000ad8   Section        0  interrupts_hc32f072.o(.text.TIM4_IRQHandler)
    [Anonymous Symbol]                       0x00000ae0   Section        0  interrupts_hc32f072.o(.text.TIM5_IRQHandler)
    [Anonymous Symbol]                       0x00000ae8   Section        0  interrupts_hc32f072.o(.text.TIM6_IRQHandler)
    [Anonymous Symbol]                       0x00000af0   Section        0  app_task.o(.text.Task_Test)
    __arm_cp.0_0                             0x00000b30   Number         4  app_task.o(.text.Task_Test)
    [Anonymous Symbol]                       0x00000b34   Section        0  timer3.o(.text.Tim3_ClearIntFlag)
    __arm_cp.1_0                             0x00000b44   Number         4  timer3.o(.text.Tim3_ClearIntFlag)
    [Anonymous Symbol]                       0x00000b48   Section        0  timer3.o(.text.Tim3_GetIntFlag)
    __arm_cp.0_0                             0x00000b54   Number         4  timer3.o(.text.Tim3_GetIntFlag)
    [Anonymous Symbol]                       0x00000b58   Section        0  hd_gpt_timer.o(.text.Tim3_IRQHandler)
    __arm_cp.0_0                             0x00000b94   Number         4  hd_gpt_timer.o(.text.Tim3_IRQHandler)
    [Anonymous Symbol]                       0x00000b98   Section        0  interrupts_hc32f072.o(.text.UART0_2_IRQHandler)
    [Anonymous Symbol]                       0x00000ba4   Section        0  interrupts_hc32f072.o(.text.UART1_3_IRQHandler)
    [Anonymous Symbol]                       0x00000bb0   Section        0  interrupts_hc32f072.o(.text.USBFS_IRQHandler)
    [Anonymous Symbol]                       0x00000bb8   Section        0  hd_uart1.o(.text.Uart1_IRQHandler)
    __arm_cp.0_0                             0x00000bf0   Number         4  hd_uart1.o(.text.Uart1_IRQHandler)
    __arm_cp.0_1                             0x00000bf4   Number         4  hd_uart1.o(.text.Uart1_IRQHandler)
    [Anonymous Symbol]                       0x00000bf8   Section        0  uart.o(.text.Uart_ClrStatus)
    [Anonymous Symbol]                       0x00000c08   Section        0  uart.o(.text.Uart_GetStatus)
    [Anonymous Symbol]                       0x00000c12   Section        0  uart.o(.text.Uart_ReceiveData)
    [Anonymous Symbol]                       0x00000c18   Section        0  interrupts_hc32f072.o(.text.VC0_1_2_LVD_IRQHandler)
    [Anonymous Symbol]                       0x00000c2c   Section        0  interrupts_hc32f072.o(.text.WDT_IRQHandler)
    [Anonymous Symbol]                       0x00000c34   Section        0  main.o(.text.main)
    __arm_cp.1_0                             0x00000cb8   Number         4  main.o(.text.main)
    __arm_cp.1_1                             0x00000cbc   Number         4  main.o(.text.main)
    __arm_cp.1_2                             0x00000cc0   Number         4  main.o(.text.main)
    __arm_cp.1_3                             0x00000cc4   Number         4  main.o(.text.main)
    __arm_cp.1_4                             0x00000cc8   Number         4  main.o(.text.main)
    [Anonymous Symbol]                       0x00000ccc   Section        0  cmsis_os.o(.text.osSystickHandler)
    [Anonymous Symbol]                       0x00000cdc   Section        0  app_task.o(.text.os_task_init)
    __arm_cp.1_0                             0x00000cf8   Number         4  app_task.o(.text.os_task_init)
    __arm_cp.1_1                             0x00000cfc   Number         4  app_task.o(.text.os_task_init)
    prvAddCurrentTaskToDelayedList           0x00000d0d   Thumb Code    80  tasks.o(.text.prvAddCurrentTaskToDelayedList)
    [Anonymous Symbol]                       0x00000d0c   Section        0  tasks.o(.text.prvAddCurrentTaskToDelayedList)
    prvDeleteTCB                             0x00000d5d   Thumb Code    18  tasks.o(.text.prvDeleteTCB)
    [Anonymous Symbol]                       0x00000d5c   Section        0  tasks.o(.text.prvDeleteTCB)
    prvIdleTask                              0x00000d71   Thumb Code    80  tasks.o(.text.prvIdleTask)
    [Anonymous Symbol]                       0x00000d70   Section        0  tasks.o(.text.prvIdleTask)
    __arm_cp.17_1                            0x00000dbc   Number         4  tasks.o(.text.prvIdleTask)
    prvInsertBlockIntoFreeList               0x00000dc1   Thumb Code    64  heap_4.o(.text.prvInsertBlockIntoFreeList)
    [Anonymous Symbol]                       0x00000dc0   Section        0  heap_4.o(.text.prvInsertBlockIntoFreeList)
    prvResetNextTaskUnblockTime              0x00000e01   Thumb Code    32  tasks.o(.text.prvResetNextTaskUnblockTime)
    [Anonymous Symbol]                       0x00000e00   Section        0  tasks.o(.text.prvResetNextTaskUnblockTime)
    __arm_cp.3_0                             0x00000e1c   Number         4  tasks.o(.text.prvResetNextTaskUnblockTime)
    prvTaskExitError                         0x00000e21   Thumb Code    28  port.o(.text.prvTaskExitError)
    [Anonymous Symbol]                       0x00000e20   Section        0  port.o(.text.prvTaskExitError)
    [Anonymous Symbol]                       0x00000e3c   Section        0  heap_4.o(.text.pvPortMalloc)
    __arm_cp.0_1                             0x00000f3c   Number         4  heap_4.o(.text.pvPortMalloc)
    [Anonymous Symbol]                       0x00000f40   Section        0  port.o(.text.pxPortInitialiseStack)
    __arm_cp.0_0                             0x00000f68   Number         4  port.o(.text.pxPortInitialiseStack)
    [Anonymous Symbol]                       0x00000f6c   Section        0  port.o(.text.ulSetInterruptMaskFromISR)
    [Anonymous Symbol]                       0x00000f74   Section        0  list.o(.text.uxListRemove)
    [Anonymous Symbol]                       0x00000f94   Section        0  port.o(.text.vClearInterruptMaskFromISR)
    [Anonymous Symbol]                       0x00000f9a   Section        0  list.o(.text.vListInitialise)
    [Anonymous Symbol]                       0x00000faa   Section        0  list.o(.text.vListInitialiseItem)
    [Anonymous Symbol]                       0x00000fb0   Section        0  list.o(.text.vListInsert)
    [Anonymous Symbol]                       0x00000fde   Section        0  list.o(.text.vListInsertEnd)
    [Anonymous Symbol]                       0x00000ff8   Section        0  port.o(.text.vPortEnterCritical)
    [Anonymous Symbol]                       0x0000100c   Section        0  port.o(.text.vPortExitCritical)
    [Anonymous Symbol]                       0x00001024   Section        0  heap_4.o(.text.vPortFree)
    __arm_cp.2_0                             0x00001070   Number         4  heap_4.o(.text.vPortFree)
    [Anonymous Symbol]                       0x00001074   Section        0  port.o(.text.vPortSetupTimerInterrupt)
    __arm_cp.4_0                             0x00001094   Number         4  port.o(.text.vPortSetupTimerInterrupt)
    __arm_cp.4_1                             0x00001098   Number         4  port.o(.text.vPortSetupTimerInterrupt)
    vPortStartFirstTask                      0x000010a1   Thumb Code    52  port.o(.text.vPortStartFirstTask)
    [Anonymous Symbol]                       0x000010a0   Section        0  port.o(.text.vPortStartFirstTask)
    pxCurrentTCBConst2                       0x000010d0   Number         0  port.o(.text.vPortStartFirstTask)
    [Anonymous Symbol]                       0x000010d4   Section        0  port.o(.text.vPortYield)
    __arm_cp.7_0                             0x000010e8   Number         4  port.o(.text.vPortYield)
    [Anonymous Symbol]                       0x000010ec   Section        0  tasks.o(.text.vTaskDelay)
    [Anonymous Symbol]                       0x0000111c   Section        0  tasks.o(.text.vTaskStartScheduler)
    __arm_cp.16_0                            0x00001154   Number         4  tasks.o(.text.vTaskStartScheduler)
    __arm_cp.16_1                            0x00001158   Number         4  tasks.o(.text.vTaskStartScheduler)
    [Anonymous Symbol]                       0x00001164   Section        0  tasks.o(.text.vTaskSuspendAll)
    [Anonymous Symbol]                       0x00001170   Section        0  tasks.o(.text.vTaskSwitchContext)
    __arm_cp.12_0                            0x000011c8   Number         4  tasks.o(.text.vTaskSwitchContext)
    [Anonymous Symbol]                       0x000011cc   Section        0  port.o(.text.xPortStartScheduler)
    __arm_cp.3_0                             0x000011fc   Number         4  port.o(.text.xPortStartScheduler)
    __arm_cp.3_1                             0x00001200   Number         4  port.o(.text.xPortStartScheduler)
    [Anonymous Symbol]                       0x00001204   Section        0  tasks.o(.text.xTaskCreate)
    __arm_cp.0_2                             0x0000136c   Number         4  tasks.o(.text.xTaskCreate)
    __arm_cp.0_3                             0x00001370   Number         4  tasks.o(.text.xTaskCreate)
    [Anonymous Symbol]                       0x00001374   Section        0  tasks.o(.text.xTaskGetSchedulerState)
    [Anonymous Symbol]                       0x0000138c   Section        0  tasks.o(.text.xTaskIncrementTick)
    __arm_cp.19_0                            0x0000144c   Number         4  tasks.o(.text.xTaskIncrementTick)
    [Anonymous Symbol]                       0x00001450   Section        0  tasks.o(.text.xTaskResumeAll)
    __arm_cp.7_0                             0x000014f8   Number         4  tasks.o(.text.xTaskResumeAll)
    __arm_cp.7_1                             0x000014fc   Number         4  tasks.o(.text.xTaskResumeAll)
    uxCriticalNesting                        0x20000004   Data           4  port.o(.data.uxCriticalNesting)
    [Anonymous Symbol]                       0x20000004   Section        0  port.o(.data.uxCriticalNesting)
    .bss                                     0x20000008   Section       96  libspace.o(.bss)
    [Anonymous Symbol]                       0x20000068   Section        0  tasks.o(.bss..L_MergedGlobals)
    uxTaskNumber                             0x2000006c   Data           4  tasks.o(.bss..L_MergedGlobals)
    uxDeletedTasksWaitingCleanUp             0x20000070   Data           4  tasks.o(.bss..L_MergedGlobals)
    uxCurrentNumberOfTasks                   0x20000074   Data           4  tasks.o(.bss..L_MergedGlobals)
    xSchedulerRunning                        0x20000078   Data           4  tasks.o(.bss..L_MergedGlobals)
    uxSchedulerSuspended                     0x2000007c   Data           4  tasks.o(.bss..L_MergedGlobals)
    uxTopReadyPriority                       0x20000080   Data           4  tasks.o(.bss..L_MergedGlobals)
    xIdleTaskHandle                          0x20000084   Data           4  tasks.o(.bss..L_MergedGlobals)
    xNextTaskUnblockTime                     0x20000088   Data           4  tasks.o(.bss..L_MergedGlobals)
    xTickCount                               0x2000008c   Data           4  tasks.o(.bss..L_MergedGlobals)
    xYieldPending                            0x20000090   Data           4  tasks.o(.bss..L_MergedGlobals)
    uxPendedTicks                            0x20000094   Data           4  tasks.o(.bss..L_MergedGlobals)
    pxDelayedTaskList                        0x20000098   Data           4  tasks.o(.bss..L_MergedGlobals)
    pxOverflowDelayedTaskList                0x2000009c   Data           4  tasks.o(.bss..L_MergedGlobals)
    xNumOfOverflows                          0x200000a0   Data           4  tasks.o(.bss..L_MergedGlobals)
    xTasksWaitingTermination                 0x200000a4   Data          20  tasks.o(.bss..L_MergedGlobals)
    xSuspendedTaskList                       0x200000b8   Data          20  tasks.o(.bss..L_MergedGlobals)
    xPendingReadyList                        0x200000cc   Data          20  tasks.o(.bss..L_MergedGlobals)
    xBlockAllocatedBit                       0x200000e0   Data           1  heap_4.o(.bss..L_MergedGlobals)
    [Anonymous Symbol]                       0x200000e0   Section        0  heap_4.o(.bss..L_MergedGlobals)
    pxEnd                                    0x200000e4   Data           4  heap_4.o(.bss..L_MergedGlobals)
    xFreeBytesRemaining                      0x200000e8   Data           4  heap_4.o(.bss..L_MergedGlobals)
    xMinimumEverFreeBytesRemaining           0x200000ec   Data           4  heap_4.o(.bss..L_MergedGlobals)
    xStart                                   0x200000f0   Data           8  heap_4.o(.bss..L_MergedGlobals)
    xDelayedTaskList1                        0x200000f8   Data          20  tasks.o(.bss..L_MergedGlobals.1)
    [Anonymous Symbol]                       0x200000f8   Section        0  tasks.o(.bss..L_MergedGlobals.1)
    xDelayedTaskList2                        0x2000010c   Data          20  tasks.o(.bss..L_MergedGlobals.1)
    Tim3_IRQHandler.i                        0x20000128   Data           1  hd_gpt_timer.o(.bss.Tim3_IRQHandler.i)
    [Anonymous Symbol]                       0x20000128   Section        0  hd_gpt_timer.o(.bss.Tim3_IRQHandler.i)
    pxReadyTasksLists                        0x20000130   Data         140  tasks.o(.bss.pxReadyTasksLists)
    [Anonymous Symbol]                       0x20000130   Section        0  tasks.o(.bss.pxReadyTasksLists)
    ucHeap                                   0x200001bd   Data        3072  heap_4.o(.bss.ucHeap)
    [Anonymous Symbol]                       0x200001bd   Section        0  heap_4.o(.bss.ucHeap)
    Heap_Mem                                 0x20000dc0   Data         512  startup_hc32f072.o(HEAP)
    HEAP                                     0x20000dc0   Section      512  startup_hc32f072.o(HEAP)
    Stack_Mem                                0x20000fc0   Data         512  startup_hc32f072.o(STACK)
    STACK                                    0x20000fc0   Section      512  startup_hc32f072.o(STACK)
    __initial_sp                             0x200011c0   Data           0  startup_hc32f072.o(STACK)

    Global Symbols

    Symbol Name                              Value     Ov Type        Size  Object(Section)

    BuildAttributes$$THM_ISAv3M$S$PE$A:L22$X:L11$S22$IEEE1$IW$~IW$USESV6$~STKCKD$USESV7$~SHL$OSPACE$ROPI$EBA8$UX$STANDARDLIB$REQ8$PRES8$EABIv2 0x00000000   Number         0  anon$$obj.o ABSOLUTE
    __Vectors                                0x00000000   Data           0  startup_hc32f072.o(RESET)
    Can_IRQHandler                            - Undefined Weak Reference
    ClkTrim_IRQHandler                        - Undefined Weak Reference
    Cts_IRQHandler                            - Undefined Weak Reference
    Dac_IRQHandler                            - Undefined Weak Reference
    Dmac_IRQHandler                           - Undefined Weak Reference
    Flash_IRQHandler                          - Undefined Weak Reference
    I2c0_IRQHandler                           - Undefined Weak Reference
    I2c1_IRQHandler                           - Undefined Weak Reference
    I2s0_IRQHandler                           - Undefined Weak Reference
    I2s1_IRQHandler                           - Undefined Weak Reference
    LpUart0_IRQHandler                        - Undefined Weak Reference
    LpUart1_IRQHandler                        - Undefined Weak Reference
    Lvd_IRQHandler                            - Undefined Weak Reference
    Pca_IRQHandler                            - Undefined Weak Reference
    PortA_IRQHandler                          - Undefined Weak Reference
    PortB_IRQHandler                          - Undefined Weak Reference
    PortC_IRQHandler                          - Undefined Weak Reference
    PortD_IRQHandler                          - Undefined Weak Reference
    PortE_IRQHandler                          - Undefined Weak Reference
    PortF_IRQHandler                          - Undefined Weak Reference
    Ram_IRQHandler                            - Undefined Weak Reference
    Spi0_IRQHandler                           - Undefined Weak Reference
    Spi1_IRQHandler                           - Undefined Weak Reference
    Tim0_IRQHandler                           - Undefined Weak Reference
    Tim1_IRQHandler                           - Undefined Weak Reference
    Tim2_IRQHandler                           - Undefined Weak Reference
    Tim4_IRQHandler                           - Undefined Weak Reference
    Tim5_IRQHandler                           - Undefined Weak Reference
    Tim6_IRQHandler                           - Undefined Weak Reference
    Uart0_IRQHandler                          - Undefined Weak Reference
    Uart2_IRQHandler                          - Undefined Weak Reference
    Uart3_IRQHandler                          - Undefined Weak Reference
    Usbfs_IRQHandler                          - Undefined Weak Reference
    Vc0_IRQHandler                            - Undefined Weak Reference
    Vc1_IRQHandler                            - Undefined Weak Reference
    Vc2_IRQHandler                            - Undefined Weak Reference
    Wdt_IRQHandler                            - Undefined Weak Reference
    __ARM_exceptions_init                     - Undefined Weak Reference
    __alloca_initialize                       - Undefined Weak Reference
    __arm_preinit_                            - Undefined Weak Reference
    __cpp_initialize__aeabi_                  - Undefined Weak Reference
    __cxa_finalize                            - Undefined Weak Reference
    __rt_locale                               - Undefined Weak Reference
    __sigvec_lookup                           - Undefined Weak Reference
    _atexit_init                              - Undefined Weak Reference
    _call_atexit_fns                          - Undefined Weak Reference
    _clock_init                               - Undefined Weak Reference
    _fp_trap_init                             - Undefined Weak Reference
    _fp_trap_shutdown                         - Undefined Weak Reference
    _get_lc_collate                           - Undefined Weak Reference
    _get_lc_ctype                             - Undefined Weak Reference
    _get_lc_monetary                          - Undefined Weak Reference
    _get_lc_numeric                           - Undefined Weak Reference
    _get_lc_time                              - Undefined Weak Reference
    _getenv_init                              - Undefined Weak Reference
    _handle_redirection                       - Undefined Weak Reference
    _init_alloc                               - Undefined Weak Reference
    _init_user_alloc                          - Undefined Weak Reference
    _initio                                   - Undefined Weak Reference
    _rand_init                                - Undefined Weak Reference
    _signal_finish                            - Undefined Weak Reference
    _signal_init                              - Undefined Weak Reference
    _terminate_alloc                          - Undefined Weak Reference
    _terminate_user_alloc                     - Undefined Weak Reference
    _terminateio                              - Undefined Weak Reference
    __Vectors_End                            0x000000c0   Data           0  startup_hc32f072.o(RESET)
    __Vectors_Size                           0x000000c0   Number         0  startup_hc32f072.o ABSOLUTE
    __main                                   0x000000c1   Thumb Code     8  __main.o(!!!main)
    __scatterload                            0x000000c9   Thumb Code     0  __scatter.o(!!!scatter)
    __scatterload_rt2                        0x000000c9   Thumb Code    52  __scatter.o(!!!scatter)
    __scatterload_rt2_thumb_only             0x000000c9   Thumb Code     0  __scatter.o(!!!scatter)
    __scatterload_null                       0x000000d9   Thumb Code     0  __scatter.o(!!!scatter)
    __scatterload_copy                       0x00000105   Thumb Code    26  __scatter_copy.o(!!handler_copy)
    __scatterload_zeroinit                   0x00000121   Thumb Code    28  __scatter_zi.o(!!handler_zi)
    __rt_lib_init                            0x0000013d   Thumb Code     0  libinit.o(.ARM.Collect$$libinit$$00000000)
    __rt_lib_init_alloca_1                   0x0000013f   Thumb Code     0  libinit2.o(.ARM.Collect$$libinit$$0000002E)
    __rt_lib_init_argv_1                     0x0000013f   Thumb Code     0  libinit2.o(.ARM.Collect$$libinit$$0000002C)
    __rt_lib_init_atexit_1                   0x0000013f   Thumb Code     0  libinit2.o(.ARM.Collect$$libinit$$0000001B)
    __rt_lib_init_clock_1                    0x0000013f   Thumb Code     0  libinit2.o(.ARM.Collect$$libinit$$00000021)
    __rt_lib_init_cpp_1                      0x0000013f   Thumb Code     0  libinit2.o(.ARM.Collect$$libinit$$00000032)
    __rt_lib_init_exceptions_1               0x0000013f   Thumb Code     0  libinit2.o(.ARM.Collect$$libinit$$00000030)
    __rt_lib_init_fp_1                       0x0000013f   Thumb Code     0  libinit2.o(.ARM.Collect$$libinit$$00000002)
    __rt_lib_init_fp_trap_1                  0x0000013f   Thumb Code     0  libinit2.o(.ARM.Collect$$libinit$$0000001F)
    __rt_lib_init_getenv_1                   0x0000013f   Thumb Code     0  libinit2.o(.ARM.Collect$$libinit$$00000023)
    __rt_lib_init_heap_1                     0x0000013f   Thumb Code     0  libinit2.o(.ARM.Collect$$libinit$$0000000A)
    __rt_lib_init_lc_collate_1               0x0000013f   Thumb Code     0  libinit2.o(.ARM.Collect$$libinit$$00000011)
    __rt_lib_init_lc_ctype_1                 0x0000013f   Thumb Code     0  libinit2.o(.ARM.Collect$$libinit$$00000013)
    __rt_lib_init_lc_monetary_1              0x0000013f   Thumb Code     0  libinit2.o(.ARM.Collect$$libinit$$00000015)
    __rt_lib_init_lc_numeric_1               0x0000013f   Thumb Code     0  libinit2.o(.ARM.Collect$$libinit$$00000017)
    __rt_lib_init_lc_time_1                  0x0000013f   Thumb Code     0  libinit2.o(.ARM.Collect$$libinit$$00000019)
    __rt_lib_init_preinit_1                  0x0000013f   Thumb Code     0  libinit2.o(.ARM.Collect$$libinit$$00000004)
    __rt_lib_init_rand_1                     0x0000013f   Thumb Code     0  libinit2.o(.ARM.Collect$$libinit$$0000000E)
    __rt_lib_init_return                     0x0000013f   Thumb Code     0  libinit2.o(.ARM.Collect$$libinit$$00000033)
    __rt_lib_init_signal_1                   0x0000013f   Thumb Code     0  libinit2.o(.ARM.Collect$$libinit$$0000001D)
    __rt_lib_init_stdio_1                    0x0000013f   Thumb Code     0  libinit2.o(.ARM.Collect$$libinit$$00000025)
    __rt_lib_init_user_alloc_1               0x0000013f   Thumb Code     0  libinit2.o(.ARM.Collect$$libinit$$0000000C)
    __rt_lib_shutdown                        0x00000141   Thumb Code     0  libshutdown.o(.ARM.Collect$$libshutdown$$00000000)
    __rt_lib_shutdown_cpp_1                  0x00000143   Thumb Code     0  libshutdown2.o(.ARM.Collect$$libshutdown$$00000002)
    __rt_lib_shutdown_fp_trap_1              0x00000143   Thumb Code     0  libshutdown2.o(.ARM.Collect$$libshutdown$$00000007)
    __rt_lib_shutdown_heap_1                 0x00000143   Thumb Code     0  libshutdown2.o(.ARM.Collect$$libshutdown$$0000000F)
    __rt_lib_shutdown_return                 0x00000143   Thumb Code     0  libshutdown2.o(.ARM.Collect$$libshutdown$$00000010)
    __rt_lib_shutdown_signal_1               0x00000143   Thumb Code     0  libshutdown2.o(.ARM.Collect$$libshutdown$$0000000A)
    __rt_lib_shutdown_stdio_1                0x00000143   Thumb Code     0  libshutdown2.o(.ARM.Collect$$libshutdown$$00000004)
    __rt_lib_shutdown_user_alloc_1           0x00000143   Thumb Code     0  libshutdown2.o(.ARM.Collect$$libshutdown$$0000000C)
    __rt_entry                               0x00000145   Thumb Code     0  __rtentry.o(.ARM.Collect$$rtentry$$00000000)
    __rt_entry_presh_1                       0x00000145   Thumb Code     0  __rtentry2.o(.ARM.Collect$$rtentry$$00000002)
    __rt_entry_sh                            0x00000145   Thumb Code     0  __rtentry4.o(.ARM.Collect$$rtentry$$00000004)
    __rt_entry_li                            0x0000014b   Thumb Code     0  __rtentry2.o(.ARM.Collect$$rtentry$$0000000A)
    __rt_entry_postsh_1                      0x0000014b   Thumb Code     0  __rtentry2.o(.ARM.Collect$$rtentry$$00000009)
    __rt_entry_main                          0x0000014f   Thumb Code     0  __rtentry2.o(.ARM.Collect$$rtentry$$0000000D)
    __rt_entry_postli_1                      0x0000014f   Thumb Code     0  __rtentry2.o(.ARM.Collect$$rtentry$$0000000C)
    __rt_exit                                0x00000157   Thumb Code     0  rtexit.o(.ARM.Collect$$rtexit$$00000000)
    __rt_exit_ls                             0x00000159   Thumb Code     0  rtexit2.o(.ARM.Collect$$rtexit$$00000003)
    __rt_exit_prels_1                        0x00000159   Thumb Code     0  rtexit2.o(.ARM.Collect$$rtexit$$00000002)
    __rt_exit_exit                           0x0000015d   Thumb Code     0  rtexit2.o(.ARM.Collect$$rtexit$$00000004)
    Reset_Handler                            0x00000165   Thumb Code    26  startup_hc32f072.o(.text)
    NMI_Handler                              0x0000017f   Thumb Code     2  startup_hc32f072.o(.text)
    Dummy_Handler                            0x00000189   Thumb Code     0  startup_hc32f072.o(.text)
    __user_initial_stackheap                 0x0000018d   Thumb Code     0  startup_hc32f072.o(.text)
    __aeabi_uidiv                            0x000001bd   Thumb Code     0  aeabi_sdiv.o(.text)
    __aeabi_uidivmod                         0x000001bd   Thumb Code    20  aeabi_sdiv.o(.text)
    __aeabi_idiv                             0x000001d1   Thumb Code     0  aeabi_sdiv.o(.text)
    __aeabi_idivmod                          0x000001d1   Thumb Code   338  aeabi_sdiv.o(.text)
    __use_two_region_memory                  0x00000329   Thumb Code     2  heapauxi.o(.text)
    __rt_heap_escrow$2region                 0x0000032b   Thumb Code     2  heapauxi.o(.text)
    __rt_heap_expand$2region                 0x0000032d   Thumb Code     2  heapauxi.o(.text)
    __user_setup_stackheap                   0x0000032f   Thumb Code    62  sys_stackheap_outer.o(.text)
    exit                                     0x0000036d   Thumb Code    16  exit.o(.text)
    __user_libspace                          0x0000037d   Thumb Code     8  libspace.o(.text)
    __user_perproc_libspace                  0x0000037d   Thumb Code     0  libspace.o(.text)
    __user_perthread_libspace                0x0000037d   Thumb Code     0  libspace.o(.text)
    _sys_exit                                0x00000385   Thumb Code     8  sys_exit.o(.text)
    __I$use$semihosting                      0x00000391   Thumb Code     0  use_no_semi.o(.text)
    __use_no_semihosting_swi                 0x00000391   Thumb Code     2  use_no_semi.o(.text)
    ADC_DAC_IRQHandler                       0x00000393   Thumb Code    12  interrupts_hc32f072.o(.text.ADC_DAC_IRQHandler)
    __semihosting_library_function           0x00000393   Thumb Code     0  indicate_semi.o(.text)
    Adc_ClrIrqStatus                         0x000003a1   Thumb Code    16  adc.o(.text.Adc_ClrIrqStatus)
    Adc_GetIrqStatus                         0x000003b1   Thumb Code    20  adc.o(.text.Adc_GetIrqStatus)
    Adc_GetSglResult                         0x000003c5   Thumb Code    12  adc.o(.text.Adc_GetSglResult)
    Adc_IRQHandler                           0x000003d1   Thumb Code    32  hd_adc.o(.text.Adc_IRQHandler)
    Adc_SGL_Start                            0x000003f1   Thumb Code    12  adc.o(.text.Adc_SGL_Start)
    CAN_IRQHandler                           0x000003fd   Thumb Code     8  interrupts_hc32f072.o(.text.CAN_IRQHandler)
    CLKTRIM_CTS_IRQHandler                   0x00000405   Thumb Code    12  interrupts_hc32f072.o(.text.CLKTRIM_CTS_IRQHandler)
    DMAC_IRQHandler                          0x00000411   Thumb Code     8  interrupts_hc32f072.o(.text.DMAC_IRQHandler)
    FLASH_RAM_IRQHandler                     0x00000419   Thumb Code    12  interrupts_hc32f072.o(.text.FLASH_RAM_IRQHandler)
    Flash_WaitCycle                          0x00000425   Thumb Code    40  flash.o(.text.Flash_WaitCycle)
    GetBit                                   0x0000044d   Thumb Code    10  ddl.o(.text.GetBit)
    Gpio_ClrIO                               0x00000459   Thumb Code    20  gpio.o(.text.Gpio_ClrIO)
    Gpio_Init                                0x0000046d   Thumb Code   124  gpio.o(.text.Gpio_Init)
    Gpio_SetAfMode                           0x000004e9   Thumb Code    16  gpio.o(.text.Gpio_SetAfMode)
    Gpio_SetIO                               0x000004f9   Thumb Code    20  gpio.o(.text.Gpio_SetIO)
    Gpio_SfHClkOutputConfig                  0x0000050d   Thumb Code    44  gpio.o(.text.Gpio_SfHClkOutputConfig)
    HardFault_Handler                        0x00000539   Thumb Code    16  interrupts_hc32f072.o(.text.HardFault_Handler)
    I2C0_IRQHandler                          0x00000549   Thumb Code     8  interrupts_hc32f072.o(.text.I2C0_IRQHandler)
    I2C1_IRQHandler                          0x00000551   Thumb Code     8  interrupts_hc32f072.o(.text.I2C1_IRQHandler)
    LPUART0_IRQHandler                       0x00000559   Thumb Code     8  interrupts_hc32f072.o(.text.LPUART0_IRQHandler)
    LPUART1_IRQHandler                       0x00000561   Thumb Code     8  interrupts_hc32f072.o(.text.LPUART1_IRQHandler)
    PCA_IRQHandler                           0x00000569   Thumb Code     8  interrupts_hc32f072.o(.text.PCA_IRQHandler)
    PORTA_IRQHandler                         0x00000571   Thumb Code     8  interrupts_hc32f072.o(.text.PORTA_IRQHandler)
    PORTB_IRQHandler                         0x00000579   Thumb Code     8  interrupts_hc32f072.o(.text.PORTB_IRQHandler)
    PORTC_E_IRQHandler                       0x00000581   Thumb Code    12  interrupts_hc32f072.o(.text.PORTC_E_IRQHandler)
    PORTD_F_IRQHandler                       0x0000058d   Thumb Code    12  interrupts_hc32f072.o(.text.PORTD_F_IRQHandler)
    PendSV_Handler                           0x000005a1   Thumb Code    68  port.o(.text.PendSV_Handler)
    Port_init                                0x000005e5   Thumb Code   120  hd_gpio.o(.text.Port_init)
    SPI0_I2S0_IRQHandler                     0x0000065d   Thumb Code    12  interrupts_hc32f072.o(.text.SPI0_I2S0_IRQHandler)
    SPI1_I2S1_IRQHandler                     0x00000669   Thumb Code    12  interrupts_hc32f072.o(.text.SPI1_I2S1_IRQHandler)
    SVC_Handler                              0x00000675   Thumb Code     2  port.o(.text.SVC_Handler)
    SetBit                                   0x00000677   Thumb Code    22  ddl.o(.text.SetBit)
    SysTick_Handler                          0x0000068d   Thumb Code    36  port.o(.text.SysTick_Handler)
    Sysctrl_ClkInit                          0x000006b1   Thumb Code   156  sysctrl.o(.text.Sysctrl_ClkInit)
    Sysctrl_ClkSourceEnable                  0x0000074d   Thumb Code   224  sysctrl.o(.text.Sysctrl_ClkSourceEnable)
    Sysctrl_GetHClkFreq                      0x0000082d   Thumb Code   228  sysctrl.o(.text.Sysctrl_GetHClkFreq)
    Sysctrl_SetHCLKDiv                       0x00000911   Thumb Code    32  sysctrl.o(.text.Sysctrl_SetHCLKDiv)
    Sysctrl_SetPCLKDiv                       0x00000931   Thumb Code    32  sysctrl.o(.text.Sysctrl_SetPCLKDiv)
    Sysctrl_SetPLLFreq                       0x00000951   Thumb Code   172  sysctrl.o(.text.Sysctrl_SetPLLFreq)
    Sysctrl_SetPeripheralGate                0x000009fd   Thumb Code    32  sysctrl.o(.text.Sysctrl_SetPeripheralGate)
    Sysctrl_SetRCHTrim                       0x00000a1d   Thumb Code    40  sysctrl.o(.text.Sysctrl_SetRCHTrim)
    Sysctrl_SetRCLTrim                       0x00000a45   Thumb Code    44  sysctrl.o(.text.Sysctrl_SetRCLTrim)
    Sysctrl_SysClkSwitch                     0x00000a71   Thumb Code    48  sysctrl.o(.text.Sysctrl_SysClkSwitch)
    SystemCoreClockUpdate                    0x00000aa1   Thumb Code    16  system_hc32f072.o(.text.SystemCoreClockUpdate)
    SystemInit                               0x00000ab1   Thumb Code     8  system_hc32f072.o(.text.SystemInit)
    TIM0_IRQHandler                          0x00000ab9   Thumb Code     8  interrupts_hc32f072.o(.text.TIM0_IRQHandler)
    TIM1_IRQHandler                          0x00000ac1   Thumb Code     8  interrupts_hc32f072.o(.text.TIM1_IRQHandler)
    TIM2_IRQHandler                          0x00000ac9   Thumb Code     8  interrupts_hc32f072.o(.text.TIM2_IRQHandler)
    TIM3_IRQHandler                          0x00000ad1   Thumb Code     8  interrupts_hc32f072.o(.text.TIM3_IRQHandler)
    TIM4_IRQHandler                          0x00000ad9   Thumb Code     8  interrupts_hc32f072.o(.text.TIM4_IRQHandler)
    TIM5_IRQHandler                          0x00000ae1   Thumb Code     8  interrupts_hc32f072.o(.text.TIM5_IRQHandler)
    TIM6_IRQHandler                          0x00000ae9   Thumb Code     8  interrupts_hc32f072.o(.text.TIM6_IRQHandler)
    Task_Test                                0x00000af1   Thumb Code    68  app_task.o(.text.Task_Test)
    Tim3_ClearIntFlag                        0x00000b35   Thumb Code    20  timer3.o(.text.Tim3_ClearIntFlag)
    Tim3_GetIntFlag                          0x00000b49   Thumb Code    16  timer3.o(.text.Tim3_GetIntFlag)
    Tim3_IRQHandler                          0x00000b59   Thumb Code    64  hd_gpt_timer.o(.text.Tim3_IRQHandler)
    UART0_2_IRQHandler                       0x00000b99   Thumb Code    12  interrupts_hc32f072.o(.text.UART0_2_IRQHandler)
    UART1_3_IRQHandler                       0x00000ba5   Thumb Code    12  interrupts_hc32f072.o(.text.UART1_3_IRQHandler)
    USBFS_IRQHandler                         0x00000bb1   Thumb Code     8  interrupts_hc32f072.o(.text.USBFS_IRQHandler)
    Uart1_IRQHandler                         0x00000bb9   Thumb Code    64  hd_uart1.o(.text.Uart1_IRQHandler)
    Uart_ClrStatus                           0x00000bf9   Thumb Code    16  uart.o(.text.Uart_ClrStatus)
    Uart_GetStatus                           0x00000c09   Thumb Code    10  uart.o(.text.Uart_GetStatus)
    Uart_ReceiveData                         0x00000c13   Thumb Code     6  uart.o(.text.Uart_ReceiveData)
    VC0_1_2_LVD_IRQHandler                   0x00000c19   Thumb Code    20  interrupts_hc32f072.o(.text.VC0_1_2_LVD_IRQHandler)
    WDT_IRQHandler                           0x00000c2d   Thumb Code     8  interrupts_hc32f072.o(.text.WDT_IRQHandler)
    main                                     0x00000c35   Thumb Code   152  main.o(.text.main)
    osSystickHandler                         0x00000ccd   Thumb Code    16  cmsis_os.o(.text.osSystickHandler)
    os_task_init                             0x00000cdd   Thumb Code    48  app_task.o(.text.os_task_init)
    pvPortMalloc                             0x00000e3d   Thumb Code   260  heap_4.o(.text.pvPortMalloc)
    pxPortInitialiseStack                    0x00000f41   Thumb Code    44  port.o(.text.pxPortInitialiseStack)
    ulSetInterruptMaskFromISR                0x00000f6d   Thumb Code     8  port.o(.text.ulSetInterruptMaskFromISR)
    uxListRemove                             0x00000f75   Thumb Code    32  list.o(.text.uxListRemove)
    vClearInterruptMaskFromISR               0x00000f95   Thumb Code     6  port.o(.text.vClearInterruptMaskFromISR)
    vListInitialise                          0x00000f9b   Thumb Code    16  list.o(.text.vListInitialise)
    vListInitialiseItem                      0x00000fab   Thumb Code     6  list.o(.text.vListInitialiseItem)
    vListInsert                              0x00000fb1   Thumb Code    46  list.o(.text.vListInsert)
    vListInsertEnd                           0x00000fdf   Thumb Code    24  list.o(.text.vListInsertEnd)
    vPortEnterCritical                       0x00000ff9   Thumb Code    20  port.o(.text.vPortEnterCritical)
    vPortExitCritical                        0x0000100d   Thumb Code    24  port.o(.text.vPortExitCritical)
    vPortFree                                0x00001025   Thumb Code    80  heap_4.o(.text.vPortFree)
    vPortSetupTimerInterrupt                 0x00001075   Thumb Code    40  port.o(.text.vPortSetupTimerInterrupt)
    vPortYield                               0x000010d5   Thumb Code    24  port.o(.text.vPortYield)
    vTaskDelay                               0x000010ed   Thumb Code    48  tasks.o(.text.vTaskDelay)
    vTaskStartScheduler                      0x0000111d   Thumb Code    72  tasks.o(.text.vTaskStartScheduler)
    vTaskSuspendAll                          0x00001165   Thumb Code    12  tasks.o(.text.vTaskSuspendAll)
    vTaskSwitchContext                       0x00001171   Thumb Code    92  tasks.o(.text.vTaskSwitchContext)
    xPortStartScheduler                      0x000011cd   Thumb Code    56  port.o(.text.xPortStartScheduler)
    xTaskCreate                              0x00001205   Thumb Code   368  tasks.o(.text.xTaskCreate)
    xTaskGetSchedulerState                   0x00001375   Thumb Code    24  tasks.o(.text.xTaskGetSchedulerState)
    xTaskIncrementTick                       0x0000138d   Thumb Code   196  tasks.o(.text.xTaskIncrementTick)
    xTaskResumeAll                           0x00001451   Thumb Code   176  tasks.o(.text.xTaskResumeAll)
    Region$$Table$$Base                      0x00001500   Number         0  anon$$obj.o(Region$$Table)
    Region$$Table$$Limit                     0x00001520   Number         0  anon$$obj.o(Region$$Table)
    SystemCoreClock                          0x20000000   Data           4  system_hc32f072.o(.data.SystemCoreClock)
    __libspace_start                         0x20000008   Data          96  libspace.o(.bss)
    __temporary_stack_top$libspace           0x20000068   Data           0  libspace.o(.bss)
    pxCurrentTCB                             0x20000068   Data           4  tasks.o(.bss..L_MergedGlobals)
    Adc_result                               0x20000120   Data           2  hd_adc.o(.bss.Adc_result)
    Hd_Test_Task                             0x20000124   Data           4  app_task.o(.bss.Hd_Test_Task)
    clk_data                                 0x2000012c   Data           4  main.o(.bss.clk_data)
    u8RxData                                 0x200001bc   Data           1  hd_uart1.o(.bss.u8RxData)



==============================================================================

Memory Map of the image

  Image Entry point : 0x000000c1

  Load Region LR_IROM1 (Base: 0x00000000, Size: 0x00001528, Max: 0x00020000, ABSOLUTE)

    Execution Region ER_IROM1 (Exec base: 0x00000000, Load base: 0x00000000, Size: 0x00001520, Max: 0x00020000, ABSOLUTE)

    Exec Addr    Load Addr    Size         Type   Attr      Idx    E Section Name        Object

    0x00000000   0x00000000   0x000000c0   Data   RO         1739    RESET               startup_hc32f072.o
    0x000000c0   0x000000c0   0x00000008   Code   RO         1820  * !!!main             c_p.l(__main.o)
    0x000000c8   0x000000c8   0x0000003c   Code   RO         1991    !!!scatter          c_p.l(__scatter.o)
    0x00000104   0x00000104   0x0000001a   Code   RO         1993    !!handler_copy      c_p.l(__scatter_copy.o)
    0x0000011e   0x0000011e   0x00000002   PAD
    0x00000120   0x00000120   0x0000001c   Code   RO         1995    !!handler_zi        c_p.l(__scatter_zi.o)
    0x0000013c   0x0000013c   0x00000002   Code   RO         1858    .ARM.Collect$$libinit$$00000000  c_p.l(libinit.o)
    0x0000013e   0x0000013e   0x00000000   Code   RO         1872    .ARM.Collect$$libinit$$00000002  c_p.l(libinit2.o)
    0x0000013e   0x0000013e   0x00000000   Code   RO         1874    .ARM.Collect$$libinit$$00000004  c_p.l(libinit2.o)
    0x0000013e   0x0000013e   0x00000000   Code   RO         1877    .ARM.Collect$$libinit$$0000000A  c_p.l(libinit2.o)
    0x0000013e   0x0000013e   0x00000000   Code   RO         1879    .ARM.Collect$$libinit$$0000000C  c_p.l(libinit2.o)
    0x0000013e   0x0000013e   0x00000000   Code   RO         1881    .ARM.Collect$$libinit$$0000000E  c_p.l(libinit2.o)
    0x0000013e   0x0000013e   0x00000000   Code   RO         1884    .ARM.Collect$$libinit$$00000011  c_p.l(libinit2.o)
    0x0000013e   0x0000013e   0x00000000   Code   RO         1886    .ARM.Collect$$libinit$$00000013  c_p.l(libinit2.o)
    0x0000013e   0x0000013e   0x00000000   Code   RO         1888    .ARM.Collect$$libinit$$00000015  c_p.l(libinit2.o)
    0x0000013e   0x0000013e   0x00000000   Code   RO         1890    .ARM.Collect$$libinit$$00000017  c_p.l(libinit2.o)
    0x0000013e   0x0000013e   0x00000000   Code   RO         1892    .ARM.Collect$$libinit$$00000019  c_p.l(libinit2.o)
    0x0000013e   0x0000013e   0x00000000   Code   RO         1894    .ARM.Collect$$libinit$$0000001B  c_p.l(libinit2.o)
    0x0000013e   0x0000013e   0x00000000   Code   RO         1896    .ARM.Collect$$libinit$$0000001D  c_p.l(libinit2.o)
    0x0000013e   0x0000013e   0x00000000   Code   RO         1898    .ARM.Collect$$libinit$$0000001F  c_p.l(libinit2.o)
    0x0000013e   0x0000013e   0x00000000   Code   RO         1900    .ARM.Collect$$libinit$$00000021  c_p.l(libinit2.o)
    0x0000013e   0x0000013e   0x00000000   Code   RO         1902    .ARM.Collect$$libinit$$00000023  c_p.l(libinit2.o)
    0x0000013e   0x0000013e   0x00000000   Code   RO         1904    .ARM.Collect$$libinit$$00000025  c_p.l(libinit2.o)
    0x0000013e   0x0000013e   0x00000000   Code   RO         1908    .ARM.Collect$$libinit$$0000002C  c_p.l(libinit2.o)
    0x0000013e   0x0000013e   0x00000000   Code   RO         1910    .ARM.Collect$$libinit$$0000002E  c_p.l(libinit2.o)
    0x0000013e   0x0000013e   0x00000000   Code   RO         1912    .ARM.Collect$$libinit$$00000030  c_p.l(libinit2.o)
    0x0000013e   0x0000013e   0x00000000   Code   RO         1914    .ARM.Collect$$libinit$$00000032  c_p.l(libinit2.o)
    0x0000013e   0x0000013e   0x00000002   Code   RO         1915    .ARM.Collect$$libinit$$00000033  c_p.l(libinit2.o)
    0x00000140   0x00000140   0x00000002   Code   RO         1946    .ARM.Collect$$libshutdown$$00000000  c_p.l(libshutdown.o)
    0x00000142   0x00000142   0x00000000   Code   RO         1974    .ARM.Collect$$libshutdown$$00000002  c_p.l(libshutdown2.o)
    0x00000142   0x00000142   0x00000000   Code   RO         1976    .ARM.Collect$$libshutdown$$00000004  c_p.l(libshutdown2.o)
    0x00000142   0x00000142   0x00000000   Code   RO         1979    .ARM.Collect$$libshutdown$$00000007  c_p.l(libshutdown2.o)
    0x00000142   0x00000142   0x00000000   Code   RO         1982    .ARM.Collect$$libshutdown$$0000000A  c_p.l(libshutdown2.o)
    0x00000142   0x00000142   0x00000000   Code   RO         1984    .ARM.Collect$$libshutdown$$0000000C  c_p.l(libshutdown2.o)
    0x00000142   0x00000142   0x00000000   Code   RO         1987    .ARM.Collect$$libshutdown$$0000000F  c_p.l(libshutdown2.o)
    0x00000142   0x00000142   0x00000002   Code   RO         1988    .ARM.Collect$$libshutdown$$00000010  c_p.l(libshutdown2.o)
    0x00000144   0x00000144   0x00000000   Code   RO         1822    .ARM.Collect$$rtentry$$00000000  c_p.l(__rtentry.o)
    0x00000144   0x00000144   0x00000000   Code   RO         1828    .ARM.Collect$$rtentry$$00000002  c_p.l(__rtentry2.o)
    0x00000144   0x00000144   0x00000006   Code   RO         1840    .ARM.Collect$$rtentry$$00000004  c_p.l(__rtentry4.o)
    0x0000014a   0x0000014a   0x00000000   Code   RO         1830    .ARM.Collect$$rtentry$$00000009  c_p.l(__rtentry2.o)
    0x0000014a   0x0000014a   0x00000004   Code   RO         1831    .ARM.Collect$$rtentry$$0000000A  c_p.l(__rtentry2.o)
    0x0000014e   0x0000014e   0x00000000   Code   RO         1833    .ARM.Collect$$rtentry$$0000000C  c_p.l(__rtentry2.o)
    0x0000014e   0x0000014e   0x00000008   Code   RO         1834    .ARM.Collect$$rtentry$$0000000D  c_p.l(__rtentry2.o)
    0x00000156   0x00000156   0x00000002   Code   RO         1863    .ARM.Collect$$rtexit$$00000000  c_p.l(rtexit.o)
    0x00000158   0x00000158   0x00000000   Code   RO         1921    .ARM.Collect$$rtexit$$00000002  c_p.l(rtexit2.o)
    0x00000158   0x00000158   0x00000004   Code   RO         1922    .ARM.Collect$$rtexit$$00000003  c_p.l(rtexit2.o)
    0x0000015c   0x0000015c   0x00000006   Code   RO         1923    .ARM.Collect$$rtexit$$00000004  c_p.l(rtexit2.o)
    0x00000162   0x00000162   0x00000002   PAD
    0x00000164   0x00000164   0x00000058   Code   RO         1740    .text               startup_hc32f072.o
    0x000001bc   0x000001bc   0x0000016c   Code   RO         1814    .text               c_p.l(aeabi_sdiv.o)
    0x00000328   0x00000328   0x00000006   Code   RO         1818    .text               c_p.l(heapauxi.o)
    0x0000032e   0x0000032e   0x0000003e   Code   RO         1844    .text               c_p.l(sys_stackheap_outer.o)
    0x0000036c   0x0000036c   0x00000010   Code   RO         1847    .text               c_p.l(exit.o)
    0x0000037c   0x0000037c   0x00000008   Code   RO         1859    .text               c_p.l(libspace.o)
    0x00000384   0x00000384   0x0000000c   Code   RO         1916    .text               c_p.l(sys_exit.o)
    0x00000390   0x00000390   0x00000002   Code   RO         1935    .text               c_p.l(use_no_semi.o)
    0x00000392   0x00000392   0x00000000   Code   RO         1937    .text               c_p.l(indicate_semi.o)
    0x00000392   0x00000392   0x0000000c   Code   RO         1704    .text.ADC_DAC_IRQHandler  interrupts_hc32f072.o
    0x0000039e   0x0000039e   0x00000002   PAD
    0x000003a0   0x000003a0   0x00000010   Code   RO          408    .text.Adc_ClrIrqStatus  adc.o
    0x000003b0   0x000003b0   0x00000014   Code   RO          406    .text.Adc_GetIrqStatus  adc.o
    0x000003c4   0x000003c4   0x0000000c   Code   RO          452    .text.Adc_GetSglResult  adc.o
    0x000003d0   0x000003d0   0x00000020   Code   RO         1794    .text.Adc_IRQHandler  hd_adc.o
    0x000003f0   0x000003f0   0x0000000c   Code   RO          422    .text.Adc_SGL_Start  adc.o
    0x000003fc   0x000003fc   0x00000008   Code   RO         1710    .text.CAN_IRQHandler  interrupts_hc32f072.o
    0x00000404   0x00000404   0x0000000c   Code   RO         1714    .text.CLKTRIM_CTS_IRQHandler  interrupts_hc32f072.o
    0x00000410   0x00000410   0x00000008   Code   RO         1668    .text.DMAC_IRQHandler  interrupts_hc32f072.o
    0x00000418   0x00000418   0x0000000c   Code   RO         1712    .text.FLASH_RAM_IRQHandler  interrupts_hc32f072.o
    0x00000424   0x00000424   0x00000028   Code   RO          976    .text.Flash_WaitCycle  flash.o
    0x0000044c   0x0000044c   0x0000000a   Code   RO          873    .text.GetBit        ddl.o
    0x00000456   0x00000456   0x00000002   PAD
    0x00000458   0x00000458   0x00000014   Code   RO         1006    .text.Gpio_ClrIO    gpio.o
    0x0000046c   0x0000046c   0x0000007c   Code   RO          990    .text.Gpio_Init     gpio.o
    0x000004e8   0x000004e8   0x00000010   Code   RO         1012    .text.Gpio_SetAfMode  gpio.o
    0x000004f8   0x000004f8   0x00000014   Code   RO         1002    .text.Gpio_SetIO    gpio.o
    0x0000050c   0x0000050c   0x0000002c   Code   RO         1028    .text.Gpio_SfHClkOutputConfig  gpio.o
    0x00000538   0x00000538   0x00000010   Code   RO         1658    .text.HardFault_Handler  interrupts_hc32f072.o
    0x00000548   0x00000548   0x00000008   Code   RO         1684    .text.I2C0_IRQHandler  interrupts_hc32f072.o
    0x00000550   0x00000550   0x00000008   Code   RO         1686    .text.I2C1_IRQHandler  interrupts_hc32f072.o
    0x00000558   0x00000558   0x00000008   Code   RO         1676    .text.LPUART0_IRQHandler  interrupts_hc32f072.o
    0x00000560   0x00000560   0x00000008   Code   RO         1678    .text.LPUART1_IRQHandler  interrupts_hc32f072.o
    0x00000568   0x00000568   0x00000008   Code   RO         1700    .text.PCA_IRQHandler  interrupts_hc32f072.o
    0x00000570   0x00000570   0x00000008   Code   RO         1660    .text.PORTA_IRQHandler  interrupts_hc32f072.o
    0x00000578   0x00000578   0x00000008   Code   RO         1662    .text.PORTB_IRQHandler  interrupts_hc32f072.o
    0x00000580   0x00000580   0x0000000c   Code   RO         1664    .text.PORTC_E_IRQHandler  interrupts_hc32f072.o
    0x0000058c   0x0000058c   0x0000000c   Code   RO         1666    .text.PORTD_F_IRQHandler  interrupts_hc32f072.o
    0x00000598   0x00000598   0x00000008   PAD
    0x000005a0   0x000005a0   0x00000044   Code   RO          392    .text.PendSV_Handler  port.o
    0x000005e4   0x000005e4   0x00000078   Code   RO         1761    .text.Port_init     hd_gpio.o
    0x0000065c   0x0000065c   0x0000000c   Code   RO         1680    .text.SPI0_I2S0_IRQHandler  interrupts_hc32f072.o
    0x00000668   0x00000668   0x0000000c   Code   RO         1682    .text.SPI1_I2S1_IRQHandler  interrupts_hc32f072.o
    0x00000674   0x00000674   0x00000002   Code   RO          372    .text.SVC_Handler   port.o
    0x00000676   0x00000676   0x00000016   Code   RO          871    .text.SetBit        ddl.o
    0x0000068c   0x0000068c   0x00000024   Code   RO          394    .text.SysTick_Handler  port.o
    0x000006b0   0x000006b0   0x0000009c   Code   RO         1377    .text.Sysctrl_ClkInit  sysctrl.o
    0x0000074c   0x0000074c   0x000000e0   Code   RO         1357    .text.Sysctrl_ClkSourceEnable  sysctrl.o
    0x0000082c   0x0000082c   0x000000e4   Code   RO         1373    .text.Sysctrl_GetHClkFreq  sysctrl.o
    0x00000910   0x00000910   0x00000020   Code   RO         1379    .text.Sysctrl_SetHCLKDiv  sysctrl.o
    0x00000930   0x00000930   0x00000020   Code   RO         1381    .text.Sysctrl_SetPCLKDiv  sysctrl.o
    0x00000950   0x00000950   0x000000ac   Code   RO         1389    .text.Sysctrl_SetPLLFreq  sysctrl.o
    0x000009fc   0x000009fc   0x00000020   Code   RO         1393    .text.Sysctrl_SetPeripheralGate  sysctrl.o
    0x00000a1c   0x00000a1c   0x00000028   Code   RO         1385    .text.Sysctrl_SetRCHTrim  sysctrl.o
    0x00000a44   0x00000a44   0x0000002c   Code   RO         1391    .text.Sysctrl_SetRCLTrim  sysctrl.o
    0x00000a70   0x00000a70   0x00000030   Code   RO         1371    .text.Sysctrl_SysClkSwitch  sysctrl.o
    0x00000aa0   0x00000aa0   0x00000010   Code   RO         1725    .text.SystemCoreClockUpdate  system_hc32f072.o
    0x00000ab0   0x00000ab0   0x00000008   Code   RO         1727    .text.SystemInit    system_hc32f072.o
    0x00000ab8   0x00000ab8   0x00000008   Code   RO         1688    .text.TIM0_IRQHandler  interrupts_hc32f072.o
    0x00000ac0   0x00000ac0   0x00000008   Code   RO         1690    .text.TIM1_IRQHandler  interrupts_hc32f072.o
    0x00000ac8   0x00000ac8   0x00000008   Code   RO         1692    .text.TIM2_IRQHandler  interrupts_hc32f072.o
    0x00000ad0   0x00000ad0   0x00000008   Code   RO         1670    .text.TIM3_IRQHandler  interrupts_hc32f072.o
    0x00000ad8   0x00000ad8   0x00000008   Code   RO         1694    .text.TIM4_IRQHandler  interrupts_hc32f072.o
    0x00000ae0   0x00000ae0   0x00000008   Code   RO         1696    .text.TIM5_IRQHandler  interrupts_hc32f072.o
    0x00000ae8   0x00000ae8   0x00000008   Code   RO         1698    .text.TIM6_IRQHandler  interrupts_hc32f072.o
    0x00000af0   0x00000af0   0x00000044   Code   RO           17    .text.Task_Test     app_task.o
    0x00000b34   0x00000b34   0x00000014   Code   RO         1410    .text.Tim3_ClearIntFlag  timer3.o
    0x00000b48   0x00000b48   0x00000010   Code   RO         1408    .text.Tim3_GetIntFlag  timer3.o
    0x00000b58   0x00000b58   0x00000040   Code   RO         1747    .text.Tim3_IRQHandler  hd_gpt_timer.o
    0x00000b98   0x00000b98   0x0000000c   Code   RO         1672    .text.UART0_2_IRQHandler  interrupts_hc32f072.o
    0x00000ba4   0x00000ba4   0x0000000c   Code   RO         1674    .text.UART1_3_IRQHandler  interrupts_hc32f072.o
    0x00000bb0   0x00000bb0   0x00000008   Code   RO         1708    .text.USBFS_IRQHandler  interrupts_hc32f072.o
    0x00000bb8   0x00000bb8   0x00000040   Code   RO         1779    .text.Uart1_IRQHandler  hd_uart1.o
    0x00000bf8   0x00000bf8   0x00000010   Code   RO         1588    .text.Uart_ClrStatus  uart.o
    0x00000c08   0x00000c08   0x0000000a   Code   RO         1584    .text.Uart_GetStatus  uart.o
    0x00000c12   0x00000c12   0x00000006   Code   RO         1594    .text.Uart_ReceiveData  uart.o
    0x00000c18   0x00000c18   0x00000014   Code   RO         1706    .text.VC0_1_2_LVD_IRQHandler  interrupts_hc32f072.o
    0x00000c2c   0x00000c2c   0x00000008   Code   RO         1702    .text.WDT_IRQHandler  interrupts_hc32f072.o
    0x00000c34   0x00000c34   0x00000098   Code   RO            4    .text.main          main.o
    0x00000ccc   0x00000ccc   0x00000010   Code   RO          304    .text.osSystickHandler  cmsis_os.o
    0x00000cdc   0x00000cdc   0x00000030   Code   RO           19    .text.os_task_init  app_task.o
    0x00000d0c   0x00000d0c   0x00000050   Code   RO          143    .text.prvAddCurrentTaskToDelayedList  tasks.o
    0x00000d5c   0x00000d5c   0x00000012   Code   RO          135    .text.prvDeleteTCB  tasks.o
    0x00000d6e   0x00000d6e   0x00000002   PAD
    0x00000d70   0x00000d70   0x00000050   Code   RO          165    .text.prvIdleTask   tasks.o
    0x00000dc0   0x00000dc0   0x00000040   Code   RO          347    .text.prvInsertBlockIntoFreeList  heap_4.o
    0x00000e00   0x00000e00   0x00000020   Code   RO          137    .text.prvResetNextTaskUnblockTime  tasks.o
    0x00000e20   0x00000e20   0x0000001c   Code   RO          370    .text.prvTaskExitError  port.o
    0x00000e3c   0x00000e3c   0x00000104   Code   RO          345    .text.pvPortMalloc  heap_4.o
    0x00000f40   0x00000f40   0x0000002c   Code   RO          368    .text.pxPortInitialiseStack  port.o
    0x00000f6c   0x00000f6c   0x00000008   Code   RO          388    .text.ulSetInterruptMaskFromISR  port.o
    0x00000f74   0x00000f74   0x00000020   Code   RO           66    .text.uxListRemove  list.o
    0x00000f94   0x00000f94   0x00000006   Code   RO          390    .text.vClearInterruptMaskFromISR  port.o
    0x00000f9a   0x00000f9a   0x00000010   Code   RO           58    .text.vListInitialise  list.o
    0x00000faa   0x00000faa   0x00000006   Code   RO           60    .text.vListInitialiseItem  list.o
    0x00000fb0   0x00000fb0   0x0000002e   Code   RO           64    .text.vListInsert   list.o
    0x00000fde   0x00000fde   0x00000018   Code   RO           62    .text.vListInsertEnd  list.o
    0x00000ff6   0x00000ff6   0x00000002   PAD
    0x00000ff8   0x00000ff8   0x00000014   Code   RO          384    .text.vPortEnterCritical  port.o
    0x0000100c   0x0000100c   0x00000018   Code   RO          386    .text.vPortExitCritical  port.o
    0x00001024   0x00001024   0x00000050   Code   RO          349    .text.vPortFree     heap_4.o
    0x00001074   0x00001074   0x00000028   Code   RO          376    .text.vPortSetupTimerInterrupt  port.o
    0x0000109c   0x0000109c   0x00000004   PAD
    0x000010a0   0x000010a0   0x00000034   Code   RO          378    .text.vPortStartFirstTask  port.o
    0x000010d4   0x000010d4   0x00000018   Code   RO          382    .text.vPortYield    port.o
    0x000010ec   0x000010ec   0x00000030   Code   RO          139    .text.vTaskDelay    tasks.o
    0x0000111c   0x0000111c   0x00000048   Code   RO          163    .text.vTaskStartScheduler  tasks.o
    0x00001164   0x00001164   0x0000000c   Code   RO          141    .text.vTaskSuspendAll  tasks.o
    0x00001170   0x00001170   0x0000005c   Code   RO          155    .text.vTaskSwitchContext  tasks.o
    0x000011cc   0x000011cc   0x00000038   Code   RO          374    .text.xPortStartScheduler  port.o
    0x00001204   0x00001204   0x00000170   Code   RO          131    .text.xTaskCreate   tasks.o
    0x00001374   0x00001374   0x00000018   Code   RO          195    .text.xTaskGetSchedulerState  tasks.o
    0x0000138c   0x0000138c   0x000000c4   Code   RO          169    .text.xTaskIncrementTick  tasks.o
    0x00001450   0x00001450   0x000000b0   Code   RO          145    .text.xTaskResumeAll  tasks.o
    0x00001500   0x00001500   0x00000020   Data   RO         1990    Region$$Table       anon$$obj.o


    Execution Region RW_IRAM1 (Exec base: 0x20000000, Load base: 0x00001520, Size: 0x000011c0, Max: 0x00004000, ABSOLUTE)

    Exec Addr    Load Addr    Size         Type   Attr      Idx    E Section Name        Object

    0x20000000   0x00001520   0x00000004   Data   RW         1729    .data.SystemCoreClock  system_hc32f072.o
    0x20000004   0x00001524   0x00000004   Data   RW          396    .data.uxCriticalNesting  port.o
    0x20000008        -       0x00000060   Zero   RW         1860    .bss                c_p.l(libspace.o)
    0x20000068        -       0x00000078   Zero   RW          218    .bss..L_MergedGlobals  tasks.o
    0x200000e0        -       0x00000018   Zero   RW          358    .bss..L_MergedGlobals  heap_4.o
    0x200000f8        -       0x00000028   Zero   RW          219    .bss..L_MergedGlobals.1  tasks.o
    0x20000120        -       0x00000002   Zero   RW         1798    .bss.Adc_result     hd_adc.o
    0x20000122   0x00001528   0x00000002   PAD
    0x20000124        -       0x00000004   Zero   RW           21    .bss.Hd_Test_Task   app_task.o
    0x20000128        -       0x00000001   Zero   RW         1751    .bss.Tim3_IRQHandler.i  hd_gpt_timer.o
    0x20000129   0x00001528   0x00000003   PAD
    0x2000012c        -       0x00000004   Zero   RW            6    .bss.clk_data       main.o
    0x20000130        -       0x0000008c   Zero   RW          217    .bss.pxReadyTasksLists  tasks.o
    0x200001bc        -       0x00000001   Zero   RW         1783    .bss.u8RxData       hd_uart1.o
    0x200001bd        -       0x00000c00   Zero   RW          357    .bss.ucHeap         heap_4.o
    0x20000dbd   0x00001528   0x00000003   PAD
    0x20000dc0        -       0x00000200   Zero   RW         1738    HEAP                startup_hc32f072.o
    0x20000fc0        -       0x00000200   Zero   RW         1737    STACK               startup_hc32f072.o


==============================================================================

Image component sizes


      Code (inc. data)   RO Data    RW Data    ZI Data      Debug   Object Name

        60         16          0          0          0      17612   adc.o
       116         24          0          0          4       1435   app_task.o
        16          0          0          0          0      17150   cmsis_os.o
        32          0          0          0          0       3693   ddl.o
        40         12          0          0          0       7462   flash.o
       224         28          0          0          0      63675   gpio.o
        32          4          0          0          2       5773   hd_adc.o
       120          4          0          0          0       3145   hd_gpio.o
        64          4          0          0          1       8152   hd_gpt_timer.o
        64          8          0          0          1       7192   hd_uart1.o
       404          8          0          0       3096       3145   heap_4.o
       288          0          0          0          0       5808   interrupts_hc32f072.o
       124          0          0          0          0       2053   list.o
       152         20          0          0          4      63043   main.o
       408         36          0          4          0       2766   port.o
        88         40        192          0       1024        648   startup_hc32f072.o
      1008        112          0          0          0      69219   sysctrl.o
        24          4          0          4          0        668   system_hc32f072.o
      1198         48          0          0        300      18039   tasks.o
        36          8          0          0          0      27302   timer3.o
        32          0          0          0          0       7583   uart.o

    ----------------------------------------------------------------------
      4550        380        224          8       4440     335563   Object Totals
         0          0         32          0          0          0   (incl. Generated)
        20          4          0          0          8          0   (incl. Padding)

    ----------------------------------------------------------------------

      Code (inc. data)   RO Data    RW Data    ZI Data      Debug   Library Member Name

         8          0          0          0          0         68   __main.o
         0          0          0          0          0          0   __rtentry.o
        12          0          0          0          0          0   __rtentry2.o
         6          0          0          0          0          0   __rtentry4.o
        60          8          0          0          0          0   __scatter.o
        26          0          0          0          0          0   __scatter_copy.o
        28          0          0          0          0          0   __scatter_zi.o
       364          4          0          0          0         92   aeabi_sdiv.o
        16          0          0          0          0         68   exit.o
         6          0          0          0          0        136   heapauxi.o
         0          0          0          0          0          0   indicate_semi.o
         2          0          0          0          0          0   libinit.o
         2          0          0          0          0          0   libinit2.o
         2          0          0          0          0          0   libshutdown.o
         2          0          0          0          0          0   libshutdown2.o
         8          4          0          0         96         68   libspace.o
         2          0          0          0          0          0   rtexit.o
        10          0          0          0          0          0   rtexit2.o
        12          4          0          0          0         60   sys_exit.o
        62          0          0          0          0         80   sys_stackheap_outer.o
         2          0          0          0          0         68   use_no_semi.o

    ----------------------------------------------------------------------
       634         20          0          0         96        640   Library Totals
         4          0          0          0          0          0   (incl. Padding)

    ----------------------------------------------------------------------

      Code (inc. data)   RO Data    RW Data    ZI Data      Debug   Library Name

       630         20          0          0         96        640   c_p.l

    ----------------------------------------------------------------------
       634         20          0          0         96        640   Library Totals

    ----------------------------------------------------------------------

==============================================================================


      Code (inc. data)   RO Data    RW Data    ZI Data      Debug   

      5184        400        224          8       4536     335755   Grand Totals
      5184        400        224          8       4536     335755   ELF Image Totals
      5184        400        224          8          0          0   ROM Totals

==============================================================================

    Total RO  Size (Code + RO Data)                 5408 (   5.28kB)
    Total RW  Size (RW Data + ZI Data)              4544 (   4.44kB)
    Total ROM Size (Code + RO Data + RW Data)       5416 (   5.29kB)

==============================================================================

